Archive member included to satisfy reference by file (symbol)

C:/Users/j7517/.pico-sdk/toolchain/14_2_Rel1/bin/../lib/gcc/arm-none-eabi/14.2.1/thumb/v8-m.main+fp/softfp\libstdc++.a(guard.o)
                              CMakeFiles/DCSBiosRP2350.dir/src/internal/core1_tasks.cpp.obj (__cxa_guard_acquire)
C:/Users/j7517/.pico-sdk/toolchain/14_2_Rel1/bin/../lib/gcc/arm-none-eabi/14.2.1/thumb/v8-m.main+fp/softfp\libstdc++.a(guard_error.o)
                              C:/Users/j7517/.pico-sdk/toolchain/14_2_Rel1/bin/../lib/gcc/arm-none-eabi/14.2.1/thumb/v8-m.main+fp/softfp\libstdc++.a(guard.o) (__gnu_cxx::recursive_init_error::~recursive_init_error())
C:/Users/j7517/.pico-sdk/toolchain/14_2_Rel1/bin/../lib/gcc/arm-none-eabi/14.2.1/thumb/v8-m.main+fp/softfp\libstdc++.a(si_class_type_info.o)
                              C:/Users/j7517/.pico-sdk/toolchain/14_2_Rel1/bin/../lib/gcc/arm-none-eabi/14.2.1/thumb/v8-m.main+fp/softfp\libstdc++.a(guard_error.o) (vtable for __cxxabiv1::__si_class_type_info)
C:/Users/j7517/.pico-sdk/toolchain/14_2_Rel1/bin/../lib/gcc/arm-none-eabi/14.2.1/thumb/v8-m.main+fp/softfp\libstdc++.a(tinfo.o)
                              C:/Users/j7517/.pico-sdk/toolchain/14_2_Rel1/bin/../lib/gcc/arm-none-eabi/14.2.1/thumb/v8-m.main+fp/softfp\libstdc++.a(si_class_type_info.o) (std::type_info::__is_pointer_p() const)
C:/Users/j7517/.pico-sdk/toolchain/14_2_Rel1/bin/../lib/gcc/arm-none-eabi/14.2.1/thumb/v8-m.main+fp/softfp\libstdc++.a(class_type_info.o)
                              C:/Users/j7517/.pico-sdk/toolchain/14_2_Rel1/bin/../lib/gcc/arm-none-eabi/14.2.1/thumb/v8-m.main+fp/softfp\libstdc++.a(si_class_type_info.o) (__cxxabiv1::__class_type_info::__do_upcast(__cxxabiv1::__class_type_info const*, void**) const)
C:/Users/j7517/.pico-sdk/toolchain/14_2_Rel1/bin/../lib/gcc/arm-none-eabi/14.2.1/thumb/v8-m.main+fp/softfp\libstdc++.a(eh_alloc.o)
                              C:/Users/j7517/.pico-sdk/toolchain/14_2_Rel1/bin/../lib/gcc/arm-none-eabi/14.2.1/thumb/v8-m.main+fp/softfp\libstdc++.a(guard.o) (__cxa_allocate_exception)
C:/Users/j7517/.pico-sdk/toolchain/14_2_Rel1/bin/../lib/gcc/arm-none-eabi/14.2.1/thumb/v8-m.main+fp/softfp\libstdc++.a(eh_exception.o)
                              C:/Users/j7517/.pico-sdk/toolchain/14_2_Rel1/bin/../lib/gcc/arm-none-eabi/14.2.1/thumb/v8-m.main+fp/softfp\libstdc++.a(guard_error.o) (std::exception::~exception())
C:/Users/j7517/.pico-sdk/toolchain/14_2_Rel1/bin/../lib/gcc/arm-none-eabi/14.2.1/thumb/v8-m.main+fp/softfp\libstdc++.a(eh_terminate.o)
                              C:/Users/j7517/.pico-sdk/toolchain/14_2_Rel1/bin/../lib/gcc/arm-none-eabi/14.2.1/thumb/v8-m.main+fp/softfp\libstdc++.a(eh_alloc.o) (std::terminate())
C:/Users/j7517/.pico-sdk/toolchain/14_2_Rel1/bin/../lib/gcc/arm-none-eabi/14.2.1/thumb/v8-m.main+fp/softfp\libstdc++.a(eh_throw.o)
                              C:/Users/j7517/.pico-sdk/toolchain/14_2_Rel1/bin/../lib/gcc/arm-none-eabi/14.2.1/thumb/v8-m.main+fp/softfp\libstdc++.a(guard.o) (__cxa_throw)
C:/Users/j7517/.pico-sdk/toolchain/14_2_Rel1/bin/../lib/gcc/arm-none-eabi/14.2.1/thumb/v8-m.main+fp/softfp\libstdc++.a(eh_unex_handler.o)
                              C:/Users/j7517/.pico-sdk/toolchain/14_2_Rel1/bin/../lib/gcc/arm-none-eabi/14.2.1/thumb/v8-m.main+fp/softfp\libstdc++.a(eh_terminate.o) (__cxxabiv1::__unexpected_handler)
C:/Users/j7517/.pico-sdk/toolchain/14_2_Rel1/bin/../lib/gcc/arm-none-eabi/14.2.1/thumb/v8-m.main+fp/softfp\libstdc++.a(vterminate.o)
                              C:/Users/j7517/.pico-sdk/toolchain/14_2_Rel1/bin/../lib/gcc/arm-none-eabi/14.2.1/thumb/v8-m.main+fp/softfp\libstdc++.a(eh_terminate.o) (__gnu_cxx::__verbose_terminate_handler())
C:/Users/j7517/.pico-sdk/toolchain/14_2_Rel1/bin/../lib/gcc/arm-none-eabi/14.2.1/thumb/v8-m.main+fp/softfp\libstdc++.a(cp-demangle.o)
                              C:/Users/j7517/.pico-sdk/toolchain/14_2_Rel1/bin/../lib/gcc/arm-none-eabi/14.2.1/thumb/v8-m.main+fp/softfp\libstdc++.a(vterminate.o) (__cxa_demangle)
C:/Users/j7517/.pico-sdk/toolchain/14_2_Rel1/bin/../lib/gcc/arm-none-eabi/14.2.1/thumb/v8-m.main+fp/softfp\libstdc++.a(eh_arm.o)
                              C:/Users/j7517/.pico-sdk/toolchain/14_2_Rel1/bin/../lib/gcc/arm-none-eabi/14.2.1/thumb/v8-m.main+fp/softfp\libstdc++.a(vterminate.o) (__cxa_end_cleanup)
C:/Users/j7517/.pico-sdk/toolchain/14_2_Rel1/bin/../lib/gcc/arm-none-eabi/14.2.1/thumb/v8-m.main+fp/softfp\libstdc++.a(eh_catch.o)
                              C:/Users/j7517/.pico-sdk/toolchain/14_2_Rel1/bin/../lib/gcc/arm-none-eabi/14.2.1/thumb/v8-m.main+fp/softfp\libstdc++.a(eh_terminate.o) (__cxa_begin_catch)
C:/Users/j7517/.pico-sdk/toolchain/14_2_Rel1/bin/../lib/gcc/arm-none-eabi/14.2.1/thumb/v8-m.main+fp/softfp\libstdc++.a(eh_globals.o)
                              C:/Users/j7517/.pico-sdk/toolchain/14_2_Rel1/bin/../lib/gcc/arm-none-eabi/14.2.1/thumb/v8-m.main+fp/softfp\libstdc++.a(eh_catch.o) (__cxa_get_globals_fast)
[...]
Memory Configuration

Name             Origin             Length             Attributes
FLASH            0x10000000         0x00400000         xr
RAM              0x20000000         0x00080000         xrw
SCRATCH_X        0x20080000         0x00001000         xrw
SCRATCH_Y        0x20081000         0x00001000         xrw
*default*        0x00000000         0xffffffff

Linker script and memory map

LOAD C:/Users/j7517/.pico-sdk/toolchain/14_2_Rel1/bin/../lib/gcc/arm-none-eabi/14.2.1/thumb/v8-m.main+fp/softfp/crti.o
LOAD C:/Users/j7517/.pico-sdk/toolchain/14_2_Rel1/bin/../lib/gcc/arm-none-eabi/14.2.1/thumb/v8-m.main+fp/softfp/crtbegin.o
LOAD C:/Users/j7517/.pico-sdk/toolchain/14_2_Rel1/bin/../lib/gcc/arm-none-eabi/14.2.1/thumb/v8-m.main+fp/softfp/crt0.o

.flash_begin    0x10000000        0x0
                0x10000000                        __flash_binary_start = .

.text           0x10000000    0x11388
                0x10000000                        __logical_binary_start = .
 *(.vectors)
 .vectors       0x10000000      0x124 CMakeFiles/DCSBiosRP2350.dir/C_/Users/j7517/.pico-sdk/sdk/2.1.1/src/rp2_common/pico_crt0/crt0.S.obj
                0x10000000                __VECTOR_TABLE
                0x10000000                __vectors
                0x10000110                __default_isrs_start
                0x10000110                isr_invalid
                0x10000112                isr_nmi
                0x10000114                isr_hardfault
                0x10000116                isr_svcall
                0x10000118                isr_pendsv
                0x1000011a                isr_systick
                0x1000011c                isr_irq31
                0x1000011c                isr_irq5
                0x1000011c                isr_irq11
                0x1000011c                isr_irq32
                0x1000011c                isr_irq23
                0x1000011c                isr_irq48
                0x1000011c                isr_irq35
                0x1000011c                isr_irq18
                0x1000011c                isr_irq50
                0x1000011c                isr_irq27
                0x1000011c                isr_irq40
                0x1000011c                isr_irq28
                0x1000011c                isr_irq19
                0x1000011c                isr_irq36
                0x1000011c                isr_irq41
                0x1000011c                isr_irq0
                0x1000011c                isr_irq6
                0x1000011c                isr_irq45
                0x1000011c                isr_irq12
                0x1000011c                isr_irq37
                0x1000011c                isr_irq42
                0x1000011c                isr_irq22
                0x1000011c                isr_irq43
                0x1000011c                isr_irq17
                0x1000011c                isr_irq38
                0x1000011c                isr_irq14
                0x1000011c                isr_irq13
                0x1000011c                isr_irq2
                0x1000011c                isr_irq10
                0x1000011c                isr_irq8
                0x1000011c                isr_irq24
                0x1000011c                isr_irq46
                0x1000011c                isr_irq1
                0x1000011c                isr_irq47
                0x1000011c                isr_irq51
                0x1000011c                isr_irq7
                0x1000011c                isr_irq21
                0x1000011c                isr_irq39
                0x1000011c                isr_irq20
                0x1000011c                isr_irq15
                0x1000011c                isr_irq25
                0x1000011c                isr_irq34
                0x1000011c                isr_irq49
                0x1000011c                __unhandled_user_irq
                0x1000011c                isr_irq4
                0x1000011c                isr_irq16
                0x1000011c                isr_irq44
                0x1000011c                isr_irq29
                0x1000011c                isr_irq26
                0x1000011c                __default_isrs_end
                0x1000011c                isr_irq33
                0x1000011c                isr_irq3
                0x1000011c                isr_irq30
                0x1000011c                isr_irq9
                0x10000122                unhandled_user_irq_num_in_r0
 *(.binary_info_header)
 .binary_info_header
                0x10000124       0x14 CMakeFiles/DCSBiosRP2350.dir/C_/Users/j7517/.pico-sdk/sdk/2.1.1/src/rp2_common/pico_crt0/crt0.S.obj
                0x10000138                        __binary_info_header_end = .
 *(.embedded_block)
 .embedded_block
                0x10000138       0x14 CMakeFiles/DCSBiosRP2350.dir/C_/Users/j7517/.pico-sdk/sdk/2.1.1/src/rp2_common/pico_crt0/crt0.S.obj
                0x1000014c                        __embedded_block_end = .
 *(.reset)
 .reset         0x1000014c       0xa0 CMakeFiles/DCSBiosRP2350.dir/C_/Users/j7517/.pico-sdk/sdk/2.1.1/src/rp2_common/pico_crt0/crt0.S.obj
                0x1000014c                _entry_point
 *(.init)
 .init          0x100001ec        0x4 C:/Users/j7517/.pico-sdk/toolchain/14_2_Rel1/bin/../lib/gcc/arm-none-eabi/14.2.1/thumb/v8-m.main+fp/softfp/crti.o
                0x100001ec                _init
 *libgcc.a:cmse_nonsecure_call.o()
 *(EXCLUDE_FILE(*libm.a: *libc.a:*lib_a-mem*.o *libgcc.a:) .text*)
 .text.register_tm_clones
                0x100001f0       0x28 C:/Users/j7517/.pico-sdk/toolchain/14_2_Rel1/bin/../lib/gcc/arm-none-eabi/14.2.1/thumb/v8-m.main+fp/softfp/crtbegin.o
 .text.frame_dummy
                0x10000218       0x24 C:/Users/j7517/.pico-sdk/toolchain/14_2_Rel1/bin/../lib/gcc/arm-none-eabi/14.2.1/thumb/v8-m.main+fp/softfp/crtbegin.o
 .text._ZN7DcsBios10core1_taskEv
                0x1000023c       0x58 CMakeFiles/DCSBiosRP2350.dir/examples/RS485_Arduino_Master_Pico.cpp.obj
                0x1000023c                DcsBios::core1_task()
 .text._ZN7DcsBios4loopEv
                0x10000294       0x90 CMakeFiles/DCSBiosRP2350.dir/examples/RS485_Arduino_Master_Pico.cpp.obj
                0x10000294                DcsBios::loop()
 .text.startup.main
                0x10000324       0x6c CMakeFiles/DCSBiosRP2350.dir/examples/RS485_Arduino_Master_Pico.cpp.obj
                0x10000324                main
 .text.startup._GLOBAL__sub_I__ZN7DcsBios6parserE
                0x10000390        0xc CMakeFiles/DCSBiosRP2350.dir/examples/RS485_Arduino_Master_Pico.cpp.obj
 .text._ZN7DcsBios20ExportStreamListener16onConsistentDataEv
                0x1000039c        0x4 CMakeFiles/DCSBiosRP2350.dir/src/internal/Protocol.cpp.obj
                0x1000039c                DcsBios::ExportStreamListener::onConsistentData()
 .text._ZN7DcsBios14ProtocolParserC2Ev
                0x100003a0       0x18 CMakeFiles/DCSBiosRP2350.dir/src/internal/Protocol.cpp.obj
                0x100003a0                DcsBios::ProtocolParser::ProtocolParser()
                0x100003a0                DcsBios::ProtocolParser::ProtocolParser()
 .text._ZN7DcsBios14ProtocolParser11processCharEh
                0x100003b8      0x108 CMakeFiles/DCSBiosRP2350.dir/src/internal/Protocol.cpp.obj
                0x100003b8                DcsBios::ProtocolParser::processChar(unsigned char)
 .text._ZN7DcsBios15init_rs485_uartEP9uart_instjjjm
                0x100004c0       0x5c CMakeFiles/DCSBiosRP2350.dir/src/internal/rs485.cpp.obj
                0x100004c0                DcsBios::init_rs485_uart(uart_inst*, unsigned int, unsigned int, unsigned int, unsigned long)
 .text._ZN7DcsBios15rs485_send_charEc
                0x1000051c       0x30 CMakeFiles/DCSBiosRP2350.dir/src/internal/rs485.cpp.obj
                0x1000051c                DcsBios::rs485_send_char(char)
 .text._ZN7DcsBios17rs485_send_stringEPKc
                0x1000054c       0x60 CMakeFiles/DCSBiosRP2350.dir/src/internal/rs485.cpp.obj
                0x1000054c                DcsBios::rs485_send_string(char const*)
 .text._ZN7DcsBios16rs485_send_bytesEPKhjb
                0x100005ac       0x84 CMakeFiles/DCSBiosRP2350.dir/src/internal/rs485.cpp.obj
                0x100005ac                DcsBios::rs485_send_bytes(unsigned char const*, unsigned int, bool)
 .text._ZN7DcsBios11rs485_flushEv
                0x10000630       0x2c CMakeFiles/DCSBiosRP2350.dir/src/internal/rs485.cpp.obj
                0x10000630                DcsBios::rs485_flush()
 .text._ZN7DcsBios23rs485_receive_availableEv
                0x1000065c       0x18 CMakeFiles/DCSBiosRP2350.dir/src/internal/rs485.cpp.obj
                0x1000065c                DcsBios::rs485_receive_available()
 .text._ZN7DcsBios18rs485_receive_charEv
                0x10000674       0x14 CMakeFiles/DCSBiosRP2350.dir/src/internal/rs485.cpp.obj
                0x10000674                DcsBios::rs485_receive_char()
 .text._ZN7DcsBios12ArduinoRs48513FrameReceiverC2Ev
                0x10000688       0x18 CMakeFiles/DCSBiosRP2350.dir/src/internal/rs485_arduino.cpp.obj
                0x10000688                DcsBios::ArduinoRs485::FrameReceiver::FrameReceiver()
                0x10000688                DcsBios::ArduinoRs485::FrameReceiver::FrameReceiver()
 .text._ZN7DcsBios12ArduinoRs48513FrameReceiver8pushByteEhRNS0_5FrameE
                0x100006a0       0xa4 CMakeFiles/DCSBiosRP2350.dir/src/internal/rs485_arduino.cpp.obj
                0x100006a0                DcsBios::ArduinoRs485::FrameReceiver::pushByte(unsigned char, DcsBios::ArduinoRs485::Frame&)
 .text._ZN7DcsBios12ArduinoRs48514ActiveSlaveSetC2Ev
                0x10000744       0x2c CMakeFiles/DCSBiosRP2350.dir/src/internal/rs485_arduino.cpp.obj
                0x10000744                DcsBios::ArduinoRs485::ActiveSlaveSet::ActiveSlaveSet()
                0x10000744                DcsBios::ArduinoRs485::ActiveSlaveSet::ActiveSlaveSet()
 .text._ZN7DcsBios12ArduinoRs48514ActiveSlaveSet9setConfigERKNS0_10PollConfigE
                0x10000770        0x8 CMakeFiles/DCSBiosRP2350.dir/src/internal/rs485_arduino.cpp.obj
                0x10000770                DcsBios::ArduinoRs485::ActiveSlaveSet::setConfig(DcsBios::ArduinoRs485::PollConfig const&)
 .text._ZN7DcsBios12ArduinoRs48514ActiveSlaveSet14recordResponseEh
                0x10000778       0x14 CMakeFiles/DCSBiosRP2350.dir/src/internal/rs485_arduino.cpp.obj
                0x10000778                DcsBios::ArduinoRs485::ActiveSlaveSet::recordResponse(unsigned char)
 .text._ZN7DcsBios12ArduinoRs48514ActiveSlaveSet13recordTimeoutEh
                0x1000078c       0x28 CMakeFiles/DCSBiosRP2350.dir/src/internal/rs485_arduino.cpp.obj
                0x1000078c                DcsBios::ArduinoRs485::ActiveSlaveSet::recordTimeout(unsigned char)
 .text._ZN7DcsBios12ArduinoRs48514ActiveSlaveSet11nextAddressEv
                0x100007b4       0x70 CMakeFiles/DCSBiosRP2350.dir/src/internal/rs485_arduino.cpp.obj
                0x100007b4                DcsBios::ArduinoRs485::ActiveSlaveSet::nextAddress()
 .text._ZN7DcsBios15core1_host_taskEv
                0x10000824      0x36c CMakeFiles/DCSBiosRP2350.dir/src/internal/core1_tasks.cpp.obj
                0x10000824                DcsBios::core1_host_task()
 .text._ZN7DcsBios16core1_slave_taskEv
                0x10000b90       0xc0 CMakeFiles/DCSBiosRP2350.dir/src/internal/core1_tasks.cpp.obj
                0x10000b90                DcsBios::core1_slave_task()
 .text._ZN7DcsBios19core1_usb_only_taskEv
                0x10000c50       0x40 CMakeFiles/DCSBiosRP2350.dir/src/internal/core1_tasks.cpp.obj
                0x10000c50                DcsBios::core1_usb_only_task()
 .text._ZN7DcsBios25core1_rs485_terminal_taskEv
                0x10000c90       0xd0 CMakeFiles/DCSBiosRP2350.dir/src/internal/core1_tasks.cpp.obj
                0x10000c90                DcsBios::core1_rs485_terminal_task()
 .text.gpio_set_function
                0x10000d60       0x3c CMakeFiles/DCSBiosRP2350.dir/C_/Users/j7517/.pico-sdk/sdk/2.1.1/src/rp2_common/hardware_gpio/gpio.c.obj
                0x10000d60                gpio_set_function
 .text.gpio_init
                0x10000d9c       0x48 CMakeFiles/DCSBiosRP2350.dir/C_/Users/j7517/.pico-sdk/sdk/2.1.1/src/rp2_common/hardware_gpio/gpio.c.obj
                0x10000d9c                gpio_init
 .text.panic    0x10000de4       0x30 CMakeFiles/DCSBiosRP2350.dir/C_/Users/j7517/.pico-sdk/sdk/2.1.1/src/rp2_common/pico_platform_panic/panic.c.obj
                0x10000de4                panic
 .text.hw_claim_or_assert
                0x10000e14       0x58 CMakeFiles/DCSBiosRP2350.dir/C_/Users/j7517/.pico-sdk/sdk/2.1.1/src/common/hardware_claim/claim.c.obj
                0x10000e14                hw_claim_or_assert
 .text.hw_claim_unused_from_range
                0x10000e6c       0x80 CMakeFiles/DCSBiosRP2350.dir/C_/Users/j7517/.pico-sdk/sdk/2.1.1/src/common/hardware_claim/claim.c.obj
                0x10000e6c                hw_claim_unused_from_range
 .text.next_striped_spin_lock_num
                0x10000eec       0x18 CMakeFiles/DCSBiosRP2350.dir/C_/Users/j7517/.pico-sdk/sdk/2.1.1/src/rp2_common/hardware_sync/sync.c.obj
                0x10000eec                next_striped_spin_lock_num
 .text.spin_lock_claim_unused
                0x10000f04       0x20 CMakeFiles/DCSBiosRP2350.dir/C_/Users/j7517/.pico-sdk/sdk/2.1.1/src/rp2_common/hardware_sync/sync.c.obj
                0x10000f04                spin_lock_claim_unused
 .text.spinlock_set_extexclall
                0x10000f24       0x10 CMakeFiles/DCSBiosRP2350.dir/C_/Users/j7517/.pico-sdk/sdk/2.1.1/src/rp2_common/hardware_sync_spin_lock/sync_spin_lock.c.obj
 .text.spin_locks_reset
                0x10000f34       0x18 CMakeFiles/DCSBiosRP2350.dir/C_/Users/j7517/.pico-sdk/sdk/2.1.1/src/rp2_common/hardware_sync_spin_lock/sync_spin_lock.c.obj
                0x10000f34                spin_locks_reset
 .text.runtime_init_per_core_irq_priorities
                0x10000f4c       0x40 CMakeFiles/DCSBiosRP2350.dir/C_/Users/j7517/.pico-sdk/sdk/2.1.1/src/rp2_common/hardware_irq/irq.c.obj
                0x10000f4c                runtime_init_per_core_irq_priorities
 .text.irq_set_enabled
                0x10000f8c       0x2c CMakeFiles/DCSBiosRP2350.dir/C_/Users/j7517/.pico-sdk/sdk/2.1.1/src/rp2_common/hardware_irq/irq.c.obj
                0x10000f8c                irq_set_enabled
 .text.irq_is_enabled
                0x10000fb8       0x20 CMakeFiles/DCSBiosRP2350.dir/C_/Users/j7517/.pico-sdk/sdk/2.1.1/src/rp2_common/hardware_irq/irq.c.obj
                0x10000fb8                irq_is_enabled
 .text.irq_set_pending
                0x10000fd8       0x18 CMakeFiles/DCSBiosRP2350.dir/C_/Users/j7517/.pico-sdk/sdk/2.1.1/src/rp2_common/hardware_irq/irq.c.obj
                0x10000fd8                irq_set_pending
 .text.irq_has_shared_handler
                0x10000ff0       0x20 CMakeFiles/DCSBiosRP2350.dir/C_/Users/j7517/.pico-sdk/sdk/2.1.1/src/rp2_common/hardware_irq/irq.c.obj
                0x10000ff0                irq_has_shared_handler
 .text.irq_set_exclusive_handler
                0x10001010       0x60 CMakeFiles/DCSBiosRP2350.dir/C_/Users/j7517/.pico-sdk/sdk/2.1.1/src/rp2_common/hardware_irq/irq.c.obj
                0x10001010                irq_set_exclusive_handler
 .text.irq_add_shared_handler
                0x10001070      0x1e8 CMakeFiles/DCSBiosRP2350.dir/C_/Users/j7517/.pico-sdk/sdk/2.1.1/src/rp2_common/hardware_irq/irq.c.obj
                0x10001070                irq_add_shared_handler
 .text.irq_add_tail_to_free_list
                0x10001258       0xbc CMakeFiles/DCSBiosRP2350.dir/C_/Users/j7517/.pico-sdk/sdk/2.1.1/src/rp2_common/hardware_irq/irq.c.obj
                0x10001258                irq_add_tail_to_free_list
 .text.user_irq_claim_unused
                0x10001314       0x28 CMakeFiles/DCSBiosRP2350.dir/C_/Users/j7517/.pico-sdk/sdk/2.1.1/src/rp2_common/hardware_irq/irq.c.obj
                0x10001314                user_irq_claim_unused
 .text.lock_init
                0x1000133c        0xc CMakeFiles/DCSBiosRP2350.dir/C_/Users/j7517/.pico-sdk/sdk/2.1.1/src/common/pico_sync/lock_core.c.obj
                0x1000133c                lock_init
 .text.runtime_init_mutex
                0x10001348       0x4c CMakeFiles/DCSBiosRP2350.dir/C_/Users/j7517/.pico-sdk/sdk/2.1.1/src/common/pico_sync/mutex.c.obj
                0x10001348                runtime_init_mutex
 .text.mutex_init
                0x10001394       0x1c CMakeFiles/DCSBiosRP2350.dir/C_/Users/j7517/.pico-sdk/sdk/2.1.1/src/common/pico_sync/mutex.c.obj
                0x10001394                mutex_init
 .text.critical_section_init
                0x100013b0       0x1c CMakeFiles/DCSBiosRP2350.dir/C_/Users/j7517/.pico-sdk/sdk/2.1.1/src/common/pico_sync/critical_section.c.obj
                0x100013b0                critical_section_init
 .text.critical_section_init_with_lock_num
                0x100013cc       0x10 CMakeFiles/DCSBiosRP2350.dir/C_/Users/j7517/.pico-sdk/sdk/2.1.1/src/common/pico_sync/critical_section.c.obj
                0x100013cc                critical_section_init_with_lock_num
 .text.sleep_until_callback
                0x100013dc       0x3c CMakeFiles/DCSBiosRP2350.dir/C_/Users/j7517/.pico-sdk/sdk/2.1.1/src/common/pico_time/time.c.obj
 .text.alarm_pool_irq_handler
                0x10001418      0x2f0 CMakeFiles/DCSBiosRP2350.dir/C_/Users/j7517/.pico-sdk/sdk/2.1.1/src/common/pico_time/time.c.obj
 .text.runtime_init_default_alarm_pool
                0x10001708      0x100 CMakeFiles/DCSBiosRP2350.dir/C_/Users/j7517/.pico-sdk/sdk/2.1.1/src/common/pico_time/time.c.obj
                0x10001708                runtime_init_default_alarm_pool
 .text.alarm_pool_get_default
                0x10001808        0x8 CMakeFiles/DCSBiosRP2350.dir/C_/Users/j7517/.pico-sdk/sdk/2.1.1/src/common/pico_time/time.c.obj
                0x10001808                alarm_pool_get_default
 .text.alarm_pool_add_alarm_at
                0x10001810       0xdc CMakeFiles/DCSBiosRP2350.dir/C_/Users/j7517/.pico-sdk/sdk/2.1.1/src/common/pico_time/time.c.obj
                0x10001810                alarm_pool_add_alarm_at
 .text.alarm_pool_add_alarm_at_force_in_context
                0x100018ec       0xc8 CMakeFiles/DCSBiosRP2350.dir/C_/Users/j7517/.pico-sdk/sdk/2.1.1/src/common/pico_time/time.c.obj
                0x100018ec                alarm_pool_add_alarm_at_force_in_context
 .text.alarm_pool_cancel_alarm
                0x100019b4       0x80 CMakeFiles/DCSBiosRP2350.dir/C_/Users/j7517/.pico-sdk/sdk/2.1.1/src/common/pico_time/time.c.obj
                0x100019b4                alarm_pool_cancel_alarm
 .text.alarm_pool_core_num
                0x10001a34        0x4 CMakeFiles/DCSBiosRP2350.dir/C_/Users/j7517/.pico-sdk/sdk/2.1.1/src/common/pico_time/time.c.obj
                0x10001a34                alarm_pool_core_num
 .text.sleep_us
                0x10001a38       0xd8 CMakeFiles/DCSBiosRP2350.dir/C_/Users/j7517/.pico-sdk/sdk/2.1.1/src/common/pico_time/time.c.obj
                0x10001a38                sleep_us
 .text.sleep_ms
                0x10001b10       0xdc CMakeFiles/DCSBiosRP2350.dir/C_/Users/j7517/.pico-sdk/sdk/2.1.1/src/common/pico_time/time.c.obj
                0x10001b10                sleep_ms
 .text.best_effort_wfe_or_timeout
                0x10001bec       0xd4 CMakeFiles/DCSBiosRP2350.dir/C_/Users/j7517/.pico-sdk/sdk/2.1.1/src/common/pico_time/time.c.obj
                0x10001bec                best_effort_wfe_or_timeout
 .text.timer_hardware_alarm_claim
                0x10001cc0       0x24 CMakeFiles/DCSBiosRP2350.dir/C_/Users/j7517/.pico-sdk/sdk/2.1.1/src/rp2_common/hardware_timer/timer.c.obj
                0x10001cc0                timer_hardware_alarm_claim
 .text.timer_time_us_64
                0x10001ce4       0x10 CMakeFiles/DCSBiosRP2350.dir/C_/Users/j7517/.pico-sdk/sdk/2.1.1/src/rp2_common/hardware_timer/timer.c.obj
                0x10001ce4                timer_time_us_64
 .text.time_us_64
                0x10001cf4       0x14 CMakeFiles/DCSBiosRP2350.dir/C_/Users/j7517/.pico-sdk/sdk/2.1.1/src/rp2_common/hardware_timer/timer.c.obj
                0x10001cf4                time_us_64
 .text.busy_wait_us
                0x10001d08       0x5c CMakeFiles/DCSBiosRP2350.dir/C_/Users/j7517/.pico-sdk/sdk/2.1.1/src/rp2_common/hardware_timer/timer.c.obj
                0x10001d08                busy_wait_us
 .text.busy_wait_until
                0x10001d64       0x24 CMakeFiles/DCSBiosRP2350.dir/C_/Users/j7517/.pico-sdk/sdk/2.1.1/src/rp2_common/hardware_timer/timer.c.obj
                0x10001d64                busy_wait_until
 .text.uart_init
                0x10001d88      0x104 CMakeFiles/DCSBiosRP2350.dir/C_/Users/j7517/.pico-sdk/sdk/2.1.1/src/rp2_common/hardware_uart/uart.c.obj
                0x10001d88                uart_init
 .text.uart_set_format
                0x10001e8c       0x70 CMakeFiles/DCSBiosRP2350.dir/C_/Users/j7517/.pico-sdk/sdk/2.1.1/src/rp2_common/hardware_uart/uart.c.obj
                0x10001e8c                uart_set_format
 .text.uart_set_fifo_enabled
                0x10001efc       0x58 CMakeFiles/DCSBiosRP2350.dir/C_/Users/j7517/.pico-sdk/sdk/2.1.1/src/rp2_common/hardware_uart/uart.c.obj
                0x10001efc                uart_set_fifo_enabled
 .text.clock_configure_undivided
                0x10001f54       0xd0 CMakeFiles/DCSBiosRP2350.dir/C_/Users/j7517/.pico-sdk/sdk/2.1.1/src/rp2_common/hardware_clocks/clocks.c.obj
                0x10001f54                clock_configure_undivided
 .text.clock_get_hz
                0x10002024        0xc CMakeFiles/DCSBiosRP2350.dir/C_/Users/j7517/.pico-sdk/sdk/2.1.1/src/rp2_common/hardware_clocks/clocks.c.obj
                0x10002024                clock_get_hz
 .text.pll_init
                0x10002030       0x8c CMakeFiles/DCSBiosRP2350.dir/C_/Users/j7517/.pico-sdk/sdk/2.1.1/src/rp2_common/hardware_pll/pll.c.obj
                0x10002030                pll_init
 .text.watchdog_update
                0x100020bc       0x14 CMakeFiles/DCSBiosRP2350.dir/C_/Users/j7517/.pico-sdk/sdk/2.1.1/src/rp2_common/hardware_watchdog/watchdog.c.obj
                0x100020bc                watchdog_update
 .text.watchdog_enable
                0x100020d0       0x7c CMakeFiles/DCSBiosRP2350.dir/C_/Users/j7517/.pico-sdk/sdk/2.1.1/src/rp2_common/hardware_watchdog/watchdog.c.obj
                0x100020d0                watchdog_enable
 .text.watchdog_reboot
                0x1000214c       0x98 CMakeFiles/DCSBiosRP2350.dir/C_/Users/j7517/.pico-sdk/sdk/2.1.1/src/rp2_common/hardware_watchdog/watchdog.c.obj
                0x1000214c                watchdog_reboot
 .text.watchdog_caused_reboot
                0x100021e4       0x54 CMakeFiles/DCSBiosRP2350.dir/C_/Users/j7517/.pico-sdk/sdk/2.1.1/src/rp2_common/hardware_watchdog/watchdog.c.obj
                0x100021e4                watchdog_caused_reboot
 .text.tick_start
                0x10002238       0x18 CMakeFiles/DCSBiosRP2350.dir/C_/Users/j7517/.pico-sdk/sdk/2.1.1/src/rp2_common/hardware_ticks/ticks.c.obj
                0x10002238                tick_start
 .text.rom_reboot.constprop.0.isra.0
                0x10002250       0x34 CMakeFiles/DCSBiosRP2350.dir/C_/Users/j7517/.pico-sdk/sdk/2.1.1/src/rp2_common/pico_bootrom/bootrom.c.obj
 .text.rom_func_lookup
                0x10002284       0x18 CMakeFiles/DCSBiosRP2350.dir/C_/Users/j7517/.pico-sdk/sdk/2.1.1/src/rp2_common/pico_bootrom/bootrom.c.obj
                0x10002284                rom_func_lookup
 .text.rom_reset_usb_boot_extra
                0x1000229c       0x1c CMakeFiles/DCSBiosRP2350.dir/C_/Users/j7517/.pico-sdk/sdk/2.1.1/src/rp2_common/pico_bootrom/bootrom.c.obj
                0x1000229c                rom_reset_usb_boot_extra
 .text.runtime_init_bootrom_locking_enable
                0x100022b8       0x14 CMakeFiles/DCSBiosRP2350.dir/C_/Users/j7517/.pico-sdk/sdk/2.1.1/src/rp2_common/pico_bootrom/bootrom_lock.c.obj
                0x100022b8                runtime_init_bootrom_locking_enable
 .text.runtime_init_boot_locks_reset
                0x100022cc       0x1c CMakeFiles/DCSBiosRP2350.dir/C_/Users/j7517/.pico-sdk/sdk/2.1.1/src/rp2_common/hardware_boot_lock/boot_lock.c.obj
                0x100022cc                runtime_init_boot_locks_reset
 .text.xosc_init
                0x100022e8       0x30 CMakeFiles/DCSBiosRP2350.dir/C_/Users/j7517/.pico-sdk/sdk/2.1.1/src/rp2_common/hardware_xosc/xosc.c.obj
                0x100022e8                xosc_init
 .text.first_per_core_initializer
                0x10002318        0x4 CMakeFiles/DCSBiosRP2350.dir/C_/Users/j7517/.pico-sdk/sdk/2.1.1/src/rp2_common/pico_runtime/runtime.c.obj
 .text.hard_assertion_failure
                0x1000231c        0xc CMakeFiles/DCSBiosRP2350.dir/C_/Users/j7517/.pico-sdk/sdk/2.1.1/src/rp2_common/pico_runtime/runtime.c.obj
                0x1000231c                hard_assertion_failure
 .text.runtime_run_initializers
                0x10002328       0x20 CMakeFiles/DCSBiosRP2350.dir/C_/Users/j7517/.pico-sdk/sdk/2.1.1/src/rp2_common/pico_runtime/runtime.c.obj
                0x10002328                runtime_run_initializers
 .text.runtime_run_per_core_initializers
                0x10002348       0x20 CMakeFiles/DCSBiosRP2350.dir/C_/Users/j7517/.pico-sdk/sdk/2.1.1/src/rp2_common/pico_runtime/runtime.c.obj
                0x10002348                runtime_run_per_core_initializers
 .text.runtime_init_early_resets
                0x10002368       0x34 CMakeFiles/DCSBiosRP2350.dir/C_/Users/j7517/.pico-sdk/sdk/2.1.1/src/rp2_common/pico_runtime_init/runtime_init.c.obj
                0x10002368                runtime_init_early_resets
 .text.runtime_init_usb_power_down
                0x1000239c       0x1c CMakeFiles/DCSBiosRP2350.dir/C_/Users/j7517/.pico-sdk/sdk/2.1.1/src/rp2_common/pico_runtime_init/runtime_init.c.obj
                0x1000239c                runtime_init_usb_power_down
 .text.runtime_init_per_core_enable_coprocessors
                0x100023b8       0x1c CMakeFiles/DCSBiosRP2350.dir/C_/Users/j7517/.pico-sdk/sdk/2.1.1/src/rp2_common/pico_runtime_init/runtime_init.c.obj
                0x100023b8                runtime_init_per_core_enable_coprocessors
 .text.runtime_init_post_clock_resets
                0x100023d4       0x20 CMakeFiles/DCSBiosRP2350.dir/C_/Users/j7517/.pico-sdk/sdk/2.1.1/src/rp2_common/pico_runtime_init/runtime_init.c.obj
                0x100023d4                runtime_init_post_clock_resets
 .text.runtime_init_bootrom_reset
                0x100023f4       0x14 CMakeFiles/DCSBiosRP2350.dir/C_/Users/j7517/.pico-sdk/sdk/2.1.1/src/rp2_common/pico_runtime_init/runtime_init.c.obj
                0x100023f4                runtime_init_bootrom_reset
 .text.runtime_init_per_core_bootrom_reset
                0x10002408       0x14 CMakeFiles/DCSBiosRP2350.dir/C_/Users/j7517/.pico-sdk/sdk/2.1.1/src/rp2_common/pico_runtime_init/runtime_init.c.obj
                0x10002408                runtime_init_per_core_bootrom_reset
 .text.runtime_init_spin_locks_reset
                0x1000241c        0x4 CMakeFiles/DCSBiosRP2350.dir/C_/Users/j7517/.pico-sdk/sdk/2.1.1/src/rp2_common/pico_runtime_init/runtime_init.c.obj
                0x1000241c                runtime_init_spin_locks_reset
 .text.runtime_init_install_ram_vector_table
                0x10002420       0x20 CMakeFiles/DCSBiosRP2350.dir/C_/Users/j7517/.pico-sdk/sdk/2.1.1/src/rp2_common/pico_runtime_init/runtime_init.c.obj
                0x10002420                runtime_init_install_ram_vector_table
 .text.runtime_init_clocks
                0x10002440       0xdc CMakeFiles/DCSBiosRP2350.dir/C_/Users/j7517/.pico-sdk/sdk/2.1.1/src/rp2_common/pico_runtime_init/runtime_init_clocks.c.obj
                0x10002440                runtime_init_clocks
 .text.__rp2350_dcp_engaged_state_save_restore
                0x1000251c       0x3a CMakeFiles/DCSBiosRP2350.dir/C_/Users/j7517/.pico-sdk/sdk/2.1.1/src/rp2_common/pico_double/double_aeabi_dcp.S.obj
 *fill*         0x10002556        0x2 
 .text.__wrap___aeabi_dadd
                0x10002558       0x28 CMakeFiles/DCSBiosRP2350.dir/C_/Users/j7517/.pico-sdk/sdk/2.1.1/src/rp2_common/pico_double/double_aeabi_dcp.S.obj
                0x10002560                __wrap___aeabi_dadd
 .text.__wrap___aeabi_dsub
                0x10002580       0x28 CMakeFiles/DCSBiosRP2350.dir/C_/Users/j7517/.pico-sdk/sdk/2.1.1/src/rp2_common/pico_double/double_aeabi_dcp.S.obj
                0x10002588                __wrap___aeabi_dsub
 .text.__wrap___aeabi_dmul
                0x100025a8       0x4c CMakeFiles/DCSBiosRP2350.dir/C_/Users/j7517/.pico-sdk/sdk/2.1.1/src/rp2_common/pico_double/double_aeabi_dcp.S.obj
                0x100025b0                __wrap___aeabi_dmul
 .text.__wrap___aeabi_ddiv
                0x100025f4       0x9c CMakeFiles/DCSBiosRP2350.dir/C_/Users/j7517/.pico-sdk/sdk/2.1.1/src/rp2_common/pico_double/double_aeabi_dcp.S.obj
                0x100025fc                __wrap___aeabi_ddiv
 .text.__wrap___aeabi_i2d
                0x10002690       0x24 CMakeFiles/DCSBiosRP2350.dir/C_/Users/j7517/.pico-sdk/sdk/2.1.1/src/rp2_common/pico_double/double_aeabi_dcp.S.obj
                0x10002698                int2double
                0x10002698                __wrap___aeabi_i2d
 .text.__wrap___aeabi_ui2d
                0x100026b4       0x24 CMakeFiles/DCSBiosRP2350.dir/C_/Users/j7517/.pico-sdk/sdk/2.1.1/src/rp2_common/pico_double/double_aeabi_dcp.S.obj
                0x100026bc                uint2double
                0x100026bc                __wrap___aeabi_ui2d
 .text.__wrap___aeabi_d2iz
                0x100026d8       0x24 CMakeFiles/DCSBiosRP2350.dir/C_/Users/j7517/.pico-sdk/sdk/2.1.1/src/rp2_common/pico_double/double_aeabi_dcp.S.obj
                0x100026e0                double2int_z
                0x100026e0                __wrap___aeabi_d2iz
 .text.__wrap___aeabi_d2uiz
                0x100026fc       0x24 CMakeFiles/DCSBiosRP2350.dir/C_/Users/j7517/.pico-sdk/sdk/2.1.1/src/rp2_common/pico_double/double_aeabi_dcp.S.obj
                0x10002704                double2uint
                0x10002704                __wrap___aeabi_d2uiz
                0x10002704                double2uint_z
 .text.__wrap___aeabi_dcmpun
                0x10002720       0x24 CMakeFiles/DCSBiosRP2350.dir/C_/Users/j7517/.pico-sdk/sdk/2.1.1/src/rp2_common/pico_double/double_aeabi_dcp.S.obj
                0x10002728                __wrap___aeabi_dcmpun
 .text.__wrap___aeabi_dcmplt
                0x10002744       0x28 CMakeFiles/DCSBiosRP2350.dir/C_/Users/j7517/.pico-sdk/sdk/2.1.1/src/rp2_common/pico_double/double_aeabi_dcp.S.obj
                0x1000274c                __wrap___aeabi_dcmplt
 .text.__wrap___aeabi_dcmple
                0x1000276c       0x28 CMakeFiles/DCSBiosRP2350.dir/C_/Users/j7517/.pico-sdk/sdk/2.1.1/src/rp2_common/pico_double/double_aeabi_dcp.S.obj
                0x10002774                __wrap___aeabi_dcmple
 .text.__wrap___aeabi_dcmpge
                0x10002794       0x28 CMakeFiles/DCSBiosRP2350.dir/C_/Users/j7517/.pico-sdk/sdk/2.1.1/src/rp2_common/pico_double/double_aeabi_dcp.S.obj
                0x1000279c                __wrap___aeabi_dcmpge
 .text.__wrap___aeabi_dcmpgt
                0x100027bc       0x28 CMakeFiles/DCSBiosRP2350.dir/C_/Users/j7517/.pico-sdk/sdk/2.1.1/src/rp2_common/pico_double/double_aeabi_dcp.S.obj
                0x100027c4                __wrap___aeabi_dcmpgt
 .text.__wrap_malloc
                0x100027e4       0x38 CMakeFiles/DCSBiosRP2350.dir/C_/Users/j7517/.pico-sdk/sdk/2.1.1/src/rp2_common/pico_malloc/malloc.c.obj
                0x100027e4                __wrap_malloc
 .text.__wrap_realloc
                0x1000281c       0x3c CMakeFiles/DCSBiosRP2350.dir/C_/Users/j7517/.pico-sdk/sdk/2.1.1/src/rp2_common/pico_malloc/malloc.c.obj
                0x1000281c                __wrap_realloc
 .text.__wrap_free
                0x10002858       0x20 CMakeFiles/DCSBiosRP2350.dir/C_/Users/j7517/.pico-sdk/sdk/2.1.1/src/rp2_common/pico_malloc/malloc.c.obj
                0x10002858                __wrap_free
 .text._ZdlPvj  0x10002878        0x4 CMakeFiles/DCSBiosRP2350.dir/C_/Users/j7517/.pico-sdk/sdk/2.1.1/src/rp2_common/pico_cxx_options/new_delete.cpp.obj
                0x10002878                operator delete(void*, unsigned int)
 .text._out_buffer
                0x1000287c        0x8 CMakeFiles/DCSBiosRP2350.dir/C_/Users/j7517/.pico-sdk/sdk/2.1.1/src/rp2_common/pico_printf/printf.c.obj
 .text._out_null
                0x10002884        0x4 CMakeFiles/DCSBiosRP2350.dir/C_/Users/j7517/.pico-sdk/sdk/2.1.1/src/rp2_common/pico_printf/printf.c.obj
 .text._out_rev
                0x10002888       0x9c CMakeFiles/DCSBiosRP2350.dir/C_/Users/j7517/.pico-sdk/sdk/2.1.1/src/rp2_common/pico_printf/printf.c.obj
 .text._ntoa_format
                0x10002924      0x1d4 CMakeFiles/DCSBiosRP2350.dir/C_/Users/j7517/.pico-sdk/sdk/2.1.1/src/rp2_common/pico_printf/printf.c.obj
 .text._out_char
                0x10002af8        0x8 CMakeFiles/DCSBiosRP2350.dir/C_/Users/j7517/.pico-sdk/sdk/2.1.1/src/rp2_common/pico_printf/printf.c.obj
 .text._out_fct
                0x10002b00        0xc CMakeFiles/DCSBiosRP2350.dir/C_/Users/j7517/.pico-sdk/sdk/2.1.1/src/rp2_common/pico_printf/printf.c.obj
 *fill*         0x10002b0c        0x4 
 .text._ftoa    0x10002b10      0x4bc CMakeFiles/DCSBiosRP2350.dir/C_/Users/j7517/.pico-sdk/sdk/2.1.1/src/rp2_common/pico_printf/printf.c.obj
 *fill*         0x10002fcc        0x4 
 .text._etoa    0x10002fd0      0x574 CMakeFiles/DCSBiosRP2350.dir/C_/Users/j7517/.pico-sdk/sdk/2.1.1/src/rp2_common/pico_printf/printf.c.obj
 .text._vsnprintf
                0x10003544      0x9e4 CMakeFiles/DCSBiosRP2350.dir/C_/Users/j7517/.pico-sdk/sdk/2.1.1/src/rp2_common/pico_printf/printf.c.obj
 .text.__wrap_sprintf
                0x10003f28       0x2c CMakeFiles/DCSBiosRP2350.dir/C_/Users/j7517/.pico-sdk/sdk/2.1.1/src/rp2_common/pico_printf/printf.c.obj
                0x10003f28                __wrap_sprintf
 .text.vfctprintf
                0x10003f54       0x28 CMakeFiles/DCSBiosRP2350.dir/C_/Users/j7517/.pico-sdk/sdk/2.1.1/src/rp2_common/pico_printf/printf.c.obj
                0x10003f54                vfctprintf
 .text.weak_raw_vprintf
                0x10003f7c       0x30 CMakeFiles/DCSBiosRP2350.dir/C_/Users/j7517/.pico-sdk/sdk/2.1.1/src/rp2_common/pico_printf/printf.c.obj
                0x10003f7c                weak_raw_vprintf
 .text._exit    0x10003fac        0x4 CMakeFiles/DCSBiosRP2350.dir/C_/Users/j7517/.pico-sdk/sdk/2.1.1/src/rp2_common/pico_clib_interface/newlib_interface.c.obj
                0x10003fac                _exit
 .text._sbrk    0x10003fb0       0x2c CMakeFiles/DCSBiosRP2350.dir/C_/Users/j7517/.pico-sdk/sdk/2.1.1/src/rp2_common/pico_clib_interface/newlib_interface.c.obj
                0x10003fb0                _sbrk
 .text._getpid  0x10003fdc        0x4 CMakeFiles/DCSBiosRP2350.dir/C_/Users/j7517/.pico-sdk/sdk/2.1.1/src/rp2_common/pico_clib_interface/newlib_interface.c.obj
                0x10003fdc                _getpid
 .text._kill    0x10003fe0        0x8 CMakeFiles/DCSBiosRP2350.dir/C_/Users/j7517/.pico-sdk/sdk/2.1.1/src/rp2_common/pico_clib_interface/newlib_interface.c.obj
                0x10003fe0                _kill
 .text._read    0x10003fe8       0x1c CMakeFiles/DCSBiosRP2350.dir/C_/Users/j7517/.pico-sdk/sdk/2.1.1/src/rp2_common/pico_clib_interface/newlib_interface.c.obj
                0x10003fe8                _read
 .text._write   0x10004004       0x20 CMakeFiles/DCSBiosRP2350.dir/C_/Users/j7517/.pico-sdk/sdk/2.1.1/src/rp2_common/pico_clib_interface/newlib_interface.c.obj
                0x10004004                _write
 .text._close   0x10004024        0x8 CMakeFiles/DCSBiosRP2350.dir/C_/Users/j7517/.pico-sdk/sdk/2.1.1/src/rp2_common/pico_clib_interface/newlib_interface.c.obj
                0x10004024                _close
 .text._lseek   0x1000402c        0x8 CMakeFiles/DCSBiosRP2350.dir/C_/Users/j7517/.pico-sdk/sdk/2.1.1/src/rp2_common/pico_clib_interface/newlib_interface.c.obj
                0x1000402c                _lseek
 .text._fstat   0x10004034        0x8 CMakeFiles/DCSBiosRP2350.dir/C_/Users/j7517/.pico-sdk/sdk/2.1.1/src/rp2_common/pico_clib_interface/newlib_interface.c.obj
                0x10004034                _fstat
 .text._isatty  0x1000403c        0xc CMakeFiles/DCSBiosRP2350.dir/C_/Users/j7517/.pico-sdk/sdk/2.1.1/src/rp2_common/pico_clib_interface/newlib_interface.c.obj
                0x1000403c                _isatty
 .text.exit     0x10004048        0x8 CMakeFiles/DCSBiosRP2350.dir/C_/Users/j7517/.pico-sdk/sdk/2.1.1/src/rp2_common/pico_clib_interface/newlib_interface.c.obj
                0x10004048                exit
 .text.runtime_init
                0x10004050       0x24 CMakeFiles/DCSBiosRP2350.dir/C_/Users/j7517/.pico-sdk/sdk/2.1.1/src/rp2_common/pico_clib_interface/newlib_interface.c.obj
                0x10004050                runtime_init
 .text.stdio_out_chars_no_crlf
                0x10004074        0x8 CMakeFiles/DCSBiosRP2350.dir/C_/Users/j7517/.pico-sdk/sdk/2.1.1/src/rp2_common/pico_stdio/stdio.c.obj
 .text.stdio_out_chars_crlf
                0x1000407c       0xb0 CMakeFiles/DCSBiosRP2350.dir/C_/Users/j7517/.pico-sdk/sdk/2.1.1/src/rp2_common/pico_stdio/stdio.c.obj
 .text.stdio_buffered_printer
                0x1000412c       0x60 CMakeFiles/DCSBiosRP2350.dir/C_/Users/j7517/.pico-sdk/sdk/2.1.1/src/rp2_common/pico_stdio/stdio.c.obj
 .text.stdio_put_string
                0x1000418c       0xec CMakeFiles/DCSBiosRP2350.dir/C_/Users/j7517/.pico-sdk/sdk/2.1.1/src/rp2_common/pico_stdio/stdio.c.obj
                0x1000418c                stdio_put_string
 .text.stdio_get_until
                0x10004278       0x7c CMakeFiles/DCSBiosRP2350.dir/C_/Users/j7517/.pico-sdk/sdk/2.1.1/src/rp2_common/pico_stdio/stdio.c.obj
                0x10004278                stdio_get_until
 .text.stdio_set_driver_enabled
                0x100042f4       0x28 CMakeFiles/DCSBiosRP2350.dir/C_/Users/j7517/.pico-sdk/sdk/2.1.1/src/rp2_common/pico_stdio/stdio.c.obj
                0x100042f4                stdio_set_driver_enabled
 .text.stdio_init_all
                0x1000431c        0x4 CMakeFiles/DCSBiosRP2350.dir/C_/Users/j7517/.pico-sdk/sdk/2.1.1/src/rp2_common/pico_stdio/stdio.c.obj
                0x1000431c                stdio_init_all
 .text.stdio_getchar_timeout_us
                0x10004320       0x8c CMakeFiles/DCSBiosRP2350.dir/C_/Users/j7517/.pico-sdk/sdk/2.1.1/src/rp2_common/pico_stdio/stdio.c.obj
                0x10004320                stdio_getchar_timeout_us
 .text.__wrap_putchar
                0x100043ac       0x84 CMakeFiles/DCSBiosRP2350.dir/C_/Users/j7517/.pico-sdk/sdk/2.1.1/src/rp2_common/pico_stdio/stdio.c.obj
                0x100043ac                __wrap_putchar
                0x100043ac                stdio_putchar
 .text.__wrap_puts
                0x10004430       0x3c CMakeFiles/DCSBiosRP2350.dir/C_/Users/j7517/.pico-sdk/sdk/2.1.1/src/rp2_common/pico_stdio/stdio.c.obj
                0x10004430                stdio_puts
                0x10004430                __wrap_puts
 .text.__wrap_vprintf
                0x1000446c       0xc4 CMakeFiles/DCSBiosRP2350.dir/C_/Users/j7517/.pico-sdk/sdk/2.1.1/src/rp2_common/pico_stdio/stdio.c.obj
                0x1000446c                stdio_vprintf
                0x1000446c                __wrap_vprintf
 .text.__wrap_printf
                0x10004530       0x1c CMakeFiles/DCSBiosRP2350.dir/C_/Users/j7517/.pico-sdk/sdk/2.1.1/src/rp2_common/pico_stdio/stdio.c.obj
                0x10004530                __wrap_printf
                0x10004530                stdio_printf
 .text.resetd_init
                0x1000454c        0x4 CMakeFiles/DCSBiosRP2350.dir/C_/Users/j7517/.pico-sdk/sdk/2.1.1/src/rp2_common/pico_stdio_usb/reset_interface.c.obj
 .text.resetd_reset
                0x10004550        0xc CMakeFiles/DCSBiosRP2350.dir/C_/Users/j7517/.pico-sdk/sdk/2.1.1/src/rp2_common/pico_stdio_usb/reset_interface.c.obj
 .text.resetd_open
                0x1000455c       0x28 CMakeFiles/DCSBiosRP2350.dir/C_/Users/j7517/.pico-sdk/sdk/2.1.1/src/rp2_common/pico_stdio_usb/reset_interface.c.obj
 .text.resetd_xfer_cb
                0x10004584        0x4 CMakeFiles/DCSBiosRP2350.dir/C_/Users/j7517/.pico-sdk/sdk/2.1.1/src/rp2_common/pico_stdio_usb/reset_interface.c.obj
 .text.resetd_control_xfer_cb
                0x10004588       0x50 CMakeFiles/DCSBiosRP2350.dir/C_/Users/j7517/.pico-sdk/sdk/2.1.1/src/rp2_common/pico_stdio_usb/reset_interface.c.obj
 .text.tud_descriptor_bos_cb
                0x100045d8        0x8 CMakeFiles/DCSBiosRP2350.dir/C_/Users/j7517/.pico-sdk/sdk/2.1.1/src/rp2_common/pico_stdio_usb/reset_interface.c.obj
                0x100045d8                tud_descriptor_bos_cb
 .text.tud_vendor_control_xfer_cb
                0x100045e0       0x28 CMakeFiles/DCSBiosRP2350.dir/C_/Users/j7517/.pico-sdk/sdk/2.1.1/src/rp2_common/pico_stdio_usb/reset_interface.c.obj
                0x100045e0                tud_vendor_control_xfer_cb
 .text.usbd_app_driver_get_cb
                0x10004608       0x10 CMakeFiles/DCSBiosRP2350.dir/C_/Users/j7517/.pico-sdk/sdk/2.1.1/src/rp2_common/pico_stdio_usb/reset_interface.c.obj
                0x10004608                usbd_app_driver_get_cb
 .text.tud_cdc_line_coding_cb
                0x10004618       0x18 CMakeFiles/DCSBiosRP2350.dir/C_/Users/j7517/.pico-sdk/sdk/2.1.1/src/rp2_common/pico_stdio_usb/reset_interface.c.obj
                0x10004618                tud_cdc_line_coding_cb
 .text.stdio_usb_set_chars_available_callback
                0x10004630       0x14 CMakeFiles/DCSBiosRP2350.dir/C_/Users/j7517/.pico-sdk/sdk/2.1.1/src/rp2_common/pico_stdio_usb/stdio_usb.c.obj
                0x10004630                stdio_usb_set_chars_available_callback
 .text.timer_task
                0x10004644       0x70 CMakeFiles/DCSBiosRP2350.dir/C_/Users/j7517/.pico-sdk/sdk/2.1.1/src/rp2_common/pico_stdio_usb/stdio_usb.c.obj
 .text.usb_irq  0x100046b4        0xc CMakeFiles/DCSBiosRP2350.dir/C_/Users/j7517/.pico-sdk/sdk/2.1.1/src/rp2_common/pico_stdio_usb/stdio_usb.c.obj
 .text.stdio_usb_in_chars
                0x100046c0       0x88 CMakeFiles/DCSBiosRP2350.dir/C_/Users/j7517/.pico-sdk/sdk/2.1.1/src/rp2_common/pico_stdio_usb/stdio_usb.c.obj
                0x100046c0                stdio_usb_in_chars
 .text.stdio_usb_out_flush
                0x10004748       0x54 CMakeFiles/DCSBiosRP2350.dir/C_/Users/j7517/.pico-sdk/sdk/2.1.1/src/rp2_common/pico_stdio_usb/stdio_usb.c.obj
 .text.stdio_usb_out_chars
                0x1000479c       0xf4 CMakeFiles/DCSBiosRP2350.dir/C_/Users/j7517/.pico-sdk/sdk/2.1.1/src/rp2_common/pico_stdio_usb/stdio_usb.c.obj
 .text.low_priority_worker_irq
                0x10004890       0xd8 CMakeFiles/DCSBiosRP2350.dir/C_/Users/j7517/.pico-sdk/sdk/2.1.1/src/rp2_common/pico_stdio_usb/stdio_usb.c.obj
 .text.stdio_usb_init
                0x10004968       0xe8 CMakeFiles/DCSBiosRP2350.dir/C_/Users/j7517/.pico-sdk/sdk/2.1.1/src/rp2_common/pico_stdio_usb/stdio_usb.c.obj
                0x10004968                stdio_usb_init
 .text.tud_descriptor_device_cb
                0x10004a50        0x8 CMakeFiles/DCSBiosRP2350.dir/C_/Users/j7517/.pico-sdk/sdk/2.1.1/src/rp2_common/pico_stdio_usb/stdio_usb_descriptors.c.obj
                0x10004a50                tud_descriptor_device_cb
 .text.tud_descriptor_configuration_cb
                0x10004a58        0x8 CMakeFiles/DCSBiosRP2350.dir/C_/Users/j7517/.pico-sdk/sdk/2.1.1/src/rp2_common/pico_stdio_usb/stdio_usb_descriptors.c.obj
                0x10004a58                tud_descriptor_configuration_cb
 .text.tud_descriptor_string_cb
                0x10004a60       0x70 CMakeFiles/DCSBiosRP2350.dir/C_/Users/j7517/.pico-sdk/sdk/2.1.1/src/rp2_common/pico_stdio_usb/stdio_usb_descriptors.c.obj
                0x10004a60                tud_descriptor_string_cb
 .text.startup._retrieve_unique_id_on_boot
                0x10004ad0       0x30 CMakeFiles/DCSBiosRP2350.dir/C_/Users/j7517/.pico-sdk/sdk/2.1.1/src/rp2_common/pico_unique_id/unique_id.c.obj
 .text.pico_get_unique_board_id_string
                0x10004b00      0x184 CMakeFiles/DCSBiosRP2350.dir/C_/Users/j7517/.pico-sdk/sdk/2.1.1/src/rp2_common/pico_unique_id/unique_id.c.obj
                0x10004b00                pico_get_unique_board_id_string
 .text.dcd_init
                0x10004c84       0x8c CMakeFiles/DCSBiosRP2350.dir/C_/Users/j7517/.pico-sdk/sdk/2.1.1/lib/tinyusb/src/portable/raspberrypi/rp2040/dcd_rp2040.c.obj
                0x10004c84                dcd_init
 .text.dcd_int_enable
                0x10004d10        0x8 CMakeFiles/DCSBiosRP2350.dir/C_/Users/j7517/.pico-sdk/sdk/2.1.1/lib/tinyusb/src/portable/raspberrypi/rp2040/dcd_rp2040.c.obj
                0x10004d10                dcd_int_enable
 .text.dcd_set_address
                0x10004d18       0x10 CMakeFiles/DCSBiosRP2350.dir/C_/Users/j7517/.pico-sdk/sdk/2.1.1/lib/tinyusb/src/portable/raspberrypi/rp2040/dcd_rp2040.c.obj
                0x10004d18                dcd_set_address
 .text.dcd_sof_enable
                0x10004d28       0x1c CMakeFiles/DCSBiosRP2350.dir/C_/Users/j7517/.pico-sdk/sdk/2.1.1/lib/tinyusb/src/portable/raspberrypi/rp2040/dcd_rp2040.c.obj
                0x10004d28                dcd_sof_enable
 .text.dcd_edpt0_status_complete
                0x10004d44       0x1c CMakeFiles/DCSBiosRP2350.dir/C_/Users/j7517/.pico-sdk/sdk/2.1.1/lib/tinyusb/src/portable/raspberrypi/rp2040/dcd_rp2040.c.obj
                0x10004d44                dcd_edpt0_status_complete
 .text.dcd_edpt_open
                0x10004d60      0x104 CMakeFiles/DCSBiosRP2350.dir/C_/Users/j7517/.pico-sdk/sdk/2.1.1/lib/tinyusb/src/portable/raspberrypi/rp2040/dcd_rp2040.c.obj
                0x10004d60                dcd_edpt_open
 .text.dcd_edpt_close_all
                0x10004e64        0x4 CMakeFiles/DCSBiosRP2350.dir/C_/Users/j7517/.pico-sdk/sdk/2.1.1/lib/tinyusb/src/portable/raspberrypi/rp2040/dcd_rp2040.c.obj
                0x10004e64                dcd_edpt_close_all
 .text.dcd_edpt_xfer
                0x10004e68       0x28 CMakeFiles/DCSBiosRP2350.dir/C_/Users/j7517/.pico-sdk/sdk/2.1.1/lib/tinyusb/src/portable/raspberrypi/rp2040/dcd_rp2040.c.obj
                0x10004e68                dcd_edpt_xfer
 .text.dcd_edpt_stall
                0x10004e90       0x30 CMakeFiles/DCSBiosRP2350.dir/C_/Users/j7517/.pico-sdk/sdk/2.1.1/lib/tinyusb/src/portable/raspberrypi/rp2040/dcd_rp2040.c.obj
                0x10004e90                dcd_edpt_stall
 .text.dcd_edpt_clear_stall
                0x10004ec0       0x24 CMakeFiles/DCSBiosRP2350.dir/C_/Users/j7517/.pico-sdk/sdk/2.1.1/lib/tinyusb/src/portable/raspberrypi/rp2040/dcd_rp2040.c.obj
                0x10004ec0                dcd_edpt_clear_stall
 .text.rp2040_usb_init
                0x10004ee4       0x40 CMakeFiles/DCSBiosRP2350.dir/C_/Users/j7517/.pico-sdk/sdk/2.1.1/lib/tinyusb/src/portable/raspberrypi/rp2040/rp2040_usb.c.obj
                0x10004ee4                rp2040_usb_init
 .text.hw_endpoint_xfer_start
                0x10004f24       0x40 CMakeFiles/DCSBiosRP2350.dir/C_/Users/j7517/.pico-sdk/sdk/2.1.1/lib/tinyusb/src/portable/raspberrypi/rp2040/rp2040_usb.c.obj
                0x10004f24                hw_endpoint_xfer_start
 .text.configuration_reset
                0x10004f64       0x8c CMakeFiles/DCSBiosRP2350.dir/C_/Users/j7517/.pico-sdk/sdk/2.1.1/lib/tinyusb/src/device/usbd.c.obj
 .text.tud_event_hook_cb
                0x10004ff0        0x4 CMakeFiles/DCSBiosRP2350.dir/C_/Users/j7517/.pico-sdk/sdk/2.1.1/lib/tinyusb/src/device/usbd.c.obj
                0x10004ff0                tud_event_hook_cb
 .text.tud_sof_cb
                0x10004ff4        0x4 CMakeFiles/DCSBiosRP2350.dir/C_/Users/j7517/.pico-sdk/sdk/2.1.1/lib/tinyusb/src/device/usbd.c.obj
                0x10004ff4                tud_sof_cb
 .text.tud_descriptor_device_qualifier_cb
                0x10004ff8        0x4 CMakeFiles/DCSBiosRP2350.dir/C_/Users/j7517/.pico-sdk/sdk/2.1.1/lib/tinyusb/src/device/usbd.c.obj
                0x10004ff8                tud_descriptor_device_qualifier_cb
 .text.tud_descriptor_other_speed_configuration_cb
                0x10004ffc        0x4 CMakeFiles/DCSBiosRP2350.dir/C_/Users/j7517/.pico-sdk/sdk/2.1.1/lib/tinyusb/src/device/usbd.c.obj
                0x10004ffc                tud_descriptor_other_speed_configuration_cb
 .text.tud_mount_cb
                0x10005000        0x4 CMakeFiles/DCSBiosRP2350.dir/C_/Users/j7517/.pico-sdk/sdk/2.1.1/lib/tinyusb/src/device/usbd.c.obj
                0x10005000                tud_mount_cb
 .text.tud_umount_cb
                0x10005004        0x4 CMakeFiles/DCSBiosRP2350.dir/C_/Users/j7517/.pico-sdk/sdk/2.1.1/lib/tinyusb/src/device/usbd.c.obj
                0x10005004                tud_umount_cb
 .text.tud_suspend_cb
                0x10005008        0x4 CMakeFiles/DCSBiosRP2350.dir/C_/Users/j7517/.pico-sdk/sdk/2.1.1/lib/tinyusb/src/device/usbd.c.obj
                0x10005008                tud_suspend_cb
 .text.tud_resume_cb
                0x1000500c        0x4 CMakeFiles/DCSBiosRP2350.dir/C_/Users/j7517/.pico-sdk/sdk/2.1.1/lib/tinyusb/src/device/usbd.c.obj
                0x1000500c                tud_resume_cb
 .text.tud_mounted
                0x10005010       0x10 CMakeFiles/DCSBiosRP2350.dir/C_/Users/j7517/.pico-sdk/sdk/2.1.1/lib/tinyusb/src/device/usbd.c.obj
                0x10005010                tud_mounted
 .text.tud_suspended
                0x10005020       0x10 CMakeFiles/DCSBiosRP2350.dir/C_/Users/j7517/.pico-sdk/sdk/2.1.1/lib/tinyusb/src/device/usbd.c.obj
                0x10005020                tud_suspended
 .text.tud_rhport_init
                0x10005030       0xf4 CMakeFiles/DCSBiosRP2350.dir/C_/Users/j7517/.pico-sdk/sdk/2.1.1/lib/tinyusb/src/device/usbd.c.obj
                0x10005030                tud_rhport_init
 .text.tud_task_ext
                0x10005124      0x784 CMakeFiles/DCSBiosRP2350.dir/C_/Users/j7517/.pico-sdk/sdk/2.1.1/lib/tinyusb/src/device/usbd.c.obj
                0x10005124                tud_task_ext
 .text.usbd_open_edpt_pair
                0x100058a8       0x9c CMakeFiles/DCSBiosRP2350.dir/C_/Users/j7517/.pico-sdk/sdk/2.1.1/lib/tinyusb/src/device/usbd.c.obj
                0x100058a8                usbd_open_edpt_pair
 .text.usbd_edpt_open
                0x10005944       0x44 CMakeFiles/DCSBiosRP2350.dir/C_/Users/j7517/.pico-sdk/sdk/2.1.1/lib/tinyusb/src/device/usbd.c.obj
                0x10005944                usbd_edpt_open
 .text.usbd_edpt_claim
                0x10005988       0x24 CMakeFiles/DCSBiosRP2350.dir/C_/Users/j7517/.pico-sdk/sdk/2.1.1/lib/tinyusb/src/device/usbd.c.obj
                0x10005988                usbd_edpt_claim
 .text.usbd_edpt_release
                0x100059ac       0x24 CMakeFiles/DCSBiosRP2350.dir/C_/Users/j7517/.pico-sdk/sdk/2.1.1/lib/tinyusb/src/device/usbd.c.obj
                0x100059ac                usbd_edpt_release
 .text.usbd_edpt_xfer
                0x100059d0       0x70 CMakeFiles/DCSBiosRP2350.dir/C_/Users/j7517/.pico-sdk/sdk/2.1.1/lib/tinyusb/src/device/usbd.c.obj
                0x100059d0                usbd_edpt_xfer
 .text.tud_control_status
                0x10005a40       0x34 CMakeFiles/DCSBiosRP2350.dir/C_/Users/j7517/.pico-sdk/sdk/2.1.1/lib/tinyusb/src/device/usbd_control.c.obj
                0x10005a40                tud_control_status
 .text.tud_control_xfer
                0x10005a74       0xb0 CMakeFiles/DCSBiosRP2350.dir/C_/Users/j7517/.pico-sdk/sdk/2.1.1/lib/tinyusb/src/device/usbd_control.c.obj
                0x10005a74                tud_control_xfer
 .text.usbd_control_reset
                0x10005b24       0x14 CMakeFiles/DCSBiosRP2350.dir/C_/Users/j7517/.pico-sdk/sdk/2.1.1/lib/tinyusb/src/device/usbd_control.c.obj
                0x10005b24                usbd_control_reset
 .text.usbd_control_set_complete_callback
                0x10005b38        0xc CMakeFiles/DCSBiosRP2350.dir/C_/Users/j7517/.pico-sdk/sdk/2.1.1/lib/tinyusb/src/device/usbd_control.c.obj
                0x10005b38                usbd_control_set_complete_callback
 .text.usbd_control_set_request
                0x10005b44       0x1c CMakeFiles/DCSBiosRP2350.dir/C_/Users/j7517/.pico-sdk/sdk/2.1.1/lib/tinyusb/src/device/usbd_control.c.obj
                0x10005b44                usbd_control_set_request
 .text.usbd_control_xfer_cb
                0x10005b60      0x100 CMakeFiles/DCSBiosRP2350.dir/C_/Users/j7517/.pico-sdk/sdk/2.1.1/lib/tinyusb/src/device/usbd_control.c.obj
                0x10005b60                usbd_control_xfer_cb
 .text._prep_out_transaction.isra.0
                0x10005c60       0x74 CMakeFiles/DCSBiosRP2350.dir/C_/Users/j7517/.pico-sdk/sdk/2.1.1/lib/tinyusb/src/class/cdc/cdc_device.c.obj
 .text.tud_cdc_n_connected
                0x10005cd4       0x2c CMakeFiles/DCSBiosRP2350.dir/C_/Users/j7517/.pico-sdk/sdk/2.1.1/lib/tinyusb/src/class/cdc/cdc_device.c.obj
                0x10005cd4                tud_cdc_n_connected
 .text.tud_cdc_n_available
                0x10005d00       0x14 CMakeFiles/DCSBiosRP2350.dir/C_/Users/j7517/.pico-sdk/sdk/2.1.1/lib/tinyusb/src/class/cdc/cdc_device.c.obj
                0x10005d00                tud_cdc_n_available
 .text.tud_cdc_n_read
                0x10005d14       0x90 CMakeFiles/DCSBiosRP2350.dir/C_/Users/j7517/.pico-sdk/sdk/2.1.1/lib/tinyusb/src/class/cdc/cdc_device.c.obj
                0x10005d14                tud_cdc_n_read
 .text.tud_cdc_n_write_flush
                0x10005da4       0x8c CMakeFiles/DCSBiosRP2350.dir/C_/Users/j7517/.pico-sdk/sdk/2.1.1/lib/tinyusb/src/class/cdc/cdc_device.c.obj
                0x10005da4                tud_cdc_n_write_flush
 .text.tud_cdc_n_write
                0x10005e30       0x40 CMakeFiles/DCSBiosRP2350.dir/C_/Users/j7517/.pico-sdk/sdk/2.1.1/lib/tinyusb/src/class/cdc/cdc_device.c.obj
                0x10005e30                tud_cdc_n_write
 .text.tud_cdc_n_write_available
                0x10005e70       0x14 CMakeFiles/DCSBiosRP2350.dir/C_/Users/j7517/.pico-sdk/sdk/2.1.1/lib/tinyusb/src/class/cdc/cdc_device.c.obj
                0x10005e70                tud_cdc_n_write_available
 .text.cdcd_init
                0x10005e84       0x70 CMakeFiles/DCSBiosRP2350.dir/C_/Users/j7517/.pico-sdk/sdk/2.1.1/lib/tinyusb/src/class/cdc/cdc_device.c.obj
                0x10005e84                cdcd_init
 .text.cdcd_deinit
                0x10005ef4       0x30 CMakeFiles/DCSBiosRP2350.dir/C_/Users/j7517/.pico-sdk/sdk/2.1.1/lib/tinyusb/src/class/cdc/cdc_device.c.obj
                0x10005ef4                cdcd_deinit
 .text.cdcd_reset
                0x10005f24       0x4c CMakeFiles/DCSBiosRP2350.dir/C_/Users/j7517/.pico-sdk/sdk/2.1.1/lib/tinyusb/src/class/cdc/cdc_device.c.obj
                0x10005f24                cdcd_reset
 .text.cdcd_open
                0x10005f70       0xc0 CMakeFiles/DCSBiosRP2350.dir/C_/Users/j7517/.pico-sdk/sdk/2.1.1/lib/tinyusb/src/class/cdc/cdc_device.c.obj
                0x10005f70                cdcd_open
 .text.cdcd_control_xfer_cb
                0x10006030       0xc0 CMakeFiles/DCSBiosRP2350.dir/C_/Users/j7517/.pico-sdk/sdk/2.1.1/lib/tinyusb/src/class/cdc/cdc_device.c.obj
                0x10006030                cdcd_control_xfer_cb
 .text.cdcd_xfer_cb
                0x100060f0       0xf8 CMakeFiles/DCSBiosRP2350.dir/C_/Users/j7517/.pico-sdk/sdk/2.1.1/lib/tinyusb/src/class/cdc/cdc_device.c.obj
                0x100060f0                cdcd_xfer_cb
 .text.vendord_init
                0x100061e8       0x5c CMakeFiles/DCSBiosRP2350.dir/C_/Users/j7517/.pico-sdk/sdk/2.1.1/lib/tinyusb/src/class/vendor/vendor_device.c.obj
                0x100061e8                vendord_init
 .text.vendord_deinit
                0x10006244       0x1c CMakeFiles/DCSBiosRP2350.dir/C_/Users/j7517/.pico-sdk/sdk/2.1.1/lib/tinyusb/src/class/vendor/vendor_device.c.obj
                0x10006244                vendord_deinit
 .text.vendord_reset
                0x10006260       0x24 CMakeFiles/DCSBiosRP2350.dir/C_/Users/j7517/.pico-sdk/sdk/2.1.1/lib/tinyusb/src/class/vendor/vendor_device.c.obj
                0x10006260                vendord_reset
 .text.vendord_open
                0x10006284       0xf4 CMakeFiles/DCSBiosRP2350.dir/C_/Users/j7517/.pico-sdk/sdk/2.1.1/lib/tinyusb/src/class/vendor/vendor_device.c.obj
                0x10006284                vendord_open
 .text.vendord_xfer_cb
                0x10006378       0x88 CMakeFiles/DCSBiosRP2350.dir/C_/Users/j7517/.pico-sdk/sdk/2.1.1/lib/tinyusb/src/class/vendor/vendor_device.c.obj
                0x10006378                vendord_xfer_cb
 .text.tusb_rhport_init
                0x10006400       0x64 CMakeFiles/DCSBiosRP2350.dir/C_/Users/j7517/.pico-sdk/sdk/2.1.1/lib/tinyusb/src/tusb.c.obj
                0x10006400                tusb_rhport_init
 .text.tu_edpt_claim
                0x10006464       0x54 CMakeFiles/DCSBiosRP2350.dir/C_/Users/j7517/.pico-sdk/sdk/2.1.1/lib/tinyusb/src/tusb.c.obj
                0x10006464                tu_edpt_claim
 .text.tu_edpt_release
                0x100064b8       0x38 CMakeFiles/DCSBiosRP2350.dir/C_/Users/j7517/.pico-sdk/sdk/2.1.1/lib/tinyusb/src/tusb.c.obj
                0x100064b8                tu_edpt_release
 .text.tu_edpt_validate
                0x100064f0       0x60 CMakeFiles/DCSBiosRP2350.dir/C_/Users/j7517/.pico-sdk/sdk/2.1.1/lib/tinyusb/src/tusb.c.obj
                0x100064f0                tu_edpt_validate
 .text.tu_edpt_bind_driver
                0x10006550       0x58 CMakeFiles/DCSBiosRP2350.dir/C_/Users/j7517/.pico-sdk/sdk/2.1.1/lib/tinyusb/src/tusb.c.obj
                0x10006550                tu_edpt_bind_driver
 .text.tu_edpt_stream_init
                0x100065a8       0x58 CMakeFiles/DCSBiosRP2350.dir/C_/Users/j7517/.pico-sdk/sdk/2.1.1/lib/tinyusb/src/tusb.c.obj
                0x100065a8                tu_edpt_stream_init
 .text.tu_edpt_stream_deinit
                0x10006600        0x4 CMakeFiles/DCSBiosRP2350.dir/C_/Users/j7517/.pico-sdk/sdk/2.1.1/lib/tinyusb/src/tusb.c.obj
                0x10006600                tu_edpt_stream_deinit
 .text.tu_edpt_stream_write_zlp_if_needed
                0x10006604       0x68 CMakeFiles/DCSBiosRP2350.dir/C_/Users/j7517/.pico-sdk/sdk/2.1.1/lib/tinyusb/src/tusb.c.obj
                0x10006604                tu_edpt_stream_write_zlp_if_needed
 .text.tu_edpt_stream_write_xfer
                0x1000666c       0x70 CMakeFiles/DCSBiosRP2350.dir/C_/Users/j7517/.pico-sdk/sdk/2.1.1/lib/tinyusb/src/tusb.c.obj
                0x1000666c                tu_edpt_stream_write_xfer
 .text.tu_edpt_stream_read_xfer
                0x100066dc       0xc8 CMakeFiles/DCSBiosRP2350.dir/C_/Users/j7517/.pico-sdk/sdk/2.1.1/lib/tinyusb/src/tusb.c.obj
                0x100066dc                tu_edpt_stream_read_xfer
 .text.tu_fifo_config
                0x100067a4       0x60 CMakeFiles/DCSBiosRP2350.dir/C_/Users/j7517/.pico-sdk/sdk/2.1.1/lib/tinyusb/src/common/tusb_fifo.c.obj
                0x100067a4                tu_fifo_config
 .text.tu_fifo_count
                0x10006804       0x20 CMakeFiles/DCSBiosRP2350.dir/C_/Users/j7517/.pico-sdk/sdk/2.1.1/lib/tinyusb/src/common/tusb_fifo.c.obj
                0x10006804                tu_fifo_count
 .text.tu_fifo_empty
                0x10006824       0x14 CMakeFiles/DCSBiosRP2350.dir/C_/Users/j7517/.pico-sdk/sdk/2.1.1/lib/tinyusb/src/common/tusb_fifo.c.obj
                0x10006824                tu_fifo_empty
 .text.tu_fifo_remaining
                0x10006838       0x24 CMakeFiles/DCSBiosRP2350.dir/C_/Users/j7517/.pico-sdk/sdk/2.1.1/lib/tinyusb/src/common/tusb_fifo.c.obj
                0x10006838                tu_fifo_remaining
 .text.tu_fifo_read
                0x1000685c       0x94 CMakeFiles/DCSBiosRP2350.dir/C_/Users/j7517/.pico-sdk/sdk/2.1.1/lib/tinyusb/src/common/tusb_fifo.c.obj
                0x1000685c                tu_fifo_read
 .text.tu_fifo_read_n
                0x100068f0       0xd8 CMakeFiles/DCSBiosRP2350.dir/C_/Users/j7517/.pico-sdk/sdk/2.1.1/lib/tinyusb/src/common/tusb_fifo.c.obj
                0x100068f0                tu_fifo_read_n
 .text.tu_fifo_write
                0x100069c8       0xa4 CMakeFiles/DCSBiosRP2350.dir/C_/Users/j7517/.pico-sdk/sdk/2.1.1/lib/tinyusb/src/common/tusb_fifo.c.obj
                0x100069c8                tu_fifo_write
 .text.tu_fifo_write_n
                0x10006a6c      0x15c CMakeFiles/DCSBiosRP2350.dir/C_/Users/j7517/.pico-sdk/sdk/2.1.1/lib/tinyusb/src/common/tusb_fifo.c.obj
                0x10006a6c                tu_fifo_write_n
 .text.tu_fifo_clear
                0x10006bc8       0x38 CMakeFiles/DCSBiosRP2350.dir/C_/Users/j7517/.pico-sdk/sdk/2.1.1/lib/tinyusb/src/common/tusb_fifo.c.obj
                0x10006bc8                tu_fifo_clear
 .text.tu_fifo_set_overwritable
                0x10006c00       0x3c CMakeFiles/DCSBiosRP2350.dir/C_/Users/j7517/.pico-sdk/sdk/2.1.1/lib/tinyusb/src/common/tusb_fifo.c.obj
                0x10006c00                tu_fifo_set_overwritable
 .text.core1_trampoline
                0x10006c3c        0x4 CMakeFiles/DCSBiosRP2350.dir/C_/Users/j7517/.pico-sdk/sdk/2.1.1/src/rp2_common/pico_multicore/multicore.c.obj
 .text.core1_wrapper
                0x10006c40       0x10 CMakeFiles/DCSBiosRP2350.dir/C_/Users/j7517/.pico-sdk/sdk/2.1.1/src/rp2_common/pico_multicore/multicore.c.obj
                0x10006c40                core1_wrapper
 .text.multicore_fifo_push_timeout_us
                0x10006c50       0x58 CMakeFiles/DCSBiosRP2350.dir/C_/Users/j7517/.pico-sdk/sdk/2.1.1/src/rp2_common/pico_multicore/multicore.c.obj
                0x10006c50                multicore_fifo_push_timeout_us
 .text.multicore_fifo_pop_blocking
                0x10006ca8       0x1c CMakeFiles/DCSBiosRP2350.dir/C_/Users/j7517/.pico-sdk/sdk/2.1.1/src/rp2_common/pico_multicore/multicore.c.obj
                0x10006ca8                multicore_fifo_pop_blocking
 .text.multicore_launch_core1_raw
                0x10006cc4       0x84 CMakeFiles/DCSBiosRP2350.dir/C_/Users/j7517/.pico-sdk/sdk/2.1.1/src/rp2_common/pico_multicore/multicore.c.obj
                0x10006cc4                multicore_launch_core1_raw
 .text.multicore_launch_core1
                0x10006d48       0x48 CMakeFiles/DCSBiosRP2350.dir/C_/Users/j7517/.pico-sdk/sdk/2.1.1/src/rp2_common/pico_multicore/multicore.c.obj
                0x10006d48                multicore_launch_core1
 .text.__cxa_guard_acquire
                0x10006d90       0x38 C:/Users/j7517/.pico-sdk/toolchain/14_2_Rel1/bin/../lib/gcc/arm-none-eabi/14.2.1/thumb/v8-m.main+fp/softfp\libstdc++.a(guard.o)
                0x10006d90                __cxa_guard_acquire
 .text.__cxa_guard_release
                0x10006dc8        0x8 C:/Users/j7517/.pico-sdk/toolchain/14_2_Rel1/bin/../lib/gcc/arm-none-eabi/14.2.1/thumb/v8-m.main+fp/softfp\libstdc++.a(guard.o)
                0x10006dc8                __cxa_guard_release
 .text._ZN9__gnu_cxx20recursive_init_errorD2Ev
                0x10006dd0       0x14 C:/Users/j7517/.pico-sdk/toolchain/14_2_Rel1/bin/../lib/gcc/arm-none-eabi/14.2.1/thumb/v8-m.main+fp/softfp\libstdc++.a(guard_error.o)
                0x10006dd0                __gnu_cxx::recursive_init_error::~recursive_init_error()
                0x10006dd0                __gnu_cxx::recursive_init_error::~recursive_init_error()
 .text._ZN9__gnu_cxx20recursive_init_errorD0Ev
                0x10006de4       0x1c C:/Users/j7517/.pico-sdk/toolchain/14_2_Rel1/bin/../lib/gcc/arm-none-eabi/14.2.1/thumb/v8-m.main+fp/softfp\libstdc++.a(guard_error.o)
                0x10006de4                __gnu_cxx::recursive_init_error::~recursive_init_error()
 .text._ZN9__gnu_cxx20recursive_init_errorC2Ev
                0x10006e00        0xc C:/Users/j7517/.pico-sdk/toolchain/14_2_Rel1/bin/../lib/gcc/arm-none-eabi/14.2.1/thumb/v8-m.main+fp/softfp\libstdc++.a(guard_error.o)
                0x10006e00                __gnu_cxx::recursive_init_error::recursive_init_error()
                0x10006e00                __gnu_cxx::recursive_init_error::recursive_init_error()
 .text._ZN10__cxxabiv120__si_class_type_infoD2Ev
                0x10006e0c       0x14 C:/Users/j7517/.pico-sdk/toolchain/14_2_Rel1/bin/../lib/gcc/arm-none-eabi/14.2.1/thumb/v8-m.main+fp/softfp\libstdc++.a(si_class_type_info.o)
                0x10006e0c                __cxxabiv1::__si_class_type_info::~__si_class_type_info()
                0x10006e0c                __cxxabiv1::__si_class_type_info::~__si_class_type_info()
 .text._ZN10__cxxabiv120__si_class_type_infoD0Ev
                0x10006e20       0x1c C:/Users/j7517/.pico-sdk/toolchain/14_2_Rel1/bin/../lib/gcc/arm-none-eabi/14.2.1/thumb/v8-m.main+fp/softfp\libstdc++.a(si_class_type_info.o)
                0x10006e20                __cxxabiv1::__si_class_type_info::~__si_class_type_info()
 .text._ZNK10__cxxabiv120__si_class_type_info20__do_find_public_srcEiPKvPKNS_17__class_type_infoES2_
                0x10006e3c       0x3c C:/Users/j7517/.pico-sdk/toolchain/14_2_Rel1/bin/../lib/gcc/arm-none-eabi/14.2.1/thumb/v8-m.main+fp/softfp\libstdc++.a(si_class_type_info.o)
                0x10006e3c                __cxxabiv1::__si_class_type_info::__do_find_public_src(int, void const*, __cxxabiv1::__class_type_info const*, void const*) const
 .text._ZNK10__cxxabiv120__si_class_type_info12__do_dyncastEiNS_17__class_type_info10__sub_kindEPKS1_PKvS4_S6_RNS1_16__dyncast_resultE
                0x10006e78       0x84 C:/Users/j7517/.pico-sdk/toolchain/14_2_Rel1/bin/../lib/gcc/arm-none-eabi/14.2.1/thumb/v8-m.main+fp/softfp\libstdc++.a(si_class_type_info.o)
                0x10006e78                __cxxabiv1::__si_class_type_info::__do_dyncast(int, __cxxabiv1::__class_type_info::__sub_kind, __cxxabiv1::__class_type_info const*, void const*, __cxxabiv1::__class_type_info const*, void const*, __cxxabiv1::__class_type_info::__dyncast_result&) const
 .text._ZNK10__cxxabiv120__si_class_type_info11__do_upcastEPKNS_17__class_type_infoEPKvRNS1_15__upcast_resultE
                0x10006efc       0x2c C:/Users/j7517/.pico-sdk/toolchain/14_2_Rel1/bin/../lib/gcc/arm-none-eabi/14.2.1/thumb/v8-m.main+fp/softfp\libstdc++.a(si_class_type_info.o)
                0x10006efc                __cxxabiv1::__si_class_type_info::__do_upcast(__cxxabiv1::__class_type_info const*, void const*, __cxxabiv1::__class_type_info::__upcast_result&) const
 .text._ZNSt9type_infoD2Ev
                0x10006f28        0x4 C:/Users/j7517/.pico-sdk/toolchain/14_2_Rel1/bin/../lib/gcc/arm-none-eabi/14.2.1/thumb/v8-m.main+fp/softfp\libstdc++.a(tinfo.o)
                0x10006f28                std::type_info::~type_info()
                0x10006f28                std::type_info::~type_info()
 .text._ZNKSt9type_info14__is_pointer_pEv
                0x10006f2c        0x4 C:/Users/j7517/.pico-sdk/toolchain/14_2_Rel1/bin/../lib/gcc/arm-none-eabi/14.2.1/thumb/v8-m.main+fp/softfp\libstdc++.a(tinfo.o)
                0x10006f2c                std::type_info::__is_pointer_p() const
                0x10006f2c                std::type_info::__is_function_p() const
 .text._ZNKSt9type_infoeqERKS_
                0x10006f30       0x2c C:/Users/j7517/.pico-sdk/toolchain/14_2_Rel1/bin/../lib/gcc/arm-none-eabi/14.2.1/thumb/v8-m.main+fp/softfp\libstdc++.a(tinfo.o)
                0x10006f30                std::type_info::operator==(std::type_info const&) const
                0x10006f30                std::type_info::__equal(std::type_info const&) const
 .text._ZNK10__cxxabiv117__class_type_info11__do_upcastEPKS0_PPv
                0x10006f5c       0x38 C:/Users/j7517/.pico-sdk/toolchain/14_2_Rel1/bin/../lib/gcc/arm-none-eabi/14.2.1/thumb/v8-m.main+fp/softfp\libstdc++.a(class_type_info.o)
                0x10006f5c                __cxxabiv1::__class_type_info::__do_upcast(__cxxabiv1::__class_type_info const*, void**) const
 .text._ZNK10__cxxabiv117__class_type_info20__do_find_public_srcEiPKvPKS0_S2_
                0x10006f94        0xc C:/Users/j7517/.pico-sdk/toolchain/14_2_Rel1/bin/../lib/gcc/arm-none-eabi/14.2.1/thumb/v8-m.main+fp/softfp\libstdc++.a(class_type_info.o)
                0x10006f94                __cxxabiv1::__class_type_info::__do_find_public_src(int, void const*, __cxxabiv1::__class_type_info const*, void const*) const
 .text._ZN10__cxxabiv117__class_type_infoD2Ev
                0x10006fa0       0x14 C:/Users/j7517/.pico-sdk/toolchain/14_2_Rel1/bin/../lib/gcc/arm-none-eabi/14.2.1/thumb/v8-m.main+fp/softfp\libstdc++.a(class_type_info.o)
                0x10006fa0                __cxxabiv1::__class_type_info::~__class_type_info()
                0x10006fa0                __cxxabiv1::__class_type_info::~__class_type_info()
 .text._ZN10__cxxabiv117__class_type_infoD0Ev
                0x10006fb4       0x1c C:/Users/j7517/.pico-sdk/toolchain/14_2_Rel1/bin/../lib/gcc/arm-none-eabi/14.2.1/thumb/v8-m.main+fp/softfp\libstdc++.a(class_type_info.o)
                0x10006fb4                __cxxabiv1::__class_type_info::~__class_type_info()
 .text._ZNK10__cxxabiv117__class_type_info12__do_dyncastEiNS0_10__sub_kindEPKS0_PKvS3_S5_RNS0_16__dyncast_resultE
                0x10006fd0       0x44 C:/Users/j7517/.pico-sdk/toolchain/14_2_Rel1/bin/../lib/gcc/arm-none-eabi/14.2.1/thumb/v8-m.main+fp/softfp\libstdc++.a(class_type_info.o)
                0x10006fd0                __cxxabiv1::__class_type_info::__do_dyncast(int, __cxxabiv1::__class_type_info::__sub_kind, __cxxabiv1::__class_type_info const*, void const*, __cxxabiv1::__class_type_info const*, void const*, __cxxabiv1::__class_type_info::__dyncast_result&) const
 .text._ZNK10__cxxabiv117__class_type_info11__do_upcastEPKS0_PKvRNS0_15__upcast_resultE
                0x10007014       0x1c C:/Users/j7517/.pico-sdk/toolchain/14_2_Rel1/bin/../lib/gcc/arm-none-eabi/14.2.1/thumb/v8-m.main+fp/softfp\libstdc++.a(class_type_info.o)
                0x10007014                __cxxabiv1::__class_type_info::__do_upcast(__cxxabiv1::__class_type_info const*, void const*, __cxxabiv1::__class_type_info::__upcast_result&) const
 .text._ZNK10__cxxabiv117__class_type_info10__do_catchEPKSt9type_infoPPvj
                0x10007030       0x2c C:/Users/j7517/.pico-sdk/toolchain/14_2_Rel1/bin/../lib/gcc/arm-none-eabi/14.2.1/thumb/v8-m.main+fp/softfp\libstdc++.a(class_type_info.o)
                0x10007030                __cxxabiv1::__class_type_info::__do_catch(std::type_info const*, void**, unsigned int) const
 .text._ZN12_GLOBAL__N_14pool4freeEPv.constprop.0
                0x1000705c       0x88 C:/Users/j7517/.pico-sdk/toolchain/14_2_Rel1/bin/../lib/gcc/arm-none-eabi/14.2.1/thumb/v8-m.main+fp/softfp\libstdc++.a(eh_alloc.o)
 .text._ZN12_GLOBAL__N_14pool8allocateEj.constprop.0
                0x100070e4       0x5c C:/Users/j7517/.pico-sdk/toolchain/14_2_Rel1/bin/../lib/gcc/arm-none-eabi/14.2.1/thumb/v8-m.main+fp/softfp\libstdc++.a(eh_alloc.o)
 .text.__cxa_allocate_exception
                0x10007140       0x30 C:/Users/j7517/.pico-sdk/toolchain/14_2_Rel1/bin/../lib/gcc/arm-none-eabi/14.2.1/thumb/v8-m.main+fp/softfp\libstdc++.a(eh_alloc.o)
                0x10007140                __cxa_allocate_exception
 .text.__cxa_free_exception
                0x10007170       0x20 C:/Users/j7517/.pico-sdk/toolchain/14_2_Rel1/bin/../lib/gcc/arm-none-eabi/14.2.1/thumb/v8-m.main+fp/softfp\libstdc++.a(eh_alloc.o)
                0x10007170                __cxa_free_exception
 .text.startup._GLOBAL__sub_I__ZN9__gnu_cxx9__freeresEv
                0x10007190       0xf0 C:/Users/j7517/.pico-sdk/toolchain/14_2_Rel1/bin/../lib/gcc/arm-none-eabi/14.2.1/thumb/v8-m.main+fp/softfp\libstdc++.a(eh_alloc.o)
 .text._ZNSt9exceptionD2Ev
                0x10007280        0x4 C:/Users/j7517/.pico-sdk/toolchain/14_2_Rel1/bin/../lib/gcc/arm-none-eabi/14.2.1/thumb/v8-m.main+fp/softfp\libstdc++.a(eh_exception.o)
                0x10007280                std::exception::~exception()
                0x10007280                std::exception::~exception()
 .text._ZNSt13bad_exceptionD2Ev
                0x10007284        0x4 C:/Users/j7517/.pico-sdk/toolchain/14_2_Rel1/bin/../lib/gcc/arm-none-eabi/14.2.1/thumb/v8-m.main+fp/softfp\libstdc++.a(eh_exception.o)
                0x10007284                std::bad_exception::~bad_exception()
                0x10007284                std::bad_exception::~bad_exception()
 .text._ZNKSt9exception4whatEv
                0x10007288        0x8 C:/Users/j7517/.pico-sdk/toolchain/14_2_Rel1/bin/../lib/gcc/arm-none-eabi/14.2.1/thumb/v8-m.main+fp/softfp\libstdc++.a(eh_exception.o)
                0x10007288                std::exception::what() const
                0x10007288                transaction clone for std::exception::what() const
 .text._ZNKSt13bad_exception4whatEv
                0x10007290        0x8 C:/Users/j7517/.pico-sdk/toolchain/14_2_Rel1/bin/../lib/gcc/arm-none-eabi/14.2.1/thumb/v8-m.main+fp/softfp\libstdc++.a(eh_exception.o)
                0x10007290                std::bad_exception::what() const
                0x10007290                transaction clone for std::bad_exception::what() const
 .text._ZNSt13bad_exceptionD0Ev
                0x10007298       0x10 C:/Users/j7517/.pico-sdk/toolchain/14_2_Rel1/bin/../lib/gcc/arm-none-eabi/14.2.1/thumb/v8-m.main+fp/softfp\libstdc++.a(eh_exception.o)
                0x10007298                std::bad_exception::~bad_exception()
 .text._ZN10__cxxabiv111__terminateEPFvvE
                0x100072a8       0x10 C:/Users/j7517/.pico-sdk/toolchain/14_2_Rel1/bin/../lib/gcc/arm-none-eabi/14.2.1/thumb/v8-m.main+fp/softfp\libstdc++.a(eh_terminate.o)
                0x100072a8                __cxxabiv1::__terminate(void (*)())
 .text.unlikely._ZSt9terminatev
                0x100072b8       0x10 C:/Users/j7517/.pico-sdk/toolchain/14_2_Rel1/bin/../lib/gcc/arm-none-eabi/14.2.1/thumb/v8-m.main+fp/softfp\libstdc++.a(eh_terminate.o)
                0x100072b8                std::terminate()
 .text._ZN10__cxxabiv112__unexpectedEPFvvE
                0x100072c8        0x8 C:/Users/j7517/.pico-sdk/toolchain/14_2_Rel1/bin/../lib/gcc/arm-none-eabi/14.2.1/thumb/v8-m.main+fp/softfp\libstdc++.a(eh_terminate.o)
                0x100072c8                __cxxabiv1::__unexpected(void (*)())
 .text.unlikely._ZSt10unexpectedv
                0x100072d0       0x10 C:/Users/j7517/.pico-sdk/toolchain/14_2_Rel1/bin/../lib/gcc/arm-none-eabi/14.2.1/thumb/v8-m.main+fp/softfp\libstdc++.a(eh_terminate.o)
                0x100072d0                std::unexpected()
 .text._ZSt13get_terminatev
                0x100072e0        0xc C:/Users/j7517/.pico-sdk/toolchain/14_2_Rel1/bin/../lib/gcc/arm-none-eabi/14.2.1/thumb/v8-m.main+fp/softfp\libstdc++.a(eh_terminate.o)
                0x100072e0                std::get_terminate()
 .text._ZSt14get_unexpectedv
                0x100072ec        0xc C:/Users/j7517/.pico-sdk/toolchain/14_2_Rel1/bin/../lib/gcc/arm-none-eabi/14.2.1/thumb/v8-m.main+fp/softfp\libstdc++.a(eh_terminate.o)
                0x100072ec                std::get_unexpected()
 .text._ZL23__gxx_exception_cleanup19_Unwind_Reason_CodeP21_Unwind_Control_Block
                0x100072f8       0x3c C:/Users/j7517/.pico-sdk/toolchain/14_2_Rel1/bin/../lib/gcc/arm-none-eabi/14.2.1/thumb/v8-m.main+fp/softfp\libstdc++.a(eh_throw.o)
 .text.__cxa_init_primary_exception
                0x10007334       0x44 C:/Users/j7517/.pico-sdk/toolchain/14_2_Rel1/bin/../lib/gcc/arm-none-eabi/14.2.1/thumb/v8-m.main+fp/softfp\libstdc++.a(eh_throw.o)
                0x10007334                __cxa_init_primary_exception
 .text.__cxa_throw
                0x10007378       0x38 C:/Users/j7517/.pico-sdk/toolchain/14_2_Rel1/bin/../lib/gcc/arm-none-eabi/14.2.1/thumb/v8-m.main+fp/softfp\libstdc++.a(eh_throw.o)
                0x10007378                __cxa_throw
 .text.__cxa_rethrow
                0x100073b0       0x70 C:/Users/j7517/.pico-sdk/toolchain/14_2_Rel1/bin/../lib/gcc/arm-none-eabi/14.2.1/thumb/v8-m.main+fp/softfp\libstdc++.a(eh_throw.o)
                0x100073b0                __cxa_rethrow
 .text._ZN9__gnu_cxx27__verbose_terminate_handlerEv
                0x10007420      0x108 C:/Users/j7517/.pico-sdk/toolchain/14_2_Rel1/bin/../lib/gcc/arm-none-eabi/14.2.1/thumb/v8-m.main+fp/softfp\libstdc++.a(vterminate.o)
                0x10007420                __gnu_cxx::__verbose_terminate_handler()
 .text.d_make_comp
                0x10007528       0xf8 C:/Users/j7517/.pico-sdk/toolchain/14_2_Rel1/bin/../lib/gcc/arm-none-eabi/14.2.1/thumb/v8-m.main+fp/softfp\libstdc++.a(cp-demangle.o)
 .text.d_make_name
                0x10007620       0x44 C:/Users/j7517/.pico-sdk/toolchain/14_2_Rel1/bin/../lib/gcc/arm-none-eabi/14.2.1/thumb/v8-m.main+fp/softfp\libstdc++.a(cp-demangle.o)
 .text.d_number
                0x10007664       0x70 C:/Users/j7517/.pico-sdk/toolchain/14_2_Rel1/bin/../lib/gcc/arm-none-eabi/14.2.1/thumb/v8-m.main+fp/softfp\libstdc++.a(cp-demangle.o)
 .text.d_call_offset
                0x100076d4       0x58 C:/Users/j7517/.pico-sdk/toolchain/14_2_Rel1/bin/../lib/gcc/arm-none-eabi/14.2.1/thumb/v8-m.main+fp/softfp\libstdc++.a(cp-demangle.o)
 .text.d_ref_qualifier
                0x1000772c       0x34 C:/Users/j7517/.pico-sdk/toolchain/14_2_Rel1/bin/../lib/gcc/arm-none-eabi/14.2.1/thumb/v8-m.main+fp/softfp\libstdc++.a(cp-demangle.o)
 .text.d_discriminator
                0x10007760       0x48 C:/Users/j7517/.pico-sdk/toolchain/14_2_Rel1/bin/../lib/gcc/arm-none-eabi/14.2.1/thumb/v8-m.main+fp/softfp\libstdc++.a(cp-demangle.o)
 .text.d_count_templates_scopes
                0x100077a8       0xf8 C:/Users/j7517/.pico-sdk/toolchain/14_2_Rel1/bin/../lib/gcc/arm-none-eabi/14.2.1/thumb/v8-m.main+fp/softfp\libstdc++.a(cp-demangle.o)
 .text.d_pack_length
                0x100078a0       0x20 C:/Users/j7517/.pico-sdk/toolchain/14_2_Rel1/bin/../lib/gcc/arm-none-eabi/14.2.1/thumb/v8-m.main+fp/softfp\libstdc++.a(cp-demangle.o)
 .text.d_index_template_argument.part.0
                0x100078c0       0x1c C:/Users/j7517/.pico-sdk/toolchain/14_2_Rel1/bin/../lib/gcc/arm-none-eabi/14.2.1/thumb/v8-m.main+fp/softfp\libstdc++.a(cp-demangle.o)
 .text.d_growable_string_callback_adapter
                0x100078dc       0x78 C:/Users/j7517/.pico-sdk/toolchain/14_2_Rel1/bin/../lib/gcc/arm-none-eabi/14.2.1/thumb/v8-m.main+fp/softfp\libstdc++.a(cp-demangle.o)
 .text.next_is_type_qual.isra.0
                0x10007954       0x3c C:/Users/j7517/.pico-sdk/toolchain/14_2_Rel1/bin/../lib/gcc/arm-none-eabi/14.2.1/thumb/v8-m.main+fp/softfp\libstdc++.a(cp-demangle.o)
 .text.d_append_char
                0x10007990       0x44 C:/Users/j7517/.pico-sdk/toolchain/14_2_Rel1/bin/../lib/gcc/arm-none-eabi/14.2.1/thumb/v8-m.main+fp/softfp\libstdc++.a(cp-demangle.o)
 .text.d_lookup_template_argument
                0x100079d4       0x34 C:/Users/j7517/.pico-sdk/toolchain/14_2_Rel1/bin/../lib/gcc/arm-none-eabi/14.2.1/thumb/v8-m.main+fp/softfp\libstdc++.a(cp-demangle.o)
 .text.d_append_string
                0x10007a08       0x74 C:/Users/j7517/.pico-sdk/toolchain/14_2_Rel1/bin/../lib/gcc/arm-none-eabi/14.2.1/thumb/v8-m.main+fp/softfp\libstdc++.a(cp-demangle.o)
 .text.d_find_pack
                0x10007a7c       0xbc C:/Users/j7517/.pico-sdk/toolchain/14_2_Rel1/bin/../lib/gcc/arm-none-eabi/14.2.1/thumb/v8-m.main+fp/softfp\libstdc++.a(cp-demangle.o)
 .text.d_template_param
                0x10007b38       0x5c C:/Users/j7517/.pico-sdk/toolchain/14_2_Rel1/bin/../lib/gcc/arm-none-eabi/14.2.1/thumb/v8-m.main+fp/softfp\libstdc++.a(cp-demangle.o)
 .text.d_append_num
                0x10007b94       0x88 C:/Users/j7517/.pico-sdk/toolchain/14_2_Rel1/bin/../lib/gcc/arm-none-eabi/14.2.1/thumb/v8-m.main+fp/softfp\libstdc++.a(cp-demangle.o)
 .text.d_source_name
                0x10007c1c       0xa8 C:/Users/j7517/.pico-sdk/toolchain/14_2_Rel1/bin/../lib/gcc/arm-none-eabi/14.2.1/thumb/v8-m.main+fp/softfp\libstdc++.a(cp-demangle.o)
 .text.d_substitution
                0x10007cc4      0x1ac C:/Users/j7517/.pico-sdk/toolchain/14_2_Rel1/bin/../lib/gcc/arm-none-eabi/14.2.1/thumb/v8-m.main+fp/softfp\libstdc++.a(cp-demangle.o)
 .text.d_maybe_module_name
                0x10007e70       0x60 C:/Users/j7517/.pico-sdk/toolchain/14_2_Rel1/bin/../lib/gcc/arm-none-eabi/14.2.1/thumb/v8-m.main+fp/softfp\libstdc++.a(cp-demangle.o)
 .text.d_type   0x10007ed0      0x814 C:/Users/j7517/.pico-sdk/toolchain/14_2_Rel1/bin/../lib/gcc/arm-none-eabi/14.2.1/thumb/v8-m.main+fp/softfp\libstdc++.a(cp-demangle.o)
 .text.d_parmlist
                0x100086e4       0xa8 C:/Users/j7517/.pico-sdk/toolchain/14_2_Rel1/bin/../lib/gcc/arm-none-eabi/14.2.1/thumb/v8-m.main+fp/softfp\libstdc++.a(cp-demangle.o)
 .text.d_bare_function_type
                0x1000878c       0x48 C:/Users/j7517/.pico-sdk/toolchain/14_2_Rel1/bin/../lib/gcc/arm-none-eabi/14.2.1/thumb/v8-m.main+fp/softfp\libstdc++.a(cp-demangle.o)
 .text.d_function_type
                0x100087d4       0x6c C:/Users/j7517/.pico-sdk/toolchain/14_2_Rel1/bin/../lib/gcc/arm-none-eabi/14.2.1/thumb/v8-m.main+fp/softfp\libstdc++.a(cp-demangle.o)
 .text.d_template_parm
                0x10008840       0xa0 C:/Users/j7517/.pico-sdk/toolchain/14_2_Rel1/bin/../lib/gcc/arm-none-eabi/14.2.1/thumb/v8-m.main+fp/softfp\libstdc++.a(cp-demangle.o)
 .text.d_template_head
                0x100088e0       0x3c C:/Users/j7517/.pico-sdk/toolchain/14_2_Rel1/bin/../lib/gcc/arm-none-eabi/14.2.1/thumb/v8-m.main+fp/softfp\libstdc++.a(cp-demangle.o)
 .text.d_operator_name
                0x1000891c      0x10c C:/Users/j7517/.pico-sdk/toolchain/14_2_Rel1/bin/../lib/gcc/arm-none-eabi/14.2.1/thumb/v8-m.main+fp/softfp\libstdc++.a(cp-demangle.o)
 .text.d_unqualified_name
                0x10008a28      0x3f8 C:/Users/j7517/.pico-sdk/toolchain/14_2_Rel1/bin/../lib/gcc/arm-none-eabi/14.2.1/thumb/v8-m.main+fp/softfp\libstdc++.a(cp-demangle.o)
 .text.d_expression_1
                0x10008e20      0x4f4 C:/Users/j7517/.pico-sdk/toolchain/14_2_Rel1/bin/../lib/gcc/arm-none-eabi/14.2.1/thumb/v8-m.main+fp/softfp\libstdc++.a(cp-demangle.o)
 .text.d_exprlist
                0x10009314       0x74 C:/Users/j7517/.pico-sdk/toolchain/14_2_Rel1/bin/../lib/gcc/arm-none-eabi/14.2.1/thumb/v8-m.main+fp/softfp\libstdc++.a(cp-demangle.o)
 .text.d_cv_qualifiers
                0x10009388      0x14c C:/Users/j7517/.pico-sdk/toolchain/14_2_Rel1/bin/../lib/gcc/arm-none-eabi/14.2.1/thumb/v8-m.main+fp/softfp\libstdc++.a(cp-demangle.o)
 .text.d_template_args_1
                0x100094d4       0xa4 C:/Users/j7517/.pico-sdk/toolchain/14_2_Rel1/bin/../lib/gcc/arm-none-eabi/14.2.1/thumb/v8-m.main+fp/softfp\libstdc++.a(cp-demangle.o)
 .text.d_prefix
                0x10009578       0xc4 C:/Users/j7517/.pico-sdk/toolchain/14_2_Rel1/bin/../lib/gcc/arm-none-eabi/14.2.1/thumb/v8-m.main+fp/softfp\libstdc++.a(cp-demangle.o)
 .text.d_name   0x1000963c      0x2dc C:/Users/j7517/.pico-sdk/toolchain/14_2_Rel1/bin/../lib/gcc/arm-none-eabi/14.2.1/thumb/v8-m.main+fp/softfp\libstdc++.a(cp-demangle.o)
 .text.d_encoding.part.0
                0x10009918      0x138 C:/Users/j7517/.pico-sdk/toolchain/14_2_Rel1/bin/../lib/gcc/arm-none-eabi/14.2.1/thumb/v8-m.main+fp/softfp\libstdc++.a(cp-demangle.o)
 .text.d_special_name
                0x10009a50      0x494 C:/Users/j7517/.pico-sdk/toolchain/14_2_Rel1/bin/../lib/gcc/arm-none-eabi/14.2.1/thumb/v8-m.main+fp/softfp\libstdc++.a(cp-demangle.o)
 .text.d_expr_primary
                0x10009ee4       0xfc C:/Users/j7517/.pico-sdk/toolchain/14_2_Rel1/bin/../lib/gcc/arm-none-eabi/14.2.1/thumb/v8-m.main+fp/softfp\libstdc++.a(cp-demangle.o)
 .text.d_template_arg
                0x10009fe0       0x58 C:/Users/j7517/.pico-sdk/toolchain/14_2_Rel1/bin/../lib/gcc/arm-none-eabi/14.2.1/thumb/v8-m.main+fp/softfp\libstdc++.a(cp-demangle.o)
 .text.d_print_comp_inner
                0x1000a038     0x2c50 C:/Users/j7517/.pico-sdk/toolchain/14_2_Rel1/bin/../lib/gcc/arm-none-eabi/14.2.1/thumb/v8-m.main+fp/softfp\libstdc++.a(cp-demangle.o)
 .text.d_print_comp
                0x1000cc88       0x5c C:/Users/j7517/.pico-sdk/toolchain/14_2_Rel1/bin/../lib/gcc/arm-none-eabi/14.2.1/thumb/v8-m.main+fp/softfp\libstdc++.a(cp-demangle.o)
 .text.d_print_mod
                0x1000cce4      0x754 C:/Users/j7517/.pico-sdk/toolchain/14_2_Rel1/bin/../lib/gcc/arm-none-eabi/14.2.1/thumb/v8-m.main+fp/softfp\libstdc++.a(cp-demangle.o)
 .text.d_print_function_type
                0x1000d438      0x25c C:/Users/j7517/.pico-sdk/toolchain/14_2_Rel1/bin/../lib/gcc/arm-none-eabi/14.2.1/thumb/v8-m.main+fp/softfp\libstdc++.a(cp-demangle.o)
 .text.d_print_mod_list
                0x1000d694      0x2c0 C:/Users/j7517/.pico-sdk/toolchain/14_2_Rel1/bin/../lib/gcc/arm-none-eabi/14.2.1/thumb/v8-m.main+fp/softfp\libstdc++.a(cp-demangle.o)
 .text.d_print_array_type
                0x1000d954      0x1d4 C:/Users/j7517/.pico-sdk/toolchain/14_2_Rel1/bin/../lib/gcc/arm-none-eabi/14.2.1/thumb/v8-m.main+fp/softfp\libstdc++.a(cp-demangle.o)
 .text.d_print_expr_op
                0x1000db28       0x80 C:/Users/j7517/.pico-sdk/toolchain/14_2_Rel1/bin/../lib/gcc/arm-none-eabi/14.2.1/thumb/v8-m.main+fp/softfp\libstdc++.a(cp-demangle.o)
 .text.d_demangle_callback.constprop.0
                0x1000dba8      0x35c C:/Users/j7517/.pico-sdk/toolchain/14_2_Rel1/bin/../lib/gcc/arm-none-eabi/14.2.1/thumb/v8-m.main+fp/softfp\libstdc++.a(cp-demangle.o)
 .text.d_print_subexpr
                0x1000df04      0x114 C:/Users/j7517/.pico-sdk/toolchain/14_2_Rel1/bin/../lib/gcc/arm-none-eabi/14.2.1/thumb/v8-m.main+fp/softfp\libstdc++.a(cp-demangle.o)
 .text.d_maybe_print_fold_expression
                0x1000e018      0x28c C:/Users/j7517/.pico-sdk/toolchain/14_2_Rel1/bin/../lib/gcc/arm-none-eabi/14.2.1/thumb/v8-m.main+fp/softfp\libstdc++.a(cp-demangle.o)
 .text.d_maybe_print_designated_init
                0x1000e2a4      0x204 C:/Users/j7517/.pico-sdk/toolchain/14_2_Rel1/bin/../lib/gcc/arm-none-eabi/14.2.1/thumb/v8-m.main+fp/softfp\libstdc++.a(cp-demangle.o)
 .text.__cxa_demangle
                0x1000e4a8       0xc0 C:/Users/j7517/.pico-sdk/toolchain/14_2_Rel1/bin/../lib/gcc/arm-none-eabi/14.2.1/thumb/v8-m.main+fp/softfp\libstdc++.a(cp-demangle.o)
                0x1000e4a8                __cxa_demangle
 .text.__cxa_end_cleanup
                0x1000e568        0xc C:/Users/j7517/.pico-sdk/toolchain/14_2_Rel1/bin/../lib/gcc/arm-none-eabi/14.2.1/thumb/v8-m.main+fp/softfp\libstdc++.a(eh_arm.o)
                0x1000e568                __cxa_end_cleanup
 .text.__cxa_type_match
                0x1000e574       0xb0 C:/Users/j7517/.pico-sdk/toolchain/14_2_Rel1/bin/../lib/gcc/arm-none-eabi/14.2.1/thumb/v8-m.main+fp/softfp\libstdc++.a(eh_arm.o)
                0x1000e574                __cxa_type_match
 .text.__cxa_begin_cleanup
                0x1000e624       0x64 C:/Users/j7517/.pico-sdk/toolchain/14_2_Rel1/bin/../lib/gcc/arm-none-eabi/14.2.1/thumb/v8-m.main+fp/softfp\libstdc++.a(eh_arm.o)
                0x1000e624                __cxa_begin_cleanup
 .text.__gnu_end_cleanup
                0x1000e688       0x70 C:/Users/j7517/.pico-sdk/toolchain/14_2_Rel1/bin/../lib/gcc/arm-none-eabi/14.2.1/thumb/v8-m.main+fp/softfp\libstdc++.a(eh_arm.o)
                0x1000e688                __gnu_end_cleanup
 .text.__cxa_begin_catch
                0x1000e6f8       0x7c C:/Users/j7517/.pico-sdk/toolchain/14_2_Rel1/bin/../lib/gcc/arm-none-eabi/14.2.1/thumb/v8-m.main+fp/softfp\libstdc++.a(eh_catch.o)
                0x1000e6f8                __cxa_begin_catch
 .text.__cxa_end_catch
                0x1000e774       0x88 C:/Users/j7517/.pico-sdk/toolchain/14_2_Rel1/bin/../lib/gcc/arm-none-eabi/14.2.1/thumb/v8-m.main+fp/softfp\libstdc++.a(eh_catch.o)
                0x1000e774                __cxa_end_catch
 .text.__cxa_get_globals_fast
                0x1000e7fc        0x8 C:/Users/j7517/.pico-sdk/toolchain/14_2_Rel1/bin/../lib/gcc/arm-none-eabi/14.2.1/thumb/v8-m.main+fp/softfp\libstdc++.a(eh_globals.o)
                0x1000e7fc                __cxa_get_globals_fast
 .text.__cxa_get_globals
                0x1000e804        0x8 C:/Users/j7517/.pico-sdk/toolchain/14_2_Rel1/bin/../lib/gcc/arm-none-eabi/14.2.1/thumb/v8-m.main+fp/softfp\libstdc++.a(eh_globals.o)
                0x1000e804                __cxa_get_globals
 .text._ZL28read_encoded_value_with_basehjPKhPj
                0x1000e80c       0xc0 C:/Users/j7517/.pico-sdk/toolchain/14_2_Rel1/bin/../lib/gcc/arm-none-eabi/14.2.1/thumb/v8-m.main+fp/softfp\libstdc++.a(eh_personality.o)
 .text._ZL21base_of_encoded_valuehP15_Unwind_Context
                0x1000e8cc       0x44 C:/Users/j7517/.pico-sdk/toolchain/14_2_Rel1/bin/../lib/gcc/arm-none-eabi/14.2.1/thumb/v8-m.main+fp/softfp\libstdc++.a(eh_personality.o)
 .text._ZL17parse_lsda_headerP15_Unwind_ContextPKhP16lsda_header_info
                0x1000e910       0x90 C:/Users/j7517/.pico-sdk/toolchain/14_2_Rel1/bin/../lib/gcc/arm-none-eabi/14.2.1/thumb/v8-m.main+fp/softfp\libstdc++.a(eh_personality.o)
 .text.__gxx_personality_v0
                0x1000e9a0      0x484 C:/Users/j7517/.pico-sdk/toolchain/14_2_Rel1/bin/../lib/gcc/arm-none-eabi/14.2.1/thumb/v8-m.main+fp/softfp\libstdc++.a(eh_personality.o)
                0x1000e9a0                __gxx_personality_v0
 .text.__cxa_current_exception_type
                0x1000ee24       0x1c C:/Users/j7517/.pico-sdk/toolchain/14_2_Rel1/bin/../lib/gcc/arm-none-eabi/14.2.1/thumb/v8-m.main+fp/softfp\libstdc++.a(eh_type.o)
                0x1000ee24                __cxa_current_exception_type
 .text.unlikely._ZN10__cxxabiv1L24__is_gxx_exception_classEPc
                0x1000ee40       0x3a C:/Users/j7517/.pico-sdk/toolchain/14_2_Rel1/bin/../lib/gcc/arm-none-eabi/14.2.1/thumb/v8-m.main+fp/softfp\libstdc++.a(eh_call.o)
 .text.unlikely.__cxa_call_terminate
                0x1000ee7a       0x1e C:/Users/j7517/.pico-sdk/toolchain/14_2_Rel1/bin/../lib/gcc/arm-none-eabi/14.2.1/thumb/v8-m.main+fp/softfp\libstdc++.a(eh_call.o)
                0x1000ee7a                __cxa_call_terminate
 .text.unlikely.__cxa_call_unexpected
                0x1000ee98       0xd8 C:/Users/j7517/.pico-sdk/toolchain/14_2_Rel1/bin/../lib/gcc/arm-none-eabi/14.2.1/thumb/v8-m.main+fp/softfp\libstdc++.a(eh_call.o)
                0x1000ee98                __cxa_call_unexpected
 .text.abort    0x1000ef70       0x10 C:/Users/j7517/.pico-sdk/toolchain/14_2_Rel1/bin/../lib/gcc/arm-none-eabi/14.2.1/thumb/v8-m.main+fp/softfp\libg.a(libc_a-abort.o)
                0x1000ef70                abort
 .text.getenv   0x1000ef80       0x1c C:/Users/j7517/.pico-sdk/toolchain/14_2_Rel1/bin/../lib/gcc/arm-none-eabi/14.2.1/thumb/v8-m.main+fp/softfp\libg.a(libc_a-getenv.o)
                0x1000ef80                getenv
 .text._findenv_r
                0x1000ef9c       0x80 C:/Users/j7517/.pico-sdk/toolchain/14_2_Rel1/bin/../lib/gcc/arm-none-eabi/14.2.1/thumb/v8-m.main+fp/softfp\libg.a(libc_a-getenv_r.o)
                0x1000ef9c                _findenv_r
 .text.malloc   0x1000f01c       0x10 C:/Users/j7517/.pico-sdk/toolchain/14_2_Rel1/bin/../lib/gcc/arm-none-eabi/14.2.1/thumb/v8-m.main+fp/softfp\libg.a(libc_a-malloc.o)
                0x1000f01c                malloc
 .text.free     0x1000f02c       0x10 C:/Users/j7517/.pico-sdk/toolchain/14_2_Rel1/bin/../lib/gcc/arm-none-eabi/14.2.1/thumb/v8-m.main+fp/softfp\libg.a(libc_a-malloc.o)
                0x1000f02c                free
 .text._malloc_r
                0x1000f03c      0x578 C:/Users/j7517/.pico-sdk/toolchain/14_2_Rel1/bin/../lib/gcc/arm-none-eabi/14.2.1/thumb/v8-m.main+fp/softfp\libg.a(libc_a-mallocr.o)
                0x1000f03c                _malloc_r
 .text.__malloc_lock
                0x1000f5b4        0xc C:/Users/j7517/.pico-sdk/toolchain/14_2_Rel1/bin/../lib/gcc/arm-none-eabi/14.2.1/thumb/v8-m.main+fp/softfp\libg.a(libc_a-mlock.o)
                0x1000f5b4                __malloc_lock
 .text.__malloc_unlock
                0x1000f5c0        0xc C:/Users/j7517/.pico-sdk/toolchain/14_2_Rel1/bin/../lib/gcc/arm-none-eabi/14.2.1/thumb/v8-m.main+fp/softfp\libg.a(libc_a-mlock.o)
                0x1000f5c0                __malloc_unlock
 .text.realloc  0x1000f5cc       0x10 C:/Users/j7517/.pico-sdk/toolchain/14_2_Rel1/bin/../lib/gcc/arm-none-eabi/14.2.1/thumb/v8-m.main+fp/softfp\libg.a(libc_a-realloc.o)
                0x1000f5cc                realloc
 .text._realloc_r
                0x1000f5dc      0x374 C:/Users/j7517/.pico-sdk/toolchain/14_2_Rel1/bin/../lib/gcc/arm-none-eabi/14.2.1/thumb/v8-m.main+fp/softfp\libg.a(libc_a-reallocr.o)
                0x1000f5dc                _realloc_r
 .text._strtoul_l.isra.0
                0x1000f950      0x128 C:/Users/j7517/.pico-sdk/toolchain/14_2_Rel1/bin/../lib/gcc/arm-none-eabi/14.2.1/thumb/v8-m.main+fp/softfp\libg.a(libc_a-strtoul.o)
 .text.strtoul  0x1000fa78       0x18 C:/Users/j7517/.pico-sdk/toolchain/14_2_Rel1/bin/../lib/gcc/arm-none-eabi/14.2.1/thumb/v8-m.main+fp/softfp\libg.a(libc_a-strtoul.o)
                0x1000fa78                strtoul
 .text.fputc    0x1000fa90       0x58 C:/Users/j7517/.pico-sdk/toolchain/14_2_Rel1/bin/../lib/gcc/arm-none-eabi/14.2.1/thumb/v8-m.main+fp/softfp\libg.a(libc_a-fputc.o)
                0x1000fa90                fputc
 .text._fputs_r
                0x1000fae8       0xa8 C:/Users/j7517/.pico-sdk/toolchain/14_2_Rel1/bin/../lib/gcc/arm-none-eabi/14.2.1/thumb/v8-m.main+fp/softfp\libg.a(libc_a-fputs.o)
                0x1000fae8                _fputs_r
 .text.fputs    0x1000fb90       0x10 C:/Users/j7517/.pico-sdk/toolchain/14_2_Rel1/bin/../lib/gcc/arm-none-eabi/14.2.1/thumb/v8-m.main+fp/softfp\libg.a(libc_a-fputs.o)
                0x1000fb90                fputs
 .text.__sfvwrite_r
                0x1000fba0      0x2e4 C:/Users/j7517/.pico-sdk/toolchain/14_2_Rel1/bin/../lib/gcc/arm-none-eabi/14.2.1/thumb/v8-m.main+fp/softfp\libg.a(libc_a-fvwrite.o)
                0x1000fba0                __sfvwrite_r
 .text._fwrite_r
                0x1000fe84       0xd8 C:/Users/j7517/.pico-sdk/toolchain/14_2_Rel1/bin/../lib/gcc/arm-none-eabi/14.2.1/thumb/v8-m.main+fp/softfp\libg.a(libc_a-fwrite.o)
                0x1000fe84                _fwrite_r
 .text.fwrite   0x1000ff5c       0x20 C:/Users/j7517/.pico-sdk/toolchain/14_2_Rel1/bin/../lib/gcc/arm-none-eabi/14.2.1/thumb/v8-m.main+fp/softfp\libg.a(libc_a-fwrite.o)
                0x1000ff5c                fwrite
 .text._putc_r  0x1000ff7c       0x78 C:/Users/j7517/.pico-sdk/toolchain/14_2_Rel1/bin/../lib/gcc/arm-none-eabi/14.2.1/thumb/v8-m.main+fp/softfp\libg.a(libc_a-putc.o)
                0x1000ff7c                _putc_r
 .text.__swbuf_r