Archive member included to satisfy reference by file (symbol)

C:/Users/j7517/.pico-sdk/toolchain/14_2_Rel1/bin/../lib/gcc/arm-none-eabi/14.2.1/thumb/v8-m.main+fp/softfp\libm.a(libm_a-wf_sqrt.o)
                              CMakeFiles/DCSBiosRP2350.dir/C_/Users/j7517/.pico-sdk/sdk/2.1.1/src/rp2_common/pico_float/float_math.c.obj (sqrtf)
C:/Users/j7517/.pico-sdk/toolchain/14_2_Rel1/bin/../lib/gcc/arm-none-eabi/14.2.1/thumb/v8-m.main+fp/softfp\libm.a(libm_a-ef_sqrt.o)
                              C:/Users/j7517/.pico-sdk/toolchain/14_2_Rel1/bin/../lib/gcc/arm-none-eabi/14.2.1/thumb/v8-m.main+fp/softfp\libm.a(libm_a-wf_sqrt.o) (__ieee754_sqrtf)
C:/Users/j7517/.pico-sdk/toolchain/14_2_Rel1/bin/../lib/gcc/arm-none-eabi/14.2.1/thumb/v8-m.main+fp/softfp\libgcc.a(_arm_addsubdf3.o)
                              CMakeFiles/DCSBiosRP2350.dir/C_/Users/j7517/.pico-sdk/sdk/2.1.1/src/rp2_common/pico_float/float_math.c.obj (__aeabi_f2d)
C:/Users/j7517/.pico-sdk/toolchain/14_2_Rel1/bin/../lib/gcc/arm-none-eabi/14.2.1/thumb/v8-m.main+fp/softfp\libgcc.a(_aeabi_ldivmod.o)
                              CMakeFiles/DCSBiosRP2350.dir/C_/Users/j7517/.pico-sdk/sdk/2.1.1/src/common/pico_time/time.c.obj (__aeabi_ldivmod)
C:/Users/j7517/.pico-sdk/toolchain/14_2_Rel1/bin/../lib/gcc/arm-none-eabi/14.2.1/thumb/v8-m.main+fp/softfp\libgcc.a(_aeabi_uldivmod.o)
                              CMakeFiles/DCSBiosRP2350.dir/test_programs/RS485_test_master.cpp.obj (__aeabi_uldivmod)
C:/Users/j7517/.pico-sdk/toolchain/14_2_Rel1/bin/../lib/gcc/arm-none-eabi/14.2.1/thumb/v8-m.main+fp/softfp\libgcc.a(_udivmoddi4.o)
                              C:/Users/j7517/.pico-sdk/toolchain/14_2_Rel1/bin/../lib/gcc/arm-none-eabi/14.2.1/thumb/v8-m.main+fp/softfp\libgcc.a(_aeabi_ldivmod.o) (__udivmoddi4)
C:/Users/j7517/.pico-sdk/toolchain/14_2_Rel1/bin/../lib/gcc/arm-none-eabi/14.2.1/thumb/v8-m.main+fp/softfp\libgcc.a(_dvmd_tls.o)
                              C:/Users/j7517/.pico-sdk/toolchain/14_2_Rel1/bin/../lib/gcc/arm-none-eabi/14.2.1/thumb/v8-m.main+fp/softfp\libgcc.a(_aeabi_ldivmod.o) (__aeabi_ldiv0)
C:/Users/j7517/.pico-sdk/toolchain/14_2_Rel1/bin/../lib/gcc/arm-none-eabi/14.2.1/thumb/v8-m.main+fp/softfp\libg.a(libc_a-calloc.o)
                              CMakeFiles/DCSBiosRP2350.dir/C_/Users/j7517/.pico-sdk/sdk/2.1.1/src/rp2_common/pico_malloc/malloc.c.obj (calloc)
C:/Users/j7517/.pico-sdk/toolchain/14_2_Rel1/bin/../lib/gcc/arm-none-eabi/14.2.1/thumb/v8-m.main+fp/softfp\libg.a(libc_a-callocr.o)
                              C:/Users/j7517/.pico-sdk/toolchain/14_2_Rel1/bin/../lib/gcc/arm-none-eabi/14.2.1/thumb/v8-m.main+fp/softfp\libg.a(libc_a-calloc.o) (_calloc_r)
C:/Users/j7517/.pico-sdk/toolchain/14_2_Rel1/bin/../lib/gcc/arm-none-eabi/14.2.1/thumb/v8-m.main+fp/softfp\libg.a(libc_a-malloc.o)
                              CMakeFiles/DCSBiosRP2350.dir/C_/Users/j7517/.pico-sdk/sdk/2.1.1/src/rp2_common/pico_malloc/malloc.c.obj (malloc)
C:/Users/j7517/.pico-sdk/toolchain/14_2_Rel1/bin/../lib/gcc/arm-none-eabi/14.2.1/thumb/v8-m.main+fp/softfp\libg.a(libc_a-mallocr.o)
                              C:/Users/j7517/.pico-sdk/toolchain/14_2_Rel1/bin/../lib/gcc/arm-none-eabi/14.2.1/thumb/v8-m.main+fp/softfp\libg.a(libc_a-callocr.o) (_malloc_r)
C:/Users/j7517/.pico-sdk/toolchain/14_2_Rel1/bin/../lib/gcc/arm-none-eabi/14.2.1/thumb/v8-m.main+fp/softfp\libg.a(libc_a-mlock.o)
                              C:/Users/j7517/.pico-sdk/toolchain/14_2_Rel1/bin/../lib/gcc/arm-none-eabi/14.2.1/thumb/v8-m.main+fp/softfp\libg.a(libc_a-mallocr.o) (__malloc_lock)
C:/Users/j7517/.pico-sdk/toolchain/14_2_Rel1/bin/../lib/gcc/arm-none-eabi/14.2.1/thumb/v8-m.main+fp/softfp\libg.a(libc_a-realloc.o)
                              CMakeFiles/DCSBiosRP2350.dir/C_/Users/j7517/.pico-sdk/sdk/2.1.1/src/rp2_common/pico_malloc/malloc.c.obj (realloc)
C:/Users/j7517/.pico-sdk/toolchain/14_2_Rel1/bin/../lib/gcc/arm-none-eabi/14.2.1/thumb/v8-m.main+fp/softfp\libg.a(libc_a-reallocr.o)
                              C:/Users/j7517/.pico-sdk/toolchain/14_2_Rel1/bin/../lib/gcc/arm-none-eabi/14.2.1/thumb/v8-m.main+fp/softfp\libg.a(libc_a-realloc.o) (_realloc_r)
C:/Users/j7517/.pico-sdk/toolchain/14_2_Rel1/bin/../lib/gcc/arm-none-eabi/14.2.1/thumb/v8-m.main+fp/softfp\libg.a(libc_a-memcmp.o)
                              CMakeFiles/DCSBiosRP2350.dir/C_/Users/j7517/.pico-sdk/sdk/2.1.1/src/rp2_common/pico_atomic/atomic.c.obj (memcmp)
C:/Users/j7517/.pico-sdk/toolchain/14_2_Rel1/bin/../lib/gcc/arm-none-eabi/14.2.1/thumb/v8-m.main+fp/softfp\libg.a(libc_a-memmove.o)
                              C:/Users/j7517/.pico-sdk/toolchain/14_2_Rel1/bin/../lib/gcc/arm-none-eabi/14.2.1/thumb/v8-m.main+fp/softfp\libg.a(libc_a-reallocr.o) (memmove)
C:/Users/j7517/.pico-sdk/toolchain/14_2_Rel1/bin/../lib/gcc/arm-none-eabi/14.2.1/thumb/v8-m.main+fp/softfp\libg.a(libc_a-memset.o)
[...]
Memory Configuration

Name             Origin             Length             Attributes
FLASH            0x10000000         0x00400000         xr
RAM              0x20000000         0x00080000         xrw
SCRATCH_X        0x20080000         0x00001000         xrw
SCRATCH_Y        0x20081000         0x00001000         xrw
*default*        0x00000000         0xffffffff

Linker script and memory map

LOAD C:/Users/j7517/.pico-sdk/toolchain/14_2_Rel1/bin/../lib/gcc/arm-none-eabi/14.2.1/thumb/v8-m.main+fp/softfp/crti.o
LOAD C:/Users/j7517/.pico-sdk/toolchain/14_2_Rel1/bin/../lib/gcc/arm-none-eabi/14.2.1/thumb/v8-m.main+fp/softfp/crtbegin.o
LOAD C:/Users/j7517/.pico-sdk/toolchain/14_2_Rel1/bin/../lib/gcc/arm-none-eabi/14.2.1/thumb/v8-m.main+fp/softfp/crt0.o

.flash_begin    0x10000000        0x0
                0x10000000                        __flash_binary_start = .

.text           0x10000000     0x6b94
                0x10000000                        __logical_binary_start = .
 *(.vectors)
 .vectors       0x10000000      0x124 CMakeFiles/DCSBiosRP2350.dir/C_/Users/j7517/.pico-sdk/sdk/2.1.1/src/rp2_common/pico_crt0/crt0.S.obj
                0x10000000                __VECTOR_TABLE
                0x10000000                __vectors
                0x10000110                __default_isrs_start
                0x10000110                isr_invalid
                0x10000112                isr_nmi
                0x10000114                isr_hardfault
                0x10000116                isr_svcall
                0x10000118                isr_pendsv
                0x1000011a                isr_systick
                0x1000011c                isr_irq31
                0x1000011c                isr_irq5
                0x1000011c                isr_irq11
                0x1000011c                isr_irq32
                0x1000011c                isr_irq23
                0x1000011c                isr_irq48
                0x1000011c                isr_irq35
                0x1000011c                isr_irq18
                0x1000011c                isr_irq50
                0x1000011c                isr_irq27
                0x1000011c                isr_irq40
                0x1000011c                isr_irq28
                0x1000011c                isr_irq19
                0x1000011c                isr_irq36
                0x1000011c                isr_irq41
                0x1000011c                isr_irq0
                0x1000011c                isr_irq6
                0x1000011c                isr_irq45
                0x1000011c                isr_irq12
                0x1000011c                isr_irq37
                0x1000011c                isr_irq42
                0x1000011c                isr_irq22
                0x1000011c                isr_irq43
                0x1000011c                isr_irq17
                0x1000011c                isr_irq38
                0x1000011c                isr_irq14
                0x1000011c                isr_irq13
                0x1000011c                isr_irq2
                0x1000011c                isr_irq10
                0x1000011c                isr_irq8
                0x1000011c                isr_irq24
                0x1000011c                isr_irq46
                0x1000011c                isr_irq1
                0x1000011c                isr_irq47
                0x1000011c                isr_irq51
                0x1000011c                isr_irq7
                0x1000011c                isr_irq21
                0x1000011c                isr_irq39
                0x1000011c                isr_irq20
                0x1000011c                isr_irq15
                0x1000011c                isr_irq25
                0x1000011c                isr_irq34
                0x1000011c                isr_irq49
                0x1000011c                __unhandled_user_irq
                0x1000011c                isr_irq4
                0x1000011c                isr_irq16
                0x1000011c                isr_irq44
                0x1000011c                isr_irq29
                0x1000011c                isr_irq26
                0x1000011c                __default_isrs_end
                0x1000011c                isr_irq33
                0x1000011c                isr_irq3
                0x1000011c                isr_irq30
                0x1000011c                isr_irq9
                0x10000122                unhandled_user_irq_num_in_r0
 *(.binary_info_header)
 .binary_info_header
                0x10000124       0x14 CMakeFiles/DCSBiosRP2350.dir/C_/Users/j7517/.pico-sdk/sdk/2.1.1/src/rp2_common/pico_crt0/crt0.S.obj
                0x10000138                        __binary_info_header_end = .
 *(.embedded_block)
 .embedded_block
                0x10000138       0x14 CMakeFiles/DCSBiosRP2350.dir/C_/Users/j7517/.pico-sdk/sdk/2.1.1/src/rp2_common/pico_crt0/crt0.S.obj
                0x1000014c                        __embedded_block_end = .
 *(.reset)
 .reset         0x1000014c       0xa0 CMakeFiles/DCSBiosRP2350.dir/C_/Users/j7517/.pico-sdk/sdk/2.1.1/src/rp2_common/pico_crt0/crt0.S.obj
                0x1000014c                _entry_point
 *(.init)
 .init          0x100001ec        0x4 C:/Users/j7517/.pico-sdk/toolchain/14_2_Rel1/bin/../lib/gcc/arm-none-eabi/14.2.1/thumb/v8-m.main+fp/softfp/crti.o
                0x100001ec                _init
 SORT_BY_NAME(REVERSE(*libgcc.a:cmse_nonsecure_call.o))()
 *(EXCLUDE_FILE(*libm.a: *libc.a:*lib_a-mem*.o *libgcc.a:) .text*)
 .text.register_tm_clones
                0x100001f0       0x28 C:/Users/j7517/.pico-sdk/toolchain/14_2_Rel1/bin/../lib/gcc/arm-none-eabi/14.2.1/thumb/v8-m.main+fp/softfp/crtbegin.o
 .text.frame_dummy
                0x10000218       0x24 C:/Users/j7517/.pico-sdk/toolchain/14_2_Rel1/bin/../lib/gcc/arm-none-eabi/14.2.1/thumb/v8-m.main+fp/softfp/crtbegin.o
 .text._ZN7DcsBios20ExportStreamListener14onDcsBiosWriteEjj
                0x1000023c        0x4 CMakeFiles/DCSBiosRP2350.dir/test_programs/RS485_test_master.cpp.obj
                0x1000023c                DcsBios::ExportStreamListener::onDcsBiosWrite(unsigned int, unsigned int)
 .text._ZN7DcsBios20ExportStreamListener16onConsistentDataEv
                0x10000240        0x4 CMakeFiles/DCSBiosRP2350.dir/test_programs/RS485_test_master.cpp.obj
                0x10000240                DcsBios::ExportStreamListener::onConsistentData()
 .text._ZN7DcsBios20ExportStreamListener4loopEv
                0x10000244        0x4 CMakeFiles/DCSBiosRP2350.dir/test_programs/RS485_test_master.cpp.obj
                0x10000244                DcsBios::ExportStreamListener::loop()
 .text._ZN7DcsBios11Int16Buffer14onDcsBiosWriteEjj
                0x10000248       0x14 CMakeFiles/DCSBiosRP2350.dir/test_programs/RS485_test_master.cpp.obj
                0x10000248                DcsBios::Int16Buffer::onDcsBiosWrite(unsigned int, unsigned int)
 .text._Z36onPltIntLightConsoleBrightnessChangej
                0x1000025c       0x24 CMakeFiles/DCSBiosRP2350.dir/test_programs/RS485_test_master.cpp.obj
                0x1000025c                onPltIntLightConsoleBrightnessChange(unsigned int)
 .text._ZN7DcsBios10core1_taskEv
                0x10000280       0x58 CMakeFiles/DCSBiosRP2350.dir/test_programs/RS485_test_master.cpp.obj
                0x10000280                DcsBios::core1_task()
 .text._ZN7DcsBios13IntegerBuffer4loopEv
                0x100002d8       0x28 CMakeFiles/DCSBiosRP2350.dir/test_programs/RS485_test_master.cpp.obj
                0x100002d8                DcsBios::IntegerBuffer::loop()
 .text._ZN7DcsBios4loopEv
                0x10000300       0x90 CMakeFiles/DCSBiosRP2350.dir/test_programs/RS485_test_master.cpp.obj
                0x10000300                DcsBios::loop()
 .text.startup.main
                0x10000390      0x114 CMakeFiles/DCSBiosRP2350.dir/test_programs/RS485_test_master.cpp.obj
                0x10000390                main
 .text.startup._GLOBAL__sub_I__ZN7DcsBios6parserE
                0x100004a4       0x78 CMakeFiles/DCSBiosRP2350.dir/test_programs/RS485_test_master.cpp.obj
 .text._ZN7DcsBios14ProtocolParserC2Ev
                0x1000051c       0x18 CMakeFiles/DCSBiosRP2350.dir/src/internal/Protocol.cpp.obj
                0x1000051c                DcsBios::ProtocolParser::ProtocolParser()
                0x1000051c                DcsBios::ProtocolParser::ProtocolParser()
 .text._ZN7DcsBios14ProtocolParser11processCharEh
                0x10000534      0x108 CMakeFiles/DCSBiosRP2350.dir/src/internal/Protocol.cpp.obj
                0x10000534                DcsBios::ProtocolParser::processChar(unsigned char)
 .text._ZN7DcsBios13initHeartbeatEi
                0x1000063c       0x24 CMakeFiles/DCSBiosRP2350.dir/src/internal/heartbeat.cpp.obj
                0x1000063c                DcsBios::initHeartbeat(int)
 .text._ZN7DcsBios15updateHeartbeatEv
                0x10000660       0x50 CMakeFiles/DCSBiosRP2350.dir/src/internal/heartbeat.cpp.obj
                0x10000660                DcsBios::updateHeartbeat()
 .text._ZN7DcsBios18determineBoardModeEh
                0x100006b0       0x34 CMakeFiles/DCSBiosRP2350.dir/src/internal/BoardMode.cpp.obj
                0x100006b0                DcsBios::determineBoardMode(unsigned char)
 .text._ZN7DcsBios15init_rs485_uartEP9uart_instjjjm
                0x100006e4       0x5c CMakeFiles/DCSBiosRP2350.dir/src/internal/rs485.cpp.obj
                0x100006e4                DcsBios::init_rs485_uart(uart_inst*, unsigned int, unsigned int, unsigned int, unsigned long)
 .text._ZN7DcsBios15rs485_send_charEc
                0x10000740       0x30 CMakeFiles/DCSBiosRP2350.dir/src/internal/rs485.cpp.obj
                0x10000740                DcsBios::rs485_send_char(char)
 .text._ZN7DcsBios17rs485_send_stringEPKc
                0x10000770       0x60 CMakeFiles/DCSBiosRP2350.dir/src/internal/rs485.cpp.obj
                0x10000770                DcsBios::rs485_send_string(char const*)
 .text._ZN7DcsBios11rs485_flushEv
                0x100007d0       0x2c CMakeFiles/DCSBiosRP2350.dir/src/internal/rs485.cpp.obj
                0x100007d0                DcsBios::rs485_flush()
 .text._ZN7DcsBios23rs485_receive_availableEv
                0x100007fc       0x18 CMakeFiles/DCSBiosRP2350.dir/src/internal/rs485.cpp.obj
                0x100007fc                DcsBios::rs485_receive_available()
 .text._ZN7DcsBios18rs485_receive_charEv
                0x10000814       0x14 CMakeFiles/DCSBiosRP2350.dir/src/internal/rs485.cpp.obj
                0x10000814                DcsBios::rs485_receive_char()
 .text._ZN7DcsBios19core1_usb_only_taskEv
                0x10000828       0x40 CMakeFiles/DCSBiosRP2350.dir/src/internal/core1_tasks.cpp.obj
                0x10000828                DcsBios::core1_usb_only_task()
 .text._ZN7DcsBios25core1_rs485_terminal_taskEv
                0x10000868       0xc4 CMakeFiles/DCSBiosRP2350.dir/src/internal/core1_tasks.cpp.obj
                0x10000868                DcsBios::core1_rs485_terminal_task()
 .text._ZN7DcsBios15core1_host_taskEv
                0x1000092c       0xd8 CMakeFiles/DCSBiosRP2350.dir/src/internal/core1_tasks.cpp.obj
                0x1000092c                DcsBios::core1_host_task()
 .text._ZN7DcsBios16core1_slave_taskEv
                0x10000a04       0xbc CMakeFiles/DCSBiosRP2350.dir/src/internal/core1_tasks.cpp.obj
                0x10000a04                DcsBios::core1_slave_task()
 .text.gpio_set_function
                0x10000ac0       0x3c CMakeFiles/DCSBiosRP2350.dir/C_/Users/j7517/.pico-sdk/sdk/2.1.1/src/rp2_common/hardware_gpio/gpio.c.obj
                0x10000ac0                gpio_set_function
 .text.gpio_init
                0x10000afc       0x48 CMakeFiles/DCSBiosRP2350.dir/C_/Users/j7517/.pico-sdk/sdk/2.1.1/src/rp2_common/hardware_gpio/gpio.c.obj
                0x10000afc                gpio_init
 .text.panic    0x10000b44       0x30 CMakeFiles/DCSBiosRP2350.dir/C_/Users/j7517/.pico-sdk/sdk/2.1.1/src/rp2_common/pico_platform_panic/panic.c.obj
                0x10000b44                panic
 .text.hw_claim_or_assert
                0x10000b74       0x58 CMakeFiles/DCSBiosRP2350.dir/C_/Users/j7517/.pico-sdk/sdk/2.1.1/src/common/hardware_claim/claim.c.obj
                0x10000b74                hw_claim_or_assert
 .text.hw_claim_unused_from_range
                0x10000bcc       0x80 CMakeFiles/DCSBiosRP2350.dir/C_/Users/j7517/.pico-sdk/sdk/2.1.1/src/common/hardware_claim/claim.c.obj
                0x10000bcc                hw_claim_unused_from_range
 .text.next_striped_spin_lock_num
                0x10000c4c       0x18 CMakeFiles/DCSBiosRP2350.dir/C_/Users/j7517/.pico-sdk/sdk/2.1.1/src/rp2_common/hardware_sync/sync.c.obj
                0x10000c4c                next_striped_spin_lock_num
 .text.spin_lock_claim_unused
                0x10000c64       0x20 CMakeFiles/DCSBiosRP2350.dir/C_/Users/j7517/.pico-sdk/sdk/2.1.1/src/rp2_common/hardware_sync/sync.c.obj
                0x10000c64                spin_lock_claim_unused
 .text.spinlock_set_extexclall
                0x10000c84       0x10 CMakeFiles/DCSBiosRP2350.dir/C_/Users/j7517/.pico-sdk/sdk/2.1.1/src/rp2_common/hardware_sync_spin_lock/sync_spin_lock.c.obj
 .text.spin_locks_reset
                0x10000c94       0x18 CMakeFiles/DCSBiosRP2350.dir/C_/Users/j7517/.pico-sdk/sdk/2.1.1/src/rp2_common/hardware_sync_spin_lock/sync_spin_lock.c.obj
                0x10000c94                spin_locks_reset
 .text.runtime_init_per_core_irq_priorities
                0x10000cac       0x40 CMakeFiles/DCSBiosRP2350.dir/C_/Users/j7517/.pico-sdk/sdk/2.1.1/src/rp2_common/hardware_irq/irq.c.obj
                0x10000cac                runtime_init_per_core_irq_priorities
 .text.irq_set_enabled
                0x10000cec       0x2c CMakeFiles/DCSBiosRP2350.dir/C_/Users/j7517/.pico-sdk/sdk/2.1.1/src/rp2_common/hardware_irq/irq.c.obj
                0x10000cec                irq_set_enabled
 .text.irq_is_enabled
                0x10000d18       0x20 CMakeFiles/DCSBiosRP2350.dir/C_/Users/j7517/.pico-sdk/sdk/2.1.1/src/rp2_common/hardware_irq/irq.c.obj
                0x10000d18                irq_is_enabled
 .text.irq_set_pending
                0x10000d38       0x18 CMakeFiles/DCSBiosRP2350.dir/C_/Users/j7517/.pico-sdk/sdk/2.1.1/src/rp2_common/hardware_irq/irq.c.obj
                0x10000d38                irq_set_pending
 .text.irq_has_shared_handler
                0x10000d50       0x20 CMakeFiles/DCSBiosRP2350.dir/C_/Users/j7517/.pico-sdk/sdk/2.1.1/src/rp2_common/hardware_irq/irq.c.obj
                0x10000d50                irq_has_shared_handler
 .text.irq_set_exclusive_handler
                0x10000d70       0x60 CMakeFiles/DCSBiosRP2350.dir/C_/Users/j7517/.pico-sdk/sdk/2.1.1/src/rp2_common/hardware_irq/irq.c.obj
                0x10000d70                irq_set_exclusive_handler
 .text.irq_add_shared_handler
                0x10000dd0      0x1e8 CMakeFiles/DCSBiosRP2350.dir/C_/Users/j7517/.pico-sdk/sdk/2.1.1/src/rp2_common/hardware_irq/irq.c.obj
                0x10000dd0                irq_add_shared_handler
 .text.irq_add_tail_to_free_list
                0x10000fb8       0xbc CMakeFiles/DCSBiosRP2350.dir/C_/Users/j7517/.pico-sdk/sdk/2.1.1/src/rp2_common/hardware_irq/irq.c.obj
                0x10000fb8                irq_add_tail_to_free_list
 .text.user_irq_claim_unused
                0x10001074       0x28 CMakeFiles/DCSBiosRP2350.dir/C_/Users/j7517/.pico-sdk/sdk/2.1.1/src/rp2_common/hardware_irq/irq.c.obj
                0x10001074                user_irq_claim_unused
 .text.lock_init
                0x1000109c        0xc CMakeFiles/DCSBiosRP2350.dir/C_/Users/j7517/.pico-sdk/sdk/2.1.1/src/common/pico_sync/lock_core.c.obj
                0x1000109c                lock_init
 .text.runtime_init_mutex
                0x100010a8       0x4c CMakeFiles/DCSBiosRP2350.dir/C_/Users/j7517/.pico-sdk/sdk/2.1.1/src/common/pico_sync/mutex.c.obj
                0x100010a8                runtime_init_mutex
 .text.mutex_init
                0x100010f4       0x1c CMakeFiles/DCSBiosRP2350.dir/C_/Users/j7517/.pico-sdk/sdk/2.1.1/src/common/pico_sync/mutex.c.obj
                0x100010f4                mutex_init
 .text.critical_section_init
                0x10001110       0x1c CMakeFiles/DCSBiosRP2350.dir/C_/Users/j7517/.pico-sdk/sdk/2.1.1/src/common/pico_sync/critical_section.c.obj
                0x10001110                critical_section_init
 .text.critical_section_init_with_lock_num
                0x1000112c       0x10 CMakeFiles/DCSBiosRP2350.dir/C_/Users/j7517/.pico-sdk/sdk/2.1.1/src/common/pico_sync/critical_section.c.obj
                0x1000112c                critical_section_init_with_lock_num
 .text.sleep_until_callback
                0x1000113c       0x3c CMakeFiles/DCSBiosRP2350.dir/C_/Users/j7517/.pico-sdk/sdk/2.1.1/src/common/pico_time/time.c.obj
 .text.alarm_pool_irq_handler
                0x10001178      0x2f0 CMakeFiles/DCSBiosRP2350.dir/C_/Users/j7517/.pico-sdk/sdk/2.1.1/src/common/pico_time/time.c.obj
 .text.runtime_init_default_alarm_pool
                0x10001468      0x100 CMakeFiles/DCSBiosRP2350.dir/C_/Users/j7517/.pico-sdk/sdk/2.1.1/src/common/pico_time/time.c.obj
                0x10001468                runtime_init_default_alarm_pool
 .text.alarm_pool_get_default
                0x10001568        0x8 CMakeFiles/DCSBiosRP2350.dir/C_/Users/j7517/.pico-sdk/sdk/2.1.1/src/common/pico_time/time.c.obj
                0x10001568                alarm_pool_get_default
 .text.alarm_pool_add_alarm_at
                0x10001570       0xdc CMakeFiles/DCSBiosRP2350.dir/C_/Users/j7517/.pico-sdk/sdk/2.1.1/src/common/pico_time/time.c.obj
                0x10001570                alarm_pool_add_alarm_at
 .text.alarm_pool_add_alarm_at_force_in_context
                0x1000164c       0xc8 CMakeFiles/DCSBiosRP2350.dir/C_/Users/j7517/.pico-sdk/sdk/2.1.1/src/common/pico_time/time.c.obj
                0x1000164c                alarm_pool_add_alarm_at_force_in_context
 .text.alarm_pool_cancel_alarm
                0x10001714       0x80 CMakeFiles/DCSBiosRP2350.dir/C_/Users/j7517/.pico-sdk/sdk/2.1.1/src/common/pico_time/time.c.obj
                0x10001714                alarm_pool_cancel_alarm
 .text.alarm_pool_core_num
                0x10001794        0x4 CMakeFiles/DCSBiosRP2350.dir/C_/Users/j7517/.pico-sdk/sdk/2.1.1/src/common/pico_time/time.c.obj
                0x10001794                alarm_pool_core_num
 .text.sleep_us
                0x10001798       0xd8 CMakeFiles/DCSBiosRP2350.dir/C_/Users/j7517/.pico-sdk/sdk/2.1.1/src/common/pico_time/time.c.obj
                0x10001798                sleep_us
 .text.sleep_ms
                0x10001870       0xdc CMakeFiles/DCSBiosRP2350.dir/C_/Users/j7517/.pico-sdk/sdk/2.1.1/src/common/pico_time/time.c.obj
                0x10001870                sleep_ms
 .text.best_effort_wfe_or_timeout
                0x1000194c       0xd4 CMakeFiles/DCSBiosRP2350.dir/C_/Users/j7517/.pico-sdk/sdk/2.1.1/src/common/pico_time/time.c.obj
                0x1000194c                best_effort_wfe_or_timeout
 .text.timer_hardware_alarm_claim
                0x10001a20       0x24 CMakeFiles/DCSBiosRP2350.dir/C_/Users/j7517/.pico-sdk/sdk/2.1.1/src/rp2_common/hardware_timer/timer.c.obj
                0x10001a20                timer_hardware_alarm_claim
 .text.timer_time_us_64
                0x10001a44       0x10 CMakeFiles/DCSBiosRP2350.dir/C_/Users/j7517/.pico-sdk/sdk/2.1.1/src/rp2_common/hardware_timer/timer.c.obj
                0x10001a44                timer_time_us_64
 .text.time_us_64
                0x10001a54       0x14 CMakeFiles/DCSBiosRP2350.dir/C_/Users/j7517/.pico-sdk/sdk/2.1.1/src/rp2_common/hardware_timer/timer.c.obj
                0x10001a54                time_us_64
 .text.busy_wait_us
                0x10001a68       0x5c CMakeFiles/DCSBiosRP2350.dir/C_/Users/j7517/.pico-sdk/sdk/2.1.1/src/rp2_common/hardware_timer/timer.c.obj
                0x10001a68                busy_wait_us
 .text.busy_wait_until
                0x10001ac4       0x24 CMakeFiles/DCSBiosRP2350.dir/C_/Users/j7517/.pico-sdk/sdk/2.1.1/src/rp2_common/hardware_timer/timer.c.obj
                0x10001ac4                busy_wait_until
 .text.uart_init
                0x10001ae8      0x104 CMakeFiles/DCSBiosRP2350.dir/C_/Users/j7517/.pico-sdk/sdk/2.1.1/src/rp2_common/hardware_uart/uart.c.obj
                0x10001ae8                uart_init
 .text.uart_set_format
                0x10001bec       0x70 CMakeFiles/DCSBiosRP2350.dir/C_/Users/j7517/.pico-sdk/sdk/2.1.1/src/rp2_common/hardware_uart/uart.c.obj
                0x10001bec                uart_set_format
 .text.uart_set_fifo_enabled
                0x10001c5c       0x58 CMakeFiles/DCSBiosRP2350.dir/C_/Users/j7517/.pico-sdk/sdk/2.1.1/src/rp2_common/hardware_uart/uart.c.obj
                0x10001c5c                uart_set_fifo_enabled
 .text.clock_configure_undivided
                0x10001cb4       0xd0 CMakeFiles/DCSBiosRP2350.dir/C_/Users/j7517/.pico-sdk/sdk/2.1.1/src/rp2_common/hardware_clocks/clocks.c.obj
                0x10001cb4                clock_configure_undivided
 .text.clock_get_hz
                0x10001d84        0xc CMakeFiles/DCSBiosRP2350.dir/C_/Users/j7517/.pico-sdk/sdk/2.1.1/src/rp2_common/hardware_clocks/clocks.c.obj
                0x10001d84                clock_get_hz
 .text.pll_init
                0x10001d90       0x8c CMakeFiles/DCSBiosRP2350.dir/C_/Users/j7517/.pico-sdk/sdk/2.1.1/src/rp2_common/hardware_pll/pll.c.obj
                0x10001d90                pll_init
 .text.watchdog_update
                0x10001e1c       0x14 CMakeFiles/DCSBiosRP2350.dir/C_/Users/j7517/.pico-sdk/sdk/2.1.1/src/rp2_common/hardware_watchdog/watchdog.c.obj
                0x10001e1c                watchdog_update
 .text.watchdog_enable
                0x10001e30       0x7c CMakeFiles/DCSBiosRP2350.dir/C_/Users/j7517/.pico-sdk/sdk/2.1.1/src/rp2_common/hardware_watchdog/watchdog.c.obj
                0x10001e30                watchdog_enable
 .text.watchdog_reboot
                0x10001eac       0x98 CMakeFiles/DCSBiosRP2350.dir/C_/Users/j7517/.pico-sdk/sdk/2.1.1/src/rp2_common/hardware_watchdog/watchdog.c.obj
                0x10001eac                watchdog_reboot
 .text.watchdog_caused_reboot
                0x10001f44       0x54 CMakeFiles/DCSBiosRP2350.dir/C_/Users/j7517/.pico-sdk/sdk/2.1.1/src/rp2_common/hardware_watchdog/watchdog.c.obj
                0x10001f44                watchdog_caused_reboot
 .text.tick_start
                0x10001f98       0x18 CMakeFiles/DCSBiosRP2350.dir/C_/Users/j7517/.pico-sdk/sdk/2.1.1/src/rp2_common/hardware_ticks/ticks.c.obj
                0x10001f98                tick_start
 .text.rom_reboot.constprop.0.isra.0
                0x10001fb0       0x34 CMakeFiles/DCSBiosRP2350.dir/C_/Users/j7517/.pico-sdk/sdk/2.1.1/src/rp2_common/pico_bootrom/bootrom.c.obj
 .text.rom_func_lookup
                0x10001fe4       0x18 CMakeFiles/DCSBiosRP2350.dir/C_/Users/j7517/.pico-sdk/sdk/2.1.1/src/rp2_common/pico_bootrom/bootrom.c.obj
                0x10001fe4                rom_func_lookup
 .text.rom_reset_usb_boot_extra
                0x10001ffc       0x1c CMakeFiles/DCSBiosRP2350.dir/C_/Users/j7517/.pico-sdk/sdk/2.1.1/src/rp2_common/pico_bootrom/bootrom.c.obj
                0x10001ffc                rom_reset_usb_boot_extra
 .text.runtime_init_bootrom_locking_enable
                0x10002018       0x14 CMakeFiles/DCSBiosRP2350.dir/C_/Users/j7517/.pico-sdk/sdk/2.1.1/src/rp2_common/pico_bootrom/bootrom_lock.c.obj
                0x10002018                runtime_init_bootrom_locking_enable
 .text.runtime_init_boot_locks_reset
                0x1000202c       0x1c CMakeFiles/DCSBiosRP2350.dir/C_/Users/j7517/.pico-sdk/sdk/2.1.1/src/rp2_common/hardware_boot_lock/boot_lock.c.obj
                0x1000202c                runtime_init_boot_locks_reset
 .text.xosc_init
                0x10002048       0x30 CMakeFiles/DCSBiosRP2350.dir/C_/Users/j7517/.pico-sdk/sdk/2.1.1/src/rp2_common/hardware_xosc/xosc.c.obj
                0x10002048                xosc_init
 .text.first_per_core_initializer
                0x10002078        0x4 CMakeFiles/DCSBiosRP2350.dir/C_/Users/j7517/.pico-sdk/sdk/2.1.1/src/rp2_common/pico_runtime/runtime.c.obj
 .text.hard_assertion_failure
                0x1000207c        0xc CMakeFiles/DCSBiosRP2350.dir/C_/Users/j7517/.pico-sdk/sdk/2.1.1/src/rp2_common/pico_runtime/runtime.c.obj
                0x1000207c                hard_assertion_failure
 .text.runtime_run_initializers
                0x10002088       0x20 CMakeFiles/DCSBiosRP2350.dir/C_/Users/j7517/.pico-sdk/sdk/2.1.1/src/rp2_common/pico_runtime/runtime.c.obj
                0x10002088                runtime_run_initializers
 .text.runtime_run_per_core_initializers
                0x100020a8       0x20 CMakeFiles/DCSBiosRP2350.dir/C_/Users/j7517/.pico-sdk/sdk/2.1.1/src/rp2_common/pico_runtime/runtime.c.obj
                0x100020a8                runtime_run_per_core_initializers
 .text.runtime_init_early_resets
                0x100020c8       0x34 CMakeFiles/DCSBiosRP2350.dir/C_/Users/j7517/.pico-sdk/sdk/2.1.1/src/rp2_common/pico_runtime_init/runtime_init.c.obj
                0x100020c8                runtime_init_early_resets
 .text.runtime_init_usb_power_down
                0x100020fc       0x1c CMakeFiles/DCSBiosRP2350.dir/C_/Users/j7517/.pico-sdk/sdk/2.1.1/src/rp2_common/pico_runtime_init/runtime_init.c.obj
                0x100020fc                runtime_init_usb_power_down
 .text.runtime_init_per_core_enable_coprocessors
                0x10002118       0x1c CMakeFiles/DCSBiosRP2350.dir/C_/Users/j7517/.pico-sdk/sdk/2.1.1/src/rp2_common/pico_runtime_init/runtime_init.c.obj
                0x10002118                runtime_init_per_core_enable_coprocessors
 .text.runtime_init_post_clock_resets
                0x10002134       0x20 CMakeFiles/DCSBiosRP2350.dir/C_/Users/j7517/.pico-sdk/sdk/2.1.1/src/rp2_common/pico_runtime_init/runtime_init.c.obj
                0x10002134                runtime_init_post_clock_resets
 .text.runtime_init_bootrom_reset
                0x10002154       0x14 CMakeFiles/DCSBiosRP2350.dir/C_/Users/j7517/.pico-sdk/sdk/2.1.1/src/rp2_common/pico_runtime_init/runtime_init.c.obj
                0x10002154                runtime_init_bootrom_reset
 .text.runtime_init_per_core_bootrom_reset
                0x10002168       0x14 CMakeFiles/DCSBiosRP2350.dir/C_/Users/j7517/.pico-sdk/sdk/2.1.1/src/rp2_common/pico_runtime_init/runtime_init.c.obj
                0x10002168                runtime_init_per_core_bootrom_reset
 .text.runtime_init_spin_locks_reset
                0x1000217c        0x4 CMakeFiles/DCSBiosRP2350.dir/C_/Users/j7517/.pico-sdk/sdk/2.1.1/src/rp2_common/pico_runtime_init/runtime_init.c.obj
                0x1000217c                runtime_init_spin_locks_reset
 .text.runtime_init_install_ram_vector_table
                0x10002180       0x20 CMakeFiles/DCSBiosRP2350.dir/C_/Users/j7517/.pico-sdk/sdk/2.1.1/src/rp2_common/pico_runtime_init/runtime_init.c.obj
                0x10002180                runtime_init_install_ram_vector_table
 .text.runtime_init_clocks
                0x100021a0       0xdc CMakeFiles/DCSBiosRP2350.dir/C_/Users/j7517/.pico-sdk/sdk/2.1.1/src/rp2_common/pico_runtime_init/runtime_init_clocks.c.obj
                0x100021a0                runtime_init_clocks
 .text.__rp2350_dcp_engaged_state_save_restore
                0x1000227c       0x3a CMakeFiles/DCSBiosRP2350.dir/C_/Users/j7517/.pico-sdk/sdk/2.1.1/src/rp2_common/pico_double/double_aeabi_dcp.S.obj
 *fill*         0x100022b6        0x2 
 .text.__wrap___aeabi_dadd
                0x100022b8       0x28 CMakeFiles/DCSBiosRP2350.dir/C_/Users/j7517/.pico-sdk/sdk/2.1.1/src/rp2_common/pico_double/double_aeabi_dcp.S.obj
                0x100022c0                __wrap___aeabi_dadd
 .text.__wrap___aeabi_dsub
                0x100022e0       0x28 CMakeFiles/DCSBiosRP2350.dir/C_/Users/j7517/.pico-sdk/sdk/2.1.1/src/rp2_common/pico_double/double_aeabi_dcp.S.obj
                0x100022e8                __wrap___aeabi_dsub
 .text.__wrap___aeabi_dmul
                0x10002308       0x4c CMakeFiles/DCSBiosRP2350.dir/C_/Users/j7517/.pico-sdk/sdk/2.1.1/src/rp2_common/pico_double/double_aeabi_dcp.S.obj
                0x10002310                __wrap___aeabi_dmul
 .text.__wrap___aeabi_ddiv
                0x10002354       0x9c CMakeFiles/DCSBiosRP2350.dir/C_/Users/j7517/.pico-sdk/sdk/2.1.1/src/rp2_common/pico_double/double_aeabi_dcp.S.obj
                0x1000235c                __wrap___aeabi_ddiv
 .text.__wrap___aeabi_i2d
                0x100023f0       0x24 CMakeFiles/DCSBiosRP2350.dir/C_/Users/j7517/.pico-sdk/sdk/2.1.1/src/rp2_common/pico_double/double_aeabi_dcp.S.obj
                0x100023f8                int2double
                0x100023f8                __wrap___aeabi_i2d
 .text.__wrap___aeabi_ui2d
                0x10002414       0x24 CMakeFiles/DCSBiosRP2350.dir/C_/Users/j7517/.pico-sdk/sdk/2.1.1/src/rp2_common/pico_double/double_aeabi_dcp.S.obj
                0x1000241c                uint2double
                0x1000241c                __wrap___aeabi_ui2d
 .text.__wrap___aeabi_d2iz
                0x10002438       0x24 CMakeFiles/DCSBiosRP2350.dir/C_/Users/j7517/.pico-sdk/sdk/2.1.1/src/rp2_common/pico_double/double_aeabi_dcp.S.obj
                0x10002440                double2int_z
                0x10002440                __wrap___aeabi_d2iz
 .text.__wrap___aeabi_d2uiz
                0x1000245c       0x24 CMakeFiles/DCSBiosRP2350.dir/C_/Users/j7517/.pico-sdk/sdk/2.1.1/src/rp2_common/pico_double/double_aeabi_dcp.S.obj
                0x10002464                double2uint
                0x10002464                __wrap___aeabi_d2uiz
                0x10002464                double2uint_z
 .text.__wrap___aeabi_dcmpun
                0x10002480       0x24 CMakeFiles/DCSBiosRP2350.dir/C_/Users/j7517/.pico-sdk/sdk/2.1.1/src/rp2_common/pico_double/double_aeabi_dcp.S.obj
                0x10002488                __wrap___aeabi_dcmpun
 .text.__wrap___aeabi_dcmplt
                0x100024a4       0x28 CMakeFiles/DCSBiosRP2350.dir/C_/Users/j7517/.pico-sdk/sdk/2.1.1/src/rp2_common/pico_double/double_aeabi_dcp.S.obj
                0x100024ac                __wrap___aeabi_dcmplt
 .text.__wrap___aeabi_dcmple
                0x100024cc       0x28 CMakeFiles/DCSBiosRP2350.dir/C_/Users/j7517/.pico-sdk/sdk/2.1.1/src/rp2_common/pico_double/double_aeabi_dcp.S.obj
                0x100024d4                __wrap___aeabi_dcmple
 .text.__wrap___aeabi_dcmpge
                0x100024f4       0x28 CMakeFiles/DCSBiosRP2350.dir/C_/Users/j7517/.pico-sdk/sdk/2.1.1/src/rp2_common/pico_double/double_aeabi_dcp.S.obj
                0x100024fc                __wrap___aeabi_dcmpge
 .text.__wrap___aeabi_dcmpgt
                0x1000251c       0x28 CMakeFiles/DCSBiosRP2350.dir/C_/Users/j7517/.pico-sdk/sdk/2.1.1/src/rp2_common/pico_double/double_aeabi_dcp.S.obj
                0x10002524                __wrap___aeabi_dcmpgt
 .text._out_null
                0x10002544        0x4 CMakeFiles/DCSBiosRP2350.dir/C_/Users/j7517/.pico-sdk/sdk/2.1.1/src/rp2_common/pico_printf/printf.c.obj
 .text._out_rev
                0x10002548       0x9c CMakeFiles/DCSBiosRP2350.dir/C_/Users/j7517/.pico-sdk/sdk/2.1.1/src/rp2_common/pico_printf/printf.c.obj
 .text._ntoa_format
                0x100025e4      0x1d4 CMakeFiles/DCSBiosRP2350.dir/C_/Users/j7517/.pico-sdk/sdk/2.1.1/src/rp2_common/pico_printf/printf.c.obj
 .text._out_char
                0x100027b8        0x8 CMakeFiles/DCSBiosRP2350.dir/C_/Users/j7517/.pico-sdk/sdk/2.1.1/src/rp2_common/pico_printf/printf.c.obj
 .text._out_fct
                0x100027c0        0xc CMakeFiles/DCSBiosRP2350.dir/C_/Users/j7517/.pico-sdk/sdk/2.1.1/src/rp2_common/pico_printf/printf.c.obj
 *fill*         0x100027cc        0x4 
 .text._ftoa    0x100027d0      0x4bc CMakeFiles/DCSBiosRP2350.dir/C_/Users/j7517/.pico-sdk/sdk/2.1.1/src/rp2_common/pico_printf/printf.c.obj
 *fill*         0x10002c8c        0x4 
 .text._etoa    0x10002c90      0x574 CMakeFiles/DCSBiosRP2350.dir/C_/Users/j7517/.pico-sdk/sdk/2.1.1/src/rp2_common/pico_printf/printf.c.obj
 .text._vsnprintf
                0x10003204      0x9e4 CMakeFiles/DCSBiosRP2350.dir/C_/Users/j7517/.pico-sdk/sdk/2.1.1/src/rp2_common/pico_printf/printf.c.obj
 .text.vfctprintf
                0x10003be8       0x28 CMakeFiles/DCSBiosRP2350.dir/C_/Users/j7517/.pico-sdk/sdk/2.1.1/src/rp2_common/pico_printf/printf.c.obj
                0x10003be8                vfctprintf
 .text.weak_raw_vprintf
                0x10003c10       0x30 CMakeFiles/DCSBiosRP2350.dir/C_/Users/j7517/.pico-sdk/sdk/2.1.1/src/rp2_common/pico_printf/printf.c.obj
                0x10003c10                weak_raw_vprintf
 .text._exit    0x10003c40        0x4 CMakeFiles/DCSBiosRP2350.dir/C_/Users/j7517/.pico-sdk/sdk/2.1.1/src/rp2_common/pico_clib_interface/newlib_interface.c.obj
                0x10003c40                _exit
 .text.exit     0x10003c44        0x8 CMakeFiles/DCSBiosRP2350.dir/C_/Users/j7517/.pico-sdk/sdk/2.1.1/src/rp2_common/pico_clib_interface/newlib_interface.c.obj
                0x10003c44                exit
 .text.runtime_init
                0x10003c4c       0x24 CMakeFiles/DCSBiosRP2350.dir/C_/Users/j7517/.pico-sdk/sdk/2.1.1/src/rp2_common/pico_clib_interface/newlib_interface.c.obj
                0x10003c4c                runtime_init
 .text.stdio_out_chars_no_crlf
                0x10003c70        0x8 CMakeFiles/DCSBiosRP2350.dir/C_/Users/j7517/.pico-sdk/sdk/2.1.1/src/rp2_common/pico_stdio/stdio.c.obj
 .text.stdio_out_chars_crlf
                0x10003c78       0xb0 CMakeFiles/DCSBiosRP2350.dir/C_/Users/j7517/.pico-sdk/sdk/2.1.1/src/rp2_common/pico_stdio/stdio.c.obj
 .text.stdio_buffered_printer
                0x10003d28       0x60 CMakeFiles/DCSBiosRP2350.dir/C_/Users/j7517/.pico-sdk/sdk/2.1.1/src/rp2_common/pico_stdio/stdio.c.obj
 .text.stdio_put_string
                0x10003d88       0xec CMakeFiles/DCSBiosRP2350.dir/C_/Users/j7517/.pico-sdk/sdk/2.1.1/src/rp2_common/pico_stdio/stdio.c.obj
                0x10003d88                stdio_put_string
 .text.stdio_set_driver_enabled
                0x10003e74       0x28 CMakeFiles/DCSBiosRP2350.dir/C_/Users/j7517/.pico-sdk/sdk/2.1.1/src/rp2_common/pico_stdio/stdio.c.obj
                0x10003e74                stdio_set_driver_enabled
 .text.stdio_init_all
                0x10003e9c        0x4 CMakeFiles/DCSBiosRP2350.dir/C_/Users/j7517/.pico-sdk/sdk/2.1.1/src/rp2_common/pico_stdio/stdio.c.obj
                0x10003e9c                stdio_init_all
 .text.stdio_getchar_timeout_us
                0x10003ea0       0x8c CMakeFiles/DCSBiosRP2350.dir/C_/Users/j7517/.pico-sdk/sdk/2.1.1/src/rp2_common/pico_stdio/stdio.c.obj
                0x10003ea0                stdio_getchar_timeout_us
 .text.__wrap_putchar
                0x10003f2c       0x84 CMakeFiles/DCSBiosRP2350.dir/C_/Users/j7517/.pico-sdk/sdk/2.1.1/src/rp2_common/pico_stdio/stdio.c.obj
                0x10003f2c                __wrap_putchar
                0x10003f2c                stdio_putchar
 .text.__wrap_puts
                0x10003fb0       0x3c CMakeFiles/DCSBiosRP2350.dir/C_/Users/j7517/.pico-sdk/sdk/2.1.1/src/rp2_common/pico_stdio/stdio.c.obj
                0x10003fb0                stdio_puts
                0x10003fb0                __wrap_puts
 .text.__wrap_vprintf
                0x10003fec       0xc4 CMakeFiles/DCSBiosRP2350.dir/C_/Users/j7517/.pico-sdk/sdk/2.1.1/src/rp2_common/pico_stdio/stdio.c.obj
                0x10003fec                stdio_vprintf
                0x10003fec                __wrap_vprintf
 .text.__wrap_printf
                0x100040b0       0x1c CMakeFiles/DCSBiosRP2350.dir/C_/Users/j7517/.pico-sdk/sdk/2.1.1/src/rp2_common/pico_stdio/stdio.c.obj
                0x100040b0                __wrap_printf
                0x100040b0                stdio_printf
 .text.resetd_init
                0x100040cc        0x4 CMakeFiles/DCSBiosRP2350.dir/C_/Users/j7517/.pico-sdk/sdk/2.1.1/src/rp2_common/pico_stdio_usb/reset_interface.c.obj
 .text.resetd_reset
                0x100040d0        0xc CMakeFiles/DCSBiosRP2350.dir/C_/Users/j7517/.pico-sdk/sdk/2.1.1/src/rp2_common/pico_stdio_usb/reset_interface.c.obj
 .text.resetd_open
                0x100040dc       0x28 CMakeFiles/DCSBiosRP2350.dir/C_/Users/j7517/.pico-sdk/sdk/2.1.1/src/rp2_common/pico_stdio_usb/reset_interface.c.obj
 .text.resetd_xfer_cb
                0x10004104        0x4 CMakeFiles/DCSBiosRP2350.dir/C_/Users/j7517/.pico-sdk/sdk/2.1.1/src/rp2_common/pico_stdio_usb/reset_interface.c.obj
 .text.resetd_control_xfer_cb
                0x10004108       0x50 CMakeFiles/DCSBiosRP2350.dir/C_/Users/j7517/.pico-sdk/sdk/2.1.1/src/rp2_common/pico_stdio_usb/reset_interface.c.obj
 .text.tud_descriptor_bos_cb
                0x10004158        0x8 CMakeFiles/DCSBiosRP2350.dir/C_/Users/j7517/.pico-sdk/sdk/2.1.1/src/rp2_common/pico_stdio_usb/reset_interface.c.obj
                0x10004158                tud_descriptor_bos_cb
 .text.tud_vendor_control_xfer_cb
                0x10004160       0x28 CMakeFiles/DCSBiosRP2350.dir/C_/Users/j7517/.pico-sdk/sdk/2.1.1/src/rp2_common/pico_stdio_usb/reset_interface.c.obj
                0x10004160                tud_vendor_control_xfer_cb
 .text.usbd_app_driver_get_cb
                0x10004188       0x10 CMakeFiles/DCSBiosRP2350.dir/C_/Users/j7517/.pico-sdk/sdk/2.1.1/src/rp2_common/pico_stdio_usb/reset_interface.c.obj
                0x10004188                usbd_app_driver_get_cb
 .text.tud_cdc_line_coding_cb
                0x10004198       0x18 CMakeFiles/DCSBiosRP2350.dir/C_/Users/j7517/.pico-sdk/sdk/2.1.1/src/rp2_common/pico_stdio_usb/reset_interface.c.obj
                0x10004198                tud_cdc_line_coding_cb
 .text.stdio_usb_set_chars_available_callback
                0x100041b0       0x14 CMakeFiles/DCSBiosRP2350.dir/C_/Users/j7517/.pico-sdk/sdk/2.1.1/src/rp2_common/pico_stdio_usb/stdio_usb.c.obj
                0x100041b0                stdio_usb_set_chars_available_callback
 .text.timer_task
                0x100041c4       0x70 CMakeFiles/DCSBiosRP2350.dir/C_/Users/j7517/.pico-sdk/sdk/2.1.1/src/rp2_common/pico_stdio_usb/stdio_usb.c.obj
 .text.usb_irq  0x10004234        0xc CMakeFiles/DCSBiosRP2350.dir/C_/Users/j7517/.pico-sdk/sdk/2.1.1/src/rp2_common/pico_stdio_usb/stdio_usb.c.obj
 .text.stdio_usb_in_chars
                0x10004240       0x88 CMakeFiles/DCSBiosRP2350.dir/C_/Users/j7517/.pico-sdk/sdk/2.1.1/src/rp2_common/pico_stdio_usb/stdio_usb.c.obj
                0x10004240                stdio_usb_in_chars
 .text.stdio_usb_out_flush
                0x100042c8       0x54 CMakeFiles/DCSBiosRP2350.dir/C_/Users/j7517/.pico-sdk/sdk/2.1.1/src/rp2_common/pico_stdio_usb/stdio_usb.c.obj
 .text.stdio_usb_out_chars
                0x1000431c       0xf4 CMakeFiles/DCSBiosRP2350.dir/C_/Users/j7517/.pico-sdk/sdk/2.1.1/src/rp2_common/pico_stdio_usb/stdio_usb.c.obj
 .text.low_priority_worker_irq
                0x10004410       0xd8 CMakeFiles/DCSBiosRP2350.dir/C_/Users/j7517/.pico-sdk/sdk/2.1.1/src/rp2_common/pico_stdio_usb/stdio_usb.c.obj
 .text.stdio_usb_init
                0x100044e8       0xe8 CMakeFiles/DCSBiosRP2350.dir/C_/Users/j7517/.pico-sdk/sdk/2.1.1/src/rp2_common/pico_stdio_usb/stdio_usb.c.obj
                0x100044e8                stdio_usb_init
 .text.tud_descriptor_device_cb
                0x100045d0        0x8 CMakeFiles/DCSBiosRP2350.dir/C_/Users/j7517/.pico-sdk/sdk/2.1.1/src/rp2_common/pico_stdio_usb/stdio_usb_descriptors.c.obj
                0x100045d0                tud_descriptor_device_cb
 .text.tud_descriptor_configuration_cb
                0x100045d8        0x8 CMakeFiles/DCSBiosRP2350.dir/C_/Users/j7517/.pico-sdk/sdk/2.1.1/src/rp2_common/pico_stdio_usb/stdio_usb_descriptors.c.obj
                0x100045d8                tud_descriptor_configuration_cb
 .text.tud_descriptor_string_cb
                0x100045e0       0x70 CMakeFiles/DCSBiosRP2350.dir/C_/Users/j7517/.pico-sdk/sdk/2.1.1/src/rp2_common/pico_stdio_usb/stdio_usb_descriptors.c.obj
                0x100045e0                tud_descriptor_string_cb
 .text.startup._retrieve_unique_id_on_boot
                0x10004650       0x30 CMakeFiles/DCSBiosRP2350.dir/C_/Users/j7517/.pico-sdk/sdk/2.1.1/src/rp2_common/pico_unique_id/unique_id.c.obj
 .text.pico_get_unique_board_id_string
                0x10004680      0x184 CMakeFiles/DCSBiosRP2350.dir/C_/Users/j7517/.pico-sdk/sdk/2.1.1/src/rp2_common/pico_unique_id/unique_id.c.obj
                0x10004680                pico_get_unique_board_id_string
 .text.dcd_init
                0x10004804       0x8c CMakeFiles/DCSBiosRP2350.dir/C_/Users/j7517/.pico-sdk/sdk/2.1.1/lib/tinyusb/src/portable/raspberrypi/rp2040/dcd_rp2040.c.obj
                0x10004804                dcd_init
 .text.dcd_int_enable
                0x10004890        0x8 CMakeFiles/DCSBiosRP2350.dir/C_/Users/j7517/.pico-sdk/sdk/2.1.1/lib/tinyusb/src/portable/raspberrypi/rp2040/dcd_rp2040.c.obj
                0x10004890                dcd_int_enable
 .text.dcd_set_address
                0x10004898       0x10 CMakeFiles/DCSBiosRP2350.dir/C_/Users/j7517/.pico-sdk/sdk/2.1.1/lib/tinyusb/src/portable/raspberrypi/rp2040/dcd_rp2040.c.obj
                0x10004898                dcd_set_address
 .text.dcd_sof_enable
                0x100048a8       0x1c CMakeFiles/DCSBiosRP2350.dir/C_/Users/j7517/.pico-sdk/sdk/2.1.1/lib/tinyusb/src/portable/raspberrypi/rp2040/dcd_rp2040.c.obj
                0x100048a8                dcd_sof_enable
 .text.dcd_edpt0_status_complete
                0x100048c4       0x1c CMakeFiles/DCSBiosRP2350.dir/C_/Users/j7517/.pico-sdk/sdk/2.1.1/lib/tinyusb/src/portable/raspberrypi/rp2040/dcd_rp2040.c.obj
                0x100048c4                dcd_edpt0_status_complete
 .text.dcd_edpt_open
                0x100048e0      0x104 CMakeFiles/DCSBiosRP2350.dir/C_/Users/j7517/.pico-sdk/sdk/2.1.1/lib/tinyusb/src/portable/raspberrypi/rp2040/dcd_rp2040.c.obj
                0x100048e0                dcd_edpt_open
 .text.dcd_edpt_close_all
                0x100049e4        0x4 CMakeFiles/DCSBiosRP2350.dir/C_/Users/j7517/.pico-sdk/sdk/2.1.1/lib/tinyusb/src/portable/raspberrypi/rp2040/dcd_rp2040.c.obj
                0x100049e4                dcd_edpt_close_all
 .text.dcd_edpt_xfer
                0x100049e8       0x28 CMakeFiles/DCSBiosRP2350.dir/C_/Users/j7517/.pico-sdk/sdk/2.1.1/lib/tinyusb/src/portable/raspberrypi/rp2040/dcd_rp2040.c.obj
                0x100049e8                dcd_edpt_xfer
 .text.dcd_edpt_stall
                0x10004a10       0x30 CMakeFiles/DCSBiosRP2350.dir/C_/Users/j7517/.pico-sdk/sdk/2.1.1/lib/tinyusb/src/portable/raspberrypi/rp2040/dcd_rp2040.c.obj
                0x10004a10                dcd_edpt_stall
 .text.dcd_edpt_clear_stall
                0x10004a40       0x24 CMakeFiles/DCSBiosRP2350.dir/C_/Users/j7517/.pico-sdk/sdk/2.1.1/lib/tinyusb/src/portable/raspberrypi/rp2040/dcd_rp2040.c.obj
                0x10004a40                dcd_edpt_clear_stall
 .text.rp2040_usb_init
                0x10004a64       0x40 CMakeFiles/DCSBiosRP2350.dir/C_/Users/j7517/.pico-sdk/sdk/2.1.1/lib/tinyusb/src/portable/raspberrypi/rp2040/rp2040_usb.c.obj
                0x10004a64                rp2040_usb_init
 .text.hw_endpoint_xfer_start
                0x10004aa4       0x40 CMakeFiles/DCSBiosRP2350.dir/C_/Users/j7517/.pico-sdk/sdk/2.1.1/lib/tinyusb/src/portable/raspberrypi/rp2040/rp2040_usb.c.obj
                0x10004aa4                hw_endpoint_xfer_start
 .text.configuration_reset
                0x10004ae4       0x8c CMakeFiles/DCSBiosRP2350.dir/C_/Users/j7517/.pico-sdk/sdk/2.1.1/lib/tinyusb/src/device/usbd.c.obj
 .text.tud_event_hook_cb
                0x10004b70        0x4 CMakeFiles/DCSBiosRP2350.dir/C_/Users/j7517/.pico-sdk/sdk/2.1.1/lib/tinyusb/src/device/usbd.c.obj
                0x10004b70                tud_event_hook_cb
 .text.tud_sof_cb
                0x10004b74        0x4 CMakeFiles/DCSBiosRP2350.dir/C_/Users/j7517/.pico-sdk/sdk/2.1.1/lib/tinyusb/src/device/usbd.c.obj
                0x10004b74                tud_sof_cb
 .text.tud_descriptor_device_qualifier_cb
                0x10004b78        0x4 CMakeFiles/DCSBiosRP2350.dir/C_/Users/j7517/.pico-sdk/sdk/2.1.1/lib/tinyusb/src/device/usbd.c.obj
                0x10004b78                tud_descriptor_device_qualifier_cb
 .text.tud_descriptor_other_speed_configuration_cb
                0x10004b7c        0x4 CMakeFiles/DCSBiosRP2350.dir/C_/Users/j7517/.pico-sdk/sdk/2.1.1/lib/tinyusb/src/device/usbd.c.obj
                0x10004b7c                tud_descriptor_other_speed_configuration_cb
 .text.tud_mount_cb
                0x10004b80        0x4 CMakeFiles/DCSBiosRP2350.dir/C_/Users/j7517/.pico-sdk/sdk/2.1.1/lib/tinyusb/src/device/usbd.c.obj
                0x10004b80                tud_mount_cb
 .text.tud_umount_cb
                0x10004b84        0x4 CMakeFiles/DCSBiosRP2350.dir/C_/Users/j7517/.pico-sdk/sdk/2.1.1/lib/tinyusb/src/device/usbd.c.obj
                0x10004b84                tud_umount_cb
 .text.tud_suspend_cb
                0x10004b88        0x4 CMakeFiles/DCSBiosRP2350.dir/C_/Users/j7517/.pico-sdk/sdk/2.1.1/lib/tinyusb/src/device/usbd.c.obj
                0x10004b88                tud_suspend_cb
 .text.tud_resume_cb
                0x10004b8c        0x4 CMakeFiles/DCSBiosRP2350.dir/C_/Users/j7517/.pico-sdk/sdk/2.1.1/lib/tinyusb/src/device/usbd.c.obj
                0x10004b8c                tud_resume_cb
 .text.tud_mounted
                0x10004b90       0x10 CMakeFiles/DCSBiosRP2350.dir/C_/Users/j7517/.pico-sdk/sdk/2.1.1/lib/tinyusb/src/device/usbd.c.obj
                0x10004b90                tud_mounted
 .text.tud_suspended
                0x10004ba0       0x10 CMakeFiles/DCSBiosRP2350.dir/C_/Users/j7517/.pico-sdk/sdk/2.1.1/lib/tinyusb/src/device/usbd.c.obj
                0x10004ba0                tud_suspended
 .text.tud_rhport_init
                0x10004bb0       0xf4 CMakeFiles/DCSBiosRP2350.dir/C_/Users/j7517/.pico-sdk/sdk/2.1.1/lib/tinyusb/src/device/usbd.c.obj
                0x10004bb0                tud_rhport_init
 .text.tud_task_ext
                0x10004ca4      0x784 CMakeFiles/DCSBiosRP2350.dir/C_/Users/j7517/.pico-sdk/sdk/2.1.1/lib/tinyusb/src/device/usbd.c.obj
                0x10004ca4                tud_task_ext
 .text.usbd_open_edpt_pair
                0x10005428       0x9c CMakeFiles/DCSBiosRP2350.dir/C_/Users/j7517/.pico-sdk/sdk/2.1.1/lib/tinyusb/src/device/usbd.c.obj
                0x10005428                usbd_open_edpt_pair
 .text.usbd_edpt_open
                0x100054c4       0x44 CMakeFiles/DCSBiosRP2350.dir/C_/Users/j7517/.pico-sdk/sdk/2.1.1/lib/tinyusb/src/device/usbd.c.obj
                0x100054c4                usbd_edpt_open
 .text.usbd_edpt_claim
                0x10005508       0x24 CMakeFiles/DCSBiosRP2350.dir/C_/Users/j7517/.pico-sdk/sdk/2.1.1/lib/tinyusb/src/device/usbd.c.obj
                0x10005508                usbd_edpt_claim
 .text.usbd_edpt_release
                0x1000552c       0x24 CMakeFiles/DCSBiosRP2350.dir/C_/Users/j7517/.pico-sdk/sdk/2.1.1/lib/tinyusb/src/device/usbd.c.obj
                0x1000552c                usbd_edpt_release
 .text.usbd_edpt_xfer
                0x10005550       0x70 CMakeFiles/DCSBiosRP2350.dir/C_/Users/j7517/.pico-sdk/sdk/2.1.1/lib/tinyusb/src/device/usbd.c.obj
                0x10005550                usbd_edpt_xfer
 .text.tud_control_status
                0x100055c0       0x34 CMakeFiles/DCSBiosRP2350.dir/C_/Users/j7517/.pico-sdk/sdk/2.1.1/lib/tinyusb/src/device/usbd_control.c.obj
                0x100055c0                tud_control_status
 .text.tud_control_xfer
                0x100055f4       0xb0 CMakeFiles/DCSBiosRP2350.dir/C_/Users/j7517/.pico-sdk/sdk/2.1.1/lib/tinyusb/src/device/usbd_control.c.obj
                0x100055f4                tud_control_xfer
 .text.usbd_control_reset
                0x100056a4       0x14 CMakeFiles/DCSBiosRP2350.dir/C_/Users/j7517/.pico-sdk/sdk/2.1.1/lib/tinyusb/src/device/usbd_control.c.obj
                0x100056a4                usbd_control_reset
 .text.usbd_control_set_complete_callback
                0x100056b8        0xc CMakeFiles/DCSBiosRP2350.dir/C_/Users/j7517/.pico-sdk/sdk/2.1.1/lib/tinyusb/src/device/usbd_control.c.obj
                0x100056b8                usbd_control_set_complete_callback
 .text.usbd_control_set_request
                0x100056c4       0x1c CMakeFiles/DCSBiosRP2350.dir/C_/Users/j7517/.pico-sdk/sdk/2.1.1/lib/tinyusb/src/device/usbd_control.c.obj
                0x100056c4                usbd_control_set_request
 .text.usbd_control_xfer_cb
                0x100056e0      0x100 CMakeFiles/DCSBiosRP2350.dir/C_/Users/j7517/.pico-sdk/sdk/2.1.1/lib/tinyusb/src/device/usbd_control.c.obj
                0x100056e0                usbd_control_xfer_cb
 .text._prep_out_transaction.isra.0
                0x100057e0       0x74 CMakeFiles/DCSBiosRP2350.dir/C_/Users/j7517/.pico-sdk/sdk/2.1.1/lib/tinyusb/src/class/cdc/cdc_device.c.obj
 .text.tud_cdc_n_connected
                0x10005854       0x2c CMakeFiles/DCSBiosRP2350.dir/C_/Users/j7517/.pico-sdk/sdk/2.1.1/lib/tinyusb/src/class/cdc/cdc_device.c.obj
                0x10005854                tud_cdc_n_connected
 .text.tud_cdc_n_available
                0x10005880       0x14 CMakeFiles/DCSBiosRP2350.dir/C_/Users/j7517/.pico-sdk/sdk/2.1.1/lib/tinyusb/src/class/cdc/cdc_device.c.obj
                0x10005880                tud_cdc_n_available
 .text.tud_cdc_n_read
                0x10005894       0x90 CMakeFiles/DCSBiosRP2350.dir/C_/Users/j7517/.pico-sdk/sdk/2.1.1/lib/tinyusb/src/class/cdc/cdc_device.c.obj
                0x10005894                tud_cdc_n_read
 .text.tud_cdc_n_write_flush
                0x10005924       0x8c CMakeFiles/DCSBiosRP2350.dir/C_/Users/j7517/.pico-sdk/sdk/2.1.1/lib/tinyusb/src/class/cdc/cdc_device.c.obj
                0x10005924                tud_cdc_n_write_flush
 .text.tud_cdc_n_write
                0x100059b0       0x40 CMakeFiles/DCSBiosRP2350.dir/C_/Users/j7517/.pico-sdk/sdk/2.1.1/lib/tinyusb/src/class/cdc/cdc_device.c.obj
                0x100059b0                tud_cdc_n_write
 .text.tud_cdc_n_write_available
                0x100059f0       0x14 CMakeFiles/DCSBiosRP2350.dir/C_/Users/j7517/.pico-sdk/sdk/2.1.1/lib/tinyusb/src/class/cdc/cdc_device.c.obj
                0x100059f0                tud_cdc_n_write_available
 .text.cdcd_init
                0x10005a04       0x70 CMakeFiles/DCSBiosRP2350.dir/C_/Users/j7517/.pico-sdk/sdk/2.1.1/lib/tinyusb/src/class/cdc/cdc_device.c.obj
                0x10005a04                cdcd_init
 .text.cdcd_deinit
                0x10005a74       0x30 CMakeFiles/DCSBiosRP2350.dir/C_/Users/j7517/.pico-sdk/sdk/2.1.1/lib/tinyusb/src/class/cdc/cdc_device.c.obj
                0x10005a74                cdcd_deinit
 .text.cdcd_reset
                0x10005aa4       0x4c CMakeFiles/DCSBiosRP2350.dir/C_/Users/j7517/.pico-sdk/sdk/2.1.1/lib/tinyusb/src/class/cdc/cdc_device.c.obj
                0x10005aa4                cdcd_reset
 .text.cdcd_open
                0x10005af0       0xc0 CMakeFiles/DCSBiosRP2350.dir/C_/Users/j7517/.pico-sdk/sdk/2.1.1/lib/tinyusb/src/class/cdc/cdc_device.c.obj
                0x10005af0                cdcd_open
 .text.cdcd_control_xfer_cb
                0x10005bb0       0xc0 CMakeFiles/DCSBiosRP2350.dir/C_/Users/j7517/.pico-sdk/sdk/2.1.1/lib/tinyusb/src/class/cdc/cdc_device.c.obj
                0x10005bb0                cdcd_control_xfer_cb
 .text.cdcd_xfer_cb
                0x10005c70       0xf8 CMakeFiles/DCSBiosRP2350.dir/C_/Users/j7517/.pico-sdk/sdk/2.1.1/lib/tinyusb/src/class/cdc/cdc_device.c.obj
                0x10005c70                cdcd_xfer_cb
 .text.vendord_init
                0x10005d68       0x5c CMakeFiles/DCSBiosRP2350.dir/C_/Users/j7517/.pico-sdk/sdk/2.1.1/lib/tinyusb/src/class/vendor/vendor_device.c.obj
                0x10005d68                vendord_init
 .text.vendord_deinit
                0x10005dc4       0x1c CMakeFiles/DCSBiosRP2350.dir/C_/Users/j7517/.pico-sdk/sdk/2.1.1/lib/tinyusb/src/class/vendor/vendor_device.c.obj
                0x10005dc4                vendord_deinit
 .text.vendord_reset
                0x10005de0       0x24 CMakeFiles/DCSBiosRP2350.dir/C_/Users/j7517/.pico-sdk/sdk/2.1.1/lib/tinyusb/src/class/vendor/vendor_device.c.obj
                0x10005de0                vendord_reset
 .text.vendord_open
                0x10005e04       0xf4 CMakeFiles/DCSBiosRP2350.dir/C_/Users/j7517/.pico-sdk/sdk/2.1.1/lib/tinyusb/src/class/vendor/vendor_device.c.obj
                0x10005e04                vendord_open
 .text.vendord_xfer_cb
                0x10005ef8       0x88 CMakeFiles/DCSBiosRP2350.dir/C_/Users/j7517/.pico-sdk/sdk/2.1.1/lib/tinyusb/src/class/vendor/vendor_device.c.obj
                0x10005ef8                vendord_xfer_cb
 .text.tusb_rhport_init
                0x10005f80       0x64 CMakeFiles/DCSBiosRP2350.dir/C_/Users/j7517/.pico-sdk/sdk/2.1.1/lib/tinyusb/src/tusb.c.obj
                0x10005f80                tusb_rhport_init
 .text.tu_edpt_claim
                0x10005fe4       0x54 CMakeFiles/DCSBiosRP2350.dir/C_/Users/j7517/.pico-sdk/sdk/2.1.1/lib/tinyusb/src/tusb.c.obj
                0x10005fe4                tu_edpt_claim
 .text.tu_edpt_release
                0x10006038       0x38 CMakeFiles/DCSBiosRP2350.dir/C_/Users/j7517/.pico-sdk/sdk/2.1.1/lib/tinyusb/src/tusb.c.obj
                0x10006038                tu_edpt_release
 .text.tu_edpt_validate
                0x10006070       0x60 CMakeFiles/DCSBiosRP2350.dir/C_/Users/j7517/.pico-sdk/sdk/2.1.1/lib/tinyusb/src/tusb.c.obj
                0x10006070                tu_edpt_validate
 .text.tu_edpt_bind_driver
                0x100060d0       0x58 CMakeFiles/DCSBiosRP2350.dir/C_/Users/j7517/.pico-sdk/sdk/2.1.1/lib/tinyusb/src/tusb.c.obj
                0x100060d0                tu_edpt_bind_driver
 .text.tu_edpt_stream_init
                0x10006128       0x58 CMakeFiles/DCSBiosRP2350.dir/C_/Users/j7517/.pico-sdk/sdk/2.1.1/lib/tinyusb/src/tusb.c.obj
                0x10006128                tu_edpt_stream_init
 .text.tu_edpt_stream_deinit
                0x10006180        0x4 CMakeFiles/DCSBiosRP2350.dir/C_/Users/j7517/.pico-sdk/sdk/2.1.1/lib/tinyusb/src/tusb.c.obj
                0x10006180                tu_edpt_stream_deinit
 .text.tu_edpt_stream_write_zlp_if_needed
                0x10006184       0x68 CMakeFiles/DCSBiosRP2350.dir/C_/Users/j7517/.pico-sdk/sdk/2.1.1/lib/tinyusb/src/tusb.c.obj
                0x10006184                tu_edpt_stream_write_zlp_if_needed
 .text.tu_edpt_stream_write_xfer
                0x100061ec       0x70 CMakeFiles/DCSBiosRP2350.dir/C_/Users/j7517/.pico-sdk/sdk/2.1.1/lib/tinyusb/src/tusb.c.obj
                0x100061ec                tu_edpt_stream_write_xfer
 .text.tu_edpt_stream_read_xfer
                0x1000625c       0xc8 CMakeFiles/DCSBiosRP2350.dir/C_/Users/j7517/.pico-sdk/sdk/2.1.1/lib/tinyusb/src/tusb.c.obj
                0x1000625c                tu_edpt_stream_read_xfer
 .text.tu_fifo_config
                0x10006324       0x60 CMakeFiles/DCSBiosRP2350.dir/C_/Users/j7517/.pico-sdk/sdk/2.1.1/lib/tinyusb/src/common/tusb_fifo.c.obj
                0x10006324                tu_fifo_config
 .text.tu_fifo_count
                0x10006384       0x20 CMakeFiles/DCSBiosRP2350.dir/C_/Users/j7517/.pico-sdk/sdk/2.1.1/lib/tinyusb/src/common/tusb_fifo.c.obj
                0x10006384                tu_fifo_count
 .text.tu_fifo_empty
                0x100063a4       0x14 CMakeFiles/DCSBiosRP2350.dir/C_/Users/j7517/.pico-sdk/sdk/2.1.1/lib/tinyusb/src/common/tusb_fifo.c.obj
                0x100063a4                tu_fifo_empty
 .text.tu_fifo_remaining
                0x100063b8       0x24 CMakeFiles/DCSBiosRP2350.dir/C_/Users/j7517/.pico-sdk/sdk/2.1.1/lib/tinyusb/src/common/tusb_fifo.c.obj
                0x100063b8                tu_fifo_remaining
 .text.tu_fifo_read
                0x100063dc       0x94 CMakeFiles/DCSBiosRP2350.dir/C_/Users/j7517/.pico-sdk/sdk/2.1.1/lib/tinyusb/src/common/tusb_fifo.c.obj
                0x100063dc                tu_fifo_read
 .text.tu_fifo_read_n
                0x10006470       0xd8 CMakeFiles/DCSBiosRP2350.dir/C_/Users/j7517/.pico-sdk/sdk/2.1.1/lib/tinyusb/src/common/tusb_fifo.c.obj
                0x10006470                tu_fifo_read_n
 .text.tu_fifo_write
                0x10006548       0xa4 CMakeFiles/DCSBiosRP2350.dir/C_/Users/j7517/.pico-sdk/sdk/2.1.1/lib/tinyusb/src/common/tusb_fifo.c.obj
                0x10006548                tu_fifo_write
 .text.tu_fifo_write_n
                0x100065ec      0x15c CMakeFiles/DCSBiosRP2350.dir/C_/Users/j7517/.pico-sdk/sdk/2.1.1/lib/tinyusb/src/common/tusb_fifo.c.obj
                0x100065ec                tu_fifo_write_n
 .text.tu_fifo_clear
                0x10006748       0x38 CMakeFiles/DCSBiosRP2350.dir/C_/Users/j7517/.pico-sdk/sdk/2.1.1/lib/tinyusb/src/common/tusb_fifo.c.obj
                0x10006748                tu_fifo_clear
 .text.tu_fifo_set_overwritable
                0x10006780       0x3c CMakeFiles/DCSBiosRP2350.dir/C_/Users/j7517/.pico-sdk/sdk/2.1.1/lib/tinyusb/src/common/tusb_fifo.c.obj
                0x10006780                tu_fifo_set_overwritable
 .text.core1_trampoline
                0x100067bc        0x4 CMakeFiles/DCSBiosRP2350.dir/C_/Users/j7517/.pico-sdk/sdk/2.1.1/src/rp2_common/pico_multicore/multicore.c.obj
 .text.core1_wrapper
                0x100067c0       0x10 CMakeFiles/DCSBiosRP2350.dir/C_/Users/j7517/.pico-sdk/sdk/2.1.1/src/rp2_common/pico_multicore/multicore.c.obj
                0x100067c0                core1_wrapper
 .text.multicore_fifo_push_timeout_us
                0x100067d0       0x58 CMakeFiles/DCSBiosRP2350.dir/C_/Users/j7517/.pico-sdk/sdk/2.1.1/src/rp2_common/pico_multicore/multicore.c.obj
                0x100067d0                multicore_fifo_push_timeout_us
 .text.multicore_fifo_pop_blocking
                0x10006828       0x1c CMakeFiles/DCSBiosRP2350.dir/C_/Users/j7517/.pico-sdk/sdk/2.1.1/src/rp2_common/pico_multicore/multicore.c.obj
                0x10006828                multicore_fifo_pop_blocking
 .text.multicore_launch_core1_raw
                0x10006844       0x84 CMakeFiles/DCSBiosRP2350.dir/C_/Users/j7517/.pico-sdk/sdk/2.1.1/src/rp2_common/pico_multicore/multicore.c.obj
                0x10006844                multicore_launch_core1_raw
 .text.multicore_launch_core1
                0x100068c8       0x48 CMakeFiles/DCSBiosRP2350.dir/C_/Users/j7517/.pico-sdk/sdk/2.1.1/src/rp2_common/pico_multicore/multicore.c.obj
                0x100068c8                multicore_launch_core1
 .text.memset   0x10006910       0x9c C:/Users/j7517/.pico-sdk/toolchain/14_2_Rel1/bin/../lib/gcc/arm-none-eabi/14.2.1/thumb/v8-m.main+fp/softfp\libg.a(libc_a-memset.o)
                0x10006910                memset
 .text          0x100069ac       0xec C:/Users/j7517/.pico-sdk/toolchain/14_2_Rel1/bin/../lib/gcc/arm-none-eabi/14.2.1/thumb/v8-m.main+fp/softfp\libg.a(libc_a-memcpy.o)
                0x100069ac                memcpy
 .text.strlen   0x10006a98       0x5c C:/Users/j7517/.pico-sdk/toolchain/14_2_Rel1/bin/../lib/gcc/arm-none-eabi/14.2.1/thumb/v8-m.main+fp/softfp\libg.a(libc_a-strlen-stub.o)
                0x10006a98                strlen
 *(.fini)
 .fini          0x10006af4        0x4 C:/Users/j7517/.pico-sdk/toolchain/14_2_Rel1/bin/../lib/gcc/arm-none-eabi/14.2.1/thumb/v8-m.main+fp/softfp/crti.o
                0x10006af4                _fini
 .fini.__stub   0x10006af8       0x50 linker stubs
 *crtbegin.o(.ctors)
 *crtbegin?.o(.ctors)
 *(EXCLUDE_FILE(*crtend.o *crtend?.o) .ctors)
 *(SORT_BY_NAME(.ctors.*))
 *(.ctors)
 *crtbegin.o(.dtors)
 *crtbegin?.o(.dtors)
 *(EXCLUDE_FILE(*crtend.o *crtend?.o) .dtors)
 *(SORT_BY_NAME(.dtors.*))
 *(.dtors)
                0x10006b48                        . = ALIGN (0x4)
                0x10006b48                        PROVIDE (__preinit_array_start = .)
 *(SORT_BY_NAME(.preinit_array.*))
 .preinit_array.00050
                0x10006b48        0x4 CMakeFiles/DCSBiosRP2350.dir/C_/Users/j7517/.pico-sdk/sdk/2.1.1/src/rp2_common/pico_runtime_init/runtime_init.c.obj
                0x10006b48                __pre_init_runtime_init_bootrom_reset
 .preinit_array.00100
                0x10006b4c        0x4 CMakeFiles/DCSBiosRP2350.dir/C_/Users/j7517/.pico-sdk/sdk/2.1.1/src/rp2_common/pico_runtime_init/runtime_init.c.obj
                0x10006b4c                __pre_init_runtime_init_early_resets
 .preinit_array.00101
                0x10006b50        0x4 CMakeFiles/DCSBiosRP2350.dir/C_/Users/j7517/.pico-sdk/sdk/2.1.1/src/rp2_common/pico_runtime_init/runtime_init.c.obj
                0x10006b50                __pre_init_runtime_init_usb_power_down
 .preinit_array.00500
                0x10006b54        0x4 CMakeFiles/DCSBiosRP2350.dir/C_/Users/j7517/.pico-sdk/sdk/2.1.1/src/rp2_common/pico_runtime_init/runtime_init.c.obj
                0x10006b54                __pre_init_runtime_init_clocks
 .preinit_array.00600
                0x10006b58        0x4 CMakeFiles/DCSBiosRP2350.dir/C_/Users/j7517/.pico-sdk/sdk/2.1.1/src/rp2_common/pico_runtime_init/runtime_init.c.obj
                0x10006b58                __pre_init_runtime_init_post_clock_resets
 .preinit_array.01000
                0x10006b5c        0x4 CMakeFiles/DCSBiosRP2350.dir/C_/Users/j7517/.pico-sdk/sdk/2.1.1/src/rp2_common/hardware_boot_lock/boot_lock.c.obj
                0x10006b5c                __pre_init_runtime_init_boot_locks_reset
 .preinit_array.01000
                0x10006b60        0x4 CMakeFiles/DCSBiosRP2350.dir/C_/Users/j7517/.pico-sdk/sdk/2.1.1/src/rp2_common/pico_runtime_init/runtime_init.c.obj
                0x10006b60                __pre_init_runtime_init_spin_locks_reset
 .preinit_array.01010
                0x10006b64        0x4 CMakeFiles/DCSBiosRP2350.dir/C_/Users/j7517/.pico-sdk/sdk/2.1.1/src/rp2_common/pico_bootrom/bootrom_lock.c.obj
                0x10006b64                __pre_init_runtime_init_bootrom_locking_enable
 .preinit_array.01100
                0x10006b68        0x4 CMakeFiles/DCSBiosRP2350.dir/C_/Users/j7517/.pico-sdk/sdk/2.1.1/src/common/pico_sync/mutex.c.obj
                0x10006b68                __pre_init_runtime_init_mutex
 .preinit_array.10080
                0x10006b6c        0x4 CMakeFiles/DCSBiosRP2350.dir/C_/Users/j7517/.pico-sdk/sdk/2.1.1/src/rp2_common/pico_runtime_init/runtime_init.c.obj
                0x10006b6c                __pre_init_runtime_init_install_ram_vector_table
 .preinit_array.11000
                0x10006b70        0x4 CMakeFiles/DCSBiosRP2350.dir/C_/Users/j7517/.pico-sdk/sdk/2.1.1/src/common/pico_time/time.c.obj
                0x10006b70                __pre_init_runtime_init_default_alarm_pool
 .preinit_array.YYYYY
                0x10006b74        0x4 CMakeFiles/DCSBiosRP2350.dir/C_/Users/j7517/.pico-sdk/sdk/2.1.1/src/rp2_common/pico_runtime/runtime.c.obj
                0x10006b74                __pre_init_first_per_core_initializer
 .preinit_array.ZZZZZ.00051
                0x10006b78        0x4 CMakeFiles/DCSBiosRP2350.dir/C_/Users/j7517/.pico-sdk/sdk/2.1.1/src/rp2_common/pico_runtime_init/runtime_init.c.obj
                0x10006b78                __pre_init_runtime_init_per_core_bootrom_reset
 .preinit_array.ZZZZZ.00200
                0x10006b7c        0x4 CMakeFiles/DCSBiosRP2350.dir/C_/Users/j7517/.pico-sdk/sdk/2.1.1/src/rp2_common/pico_runtime_init/runtime_init.c.obj
                0x10006b7c                __pre_init_runtime_init_per_core_enable_coprocessors
 .preinit_array.ZZZZZ.01000
                0x10006b80        0x4 CMakeFiles/DCSBiosRP2350.dir/C_/Users/j7517/.pico-sdk/sdk/2.1.1/src/rp2_common/hardware_sync_spin_lock/sync_spin_lock.c.obj
                0x10006b80                __pre_init_spinlock_set_extexclall
 .preinit_array.ZZZZZ.01200
                0x10006b84        0x4 CMakeFiles/DCSBiosRP2350.dir/C_/Users/j7517/.pico-sdk/sdk/2.1.1/src/rp2_common/hardware_irq/irq.c.obj
                0x10006b84                __pre_init_runtime_init_per_core_irq_priorities
 *(.preinit_array)
                0x10006b88                        PROVIDE (__preinit_array_end = .)
                0x10006b88                        . = ALIGN (0x4)
                0x10006b88                        PROVIDE (__init_array_start = .)
 *(SORT_BY_NAME(.init_array.*))
 *(.init_array)
 .init_array    0x10006b88        0x4 C:/Users/j7517/.pico-sdk/toolchain/14_2_Rel1/bin/../lib/gcc/arm-none-eabi/14.2.1/thumb/v8-m.main+fp/softfp/crtbegin.o
 .init_array    0x10006b8c        0x4 CMakeFiles/DCSBiosRP2350.dir/test_programs/RS485_test_master.cpp.obj
 .init_array    0x10006b90        0x4 CMakeFiles/DCSBiosRP2350.dir/C_/Users/j7517/.pico-sdk/sdk/2.1.1/src/rp2_common/pico_unique_id/unique_id.c.obj
                0x10006b94                        PROVIDE (__init_array_end = .)
                0x10006b94                        . = ALIGN (0x4)
                [!provide]                        PROVIDE (__fini_array_start = .)
 *(SORT_BY_NAME(.fini_array.*))
 *(.fini_array)
                [!provide]                        PROVIDE (__fini_array_end = .)
 *(.eh_frame*)
 .eh_frame      0x10006b94        0x0 C:/Users/j7517/.pico-sdk/toolchain/14_2_Rel1/bin/../lib/gcc/arm-none-eabi/14.2.1/thumb/v8-m.main+fp/softfp/crtbegin.o
                0x10006b94                        . = ALIGN (0x4)

.glue_7         0x10006b94        0x0
 .glue_7        0x10006b94        0x0 linker stubs

.glue_7t        0x10006b94        0x0
 .glue_7t       0x10006b94        0x0 linker stubs

.vfp11_veneer   0x10006b94        0x0
 .vfp11_veneer  0x10006b94        0x0 linker stubs

.v4_bx          0x10006b94        0x0
 .v4_bx         0x10006b94        0x0 linker stubs

.iplt           0x10006b94        0x0
 .iplt          0x10006b94        0x0 C:/Users/j7517/.pico-sdk/toolchain/14_2_Rel1/bin/../lib/gcc/arm-none-eabi/14.2.1/thumb/v8-m.main+fp/softfp/crtbegin.o

.boot2          0x10006b94        0x0
                0x10006b94                        __boot2_start__ = .
 *(.boot2)
                0x10006b94                        __boot2_end__ = .
                0x00000001                        ASSERT (((__boot2_end__ - __boot2_start__) <= 0x100), ERROR: Pico second stage bootloader must be no more than 256 bytes in size)

.rodata         0x10006b98      0x514
 *(EXCLUDE_FILE(*libm.a: *libc.a:*lib_a-mem*.o *libgcc.a:) .rodata*)
 .rodata._ZN7DcsBios5setupEv.str1.4
                0x10006b98      0x280 CMakeFiles/DCSBiosRP2350.dir/test_programs/RS485_test_master.cpp.obj
                                 0x1a (size before relaxing)
 .rodata.main.str1.4
                0x10006e18       0x99 CMakeFiles/DCSBiosRP2350.dir/test_programs/RS485_test_master.cpp.obj
 .rodata._ZTVN7DcsBios20ExportStreamListenerE
                0x10006e18       0x14 CMakeFiles/DCSBiosRP2350.dir/test_programs/RS485_test_master.cpp.obj
                0x10006e18                vtable for DcsBios::ExportStreamListener
 .rodata._ZTVN7DcsBios13IntegerBufferE
                0x10006e2c       0x14 CMakeFiles/DCSBiosRP2350.dir/test_programs/RS485_test_master.cpp.obj
                0x10006e2c                vtable for DcsBios::IntegerBuffer
 .rodata._ZN7DcsBios25core1_rs485_terminal_taskEv.str1.4
                0x10006e40       0x36 CMakeFiles/DCSBiosRP2350.dir/src/internal/core1_tasks.cpp.obj
 .rodata._ZN7DcsBios15core1_host_taskEv.str1.4
                0x10006e40        0x3 CMakeFiles/DCSBiosRP2350.dir/src/internal/core1_tasks.cpp.obj
 .rodata._ZN7DcsBios16core1_slave_taskEv.str1.4
                0x10006e40       0x11 CMakeFiles/DCSBiosRP2350.dir/src/internal/core1_tasks.cpp.obj
 .rodata.panic.str1.4
                0x10006e40       0x12 CMakeFiles/DCSBiosRP2350.dir/C_/Users/j7517/.pico-sdk/sdk/2.1.1/src/rp2_common/pico_platform_panic/panic.c.obj
 .rodata.spin_lock_claim_unused.str1.4
                0x10006e40       0x1b CMakeFiles/DCSBiosRP2350.dir/C_/Users/j7517/.pico-sdk/sdk/2.1.1/src/rp2_common/hardware_sync/sync.c.obj
 .rodata.user_irq_claim_unused.str1.4
                0x10006e40       0x1b CMakeFiles/DCSBiosRP2350.dir/C_/Users/j7517/.pico-sdk/sdk/2.1.1/src/rp2_common/hardware_irq/irq.c.obj
 .rodata.timer_hardware_alarm_claim.str1.4
                0x10006e40       0x22 CMakeFiles/DCSBiosRP2350.dir/C_/Users/j7517/.pico-sdk/sdk/2.1.1/src/rp2_common/hardware_timer/timer.c.obj
 .rodata.hard_assertion_failure.str1.4
                0x10006e40        0xc CMakeFiles/DCSBiosRP2350.dir/C_/Users/j7517/.pico-sdk/sdk/2.1.1/src/rp2_common/pico_runtime/runtime.c.obj
 .rodata.str1.4
                0x10006e40       0x48 CMakeFiles/DCSBiosRP2350.dir/C_/Users/j7517/.pico-sdk/sdk/2.1.1/src/rp2_common/pico_standard_binary_info/standard_binary_info.c.obj
 .rodata.__bi_84
                0x10006e40        0xc CMakeFiles/DCSBiosRP2350.dir/C_/Users/j7517/.pico-sdk/sdk/2.1.1/src/rp2_common/pico_standard_binary_info/standard_binary_info.c.obj
 .rodata.__bi_78
                0x10006e4c        0xc CMakeFiles/DCSBiosRP2350.dir/C_/Users/j7517/.pico-sdk/sdk/2.1.1/src/rp2_common/pico_standard_binary_info/standard_binary_info.c.obj
 .rodata.__bi_60
                0x10006e58        0xc CMakeFiles/DCSBiosRP2350.dir/C_/Users/j7517/.pico-sdk/sdk/2.1.1/src/rp2_common/pico_standard_binary_info/standard_binary_info.c.obj
 .rodata.__bi_54
                0x10006e64        0xc CMakeFiles/DCSBiosRP2350.dir/C_/Users/j7517/.pico-sdk/sdk/2.1.1/src/rp2_common/pico_standard_binary_info/standard_binary_info.c.obj
 .rodata.__bi_48
                0x10006e70        0xc CMakeFiles/DCSBiosRP2350.dir/C_/Users/j7517/.pico-sdk/sdk/2.1.1/src/rp2_common/pico_standard_binary_info/standard_binary_info.c.obj
 .rodata.__bi_42
                0x10006e7c        0xc CMakeFiles/DCSBiosRP2350.dir/C_/Users/j7517/.pico-sdk/sdk/2.1.1/src/rp2_common/pico_standard_binary_info/standard_binary_info.c.obj
 .rodata.__bi_34
                0x10006e88        0xc CMakeFiles/DCSBiosRP2350.dir/C_/Users/j7517/.pico-sdk/sdk/2.1.1/src/rp2_common/pico_standard_binary_info/standard_binary_info.c.obj
 .rodata.__bi_26
                0x10006e94        0xc CMakeFiles/DCSBiosRP2350.dir/C_/Users/j7517/.pico-sdk/sdk/2.1.1/src/rp2_common/pico_standard_binary_info/standard_binary_info.c.obj
 .rodata._ftoa.str1.4
                0x10006ea0       0x15 CMakeFiles/DCSBiosRP2350.dir/C_/Users/j7517/.pico-sdk/sdk/2.1.1/src/rp2_common/pico_printf/printf.c.obj
 .rodata.pow10.0
                0x10006ea0       0x50 CMakeFiles/DCSBiosRP2350.dir/C_/Users/j7517/.pico-sdk/sdk/2.1.1/src/rp2_common/pico_printf/printf.c.obj
 .rodata.crlf_str.0
                0x10006ef0        0x2 CMakeFiles/DCSBiosRP2350.dir/C_/Users/j7517/.pico-sdk/sdk/2.1.1/src/rp2_common/pico_stdio/stdio.c.obj
 *fill*         0x10006ef2        0x2 
 .rodata._resetd_driver
                0x10006ef4       0x20 CMakeFiles/DCSBiosRP2350.dir/C_/Users/j7517/.pico-sdk/sdk/2.1.1/src/rp2_common/pico_stdio_usb/reset_interface.c.obj
 .rodata.desc_ms_os_20
                0x10006f14       0xa6 CMakeFiles/DCSBiosRP2350.dir/C_/Users/j7517/.pico-sdk/sdk/2.1.1/src/rp2_common/pico_stdio_usb/reset_interface.c.obj
 *fill*         0x10006fba        0x2 
 .rodata.desc_bos
                0x10006fbc       0x21 CMakeFiles/DCSBiosRP2350.dir/C_/Users/j7517/.pico-sdk/sdk/2.1.1/src/rp2_common/pico_stdio_usb/reset_interface.c.obj
                0x10006fbc                desc_bos
 .rodata.str1.4
                0x10006fdd       0x13 CMakeFiles/DCSBiosRP2350.dir/C_/Users/j7517/.pico-sdk/sdk/2.1.1/src/rp2_common/pico_stdio_usb/stdio_usb.c.obj
 *fill*         0x10006fdd        0x3 
 .rodata.__bi_197.0
                0x10006fe0        0xc CMakeFiles/DCSBiosRP2350.dir/C_/Users/j7517/.pico-sdk/sdk/2.1.1/src/rp2_common/pico_stdio_usb/stdio_usb.c.obj
 .rodata.str1.4
                0x10006fec       0x2a CMakeFiles/DCSBiosRP2350.dir/C_/Users/j7517/.pico-sdk/sdk/2.1.1/src/rp2_common/pico_stdio_usb/stdio_usb_descriptors.c.obj
 .rodata.usbd_desc_str
                0x10006fec       0x18 CMakeFiles/DCSBiosRP2350.dir/C_/Users/j7517/.pico-sdk/sdk/2.1.1/src/rp2_common/pico_stdio_usb/stdio_usb_descriptors.c.obj
 .rodata.usbd_desc_cfg
                0x10007004       0x54 CMakeFiles/DCSBiosRP2350.dir/C_/Users/j7517/.pico-sdk/sdk/2.1.1/src/rp2_common/pico_stdio_usb/stdio_usb_descriptors.c.obj
 .rodata.usbd_desc_device
                0x10007058       0x12 CMakeFiles/DCSBiosRP2350.dir/C_/Users/j7517/.pico-sdk/sdk/2.1.1/src/rp2_common/pico_stdio_usb/stdio_usb_descriptors.c.obj
 .rodata.str1.4
                0x1000706a       0x14 CMakeFiles/DCSBiosRP2350.dir/C_/Users/j7517/.pico-sdk/sdk/2.1.1/lib/tinyusb/src/portable/raspberrypi/rp2040/dcd_rp2040.c.obj
 .rodata.str1.4
                0x1000706a       0x48 CMakeFiles/DCSBiosRP2350.dir/C_/Users/j7517/.pico-sdk/sdk/2.1.1/lib/tinyusb/src/portable/raspberrypi/rp2040/rp2040_usb.c.obj
 *fill*         0x1000706a        0x2 
 .rodata._usbd_driver
                0x1000706c       0x40 CMakeFiles/DCSBiosRP2350.dir/C_/Users/j7517/.pico-sdk/sdk/2.1.1/lib/tinyusb/src/device/usbd.c.obj
 *(.srodata*)
                0x100070ac                        . = ALIGN (0x4)
 *(SORT_BY_ALIGNMENT(SORT_BY_NAME(.flashdata*)))
                0x100070ac                        . = ALIGN (0x4)

.ARM.extab
 *(.ARM.extab* .gnu.linkonce.armextab.*)
                0x100070ac                        __exidx_start = .

.ARM.exidx      0x100070ac        0x8
 *(.ARM.exidx* .gnu.linkonce.armexidx.*)
 .ARM.exidx     0x100070ac        0x8 C:/Users/j7517/.pico-sdk/toolchain/14_2_Rel1/bin/../lib/gcc/arm-none-eabi/14.2.1/thumb/v8-m.main+fp/softfp\libg.a(libc_a-memcpy.o)
 .ARM.exidx.text.__udivmoddi4
                0x100070b4        0x0 C:/Users/j7517/.pico-sdk/toolchain/14_2_Rel1/bin/../lib/gcc/arm-none-eabi/14.2.1/thumb/v8-m.main+fp/softfp\libgcc.a(_udivmoddi4.o)
                                  0x8 (size before relaxing)
                0x100070b4                        __exidx_end = .
                0x100070b4                        . = ALIGN (0x4)
                0x100070b4                        __binary_info_start = .

.binary_info    0x100070b4       0x24
 *(.binary_info.keep.*)
 .binary_info.keep.__bi_ptr84
                0x100070b4        0x4 CMakeFiles/DCSBiosRP2350.dir/C_/Users/j7517/.pico-sdk/sdk/2.1.1/src/rp2_common/pico_standard_binary_info/standard_binary_info.c.obj
 .binary_info.keep.__bi_ptr78
                0x100070b8        0x4 CMakeFiles/DCSBiosRP2350.dir/C_/Users/j7517/.pico-sdk/sdk/2.1.1/src/rp2_common/pico_standard_binary_info/standard_binary_info.c.obj
 .binary_info.keep.__bi_ptr60
                0x100070bc        0x4 CMakeFiles/DCSBiosRP2350.dir/C_/Users/j7517/.pico-sdk/sdk/2.1.1/src/rp2_common/pico_standard_binary_info/standard_binary_info.c.obj
 .binary_info.keep.__bi_ptr54
                0x100070c0        0x4 CMakeFiles/DCSBiosRP2350.dir/C_/Users/j7517/.pico-sdk/sdk/2.1.1/src/rp2_common/pico_standard_binary_info/standard_binary_info.c.obj
 .binary_info.keep.__bi_ptr48
                0x100070c4        0x4 CMakeFiles/DCSBiosRP2350.dir/C_/Users/j7517/.pico-sdk/sdk/2.1.1/src/rp2_common/pico_standard_binary_info/standard_binary_info.c.obj
 .binary_info.keep.__bi_ptr42
                0x100070c8        0x4 CMakeFiles/DCSBiosRP2350.dir/C_/Users/j7517/.pico-sdk/sdk/2.1.1/src/rp2_common/pico_standard_binary_info/standard_binary_info.c.obj
 .binary_info.keep.__bi_ptr34
                0x100070cc        0x4 CMakeFiles/DCSBiosRP2350.dir/C_/Users/j7517/.pico-sdk/sdk/2.1.1/src/rp2_common/pico_standard_binary_info/standard_binary_info.c.obj
 .binary_info.keep.__bi_ptr26
                0x100070d0        0x4 CMakeFiles/DCSBiosRP2350.dir/C_/Users/j7517/.pico-sdk/sdk/2.1.1/src/rp2_common/pico_standard_binary_info/standard_binary_info.c.obj
 *(.binary_info.*)
 .binary_info.__bi_ptr197
                0x100070d4        0x4 CMakeFiles/DCSBiosRP2350.dir/C_/Users/j7517/.pico-sdk/sdk/2.1.1/src/rp2_common/pico_stdio_usb/stdio_usb.c.obj
                0x100070d8                        __binary_info_end = .
                0x100070d8                        . = ALIGN (0x4)

.ram_vector_table
                0x20000000      0x110
 *(.ram_vector_table)
 .ram_vector_table
                0x20000000      0x110 CMakeFiles/DCSBiosRP2350.dir/C_/Users/j7517/.pico-sdk/sdk/2.1.1/src/rp2_common/pico_runtime_init/runtime_init.c.obj
                0x20000000                ram_vector_table

.uninitialized_data
                0x20000110        0x0
                0x20000110                        . = ALIGN (0x4)
 *(.uninitialized_data*)

.data           0x20000110     0x1120 load address 0x100070d8
                0x20000110                        __data_start__ = .
 *(vtable)
 *(.time_critical*)
 .time_critical.mutex_try_enter
                0x20000110       0x50 CMakeFiles/DCSBiosRP2350.dir/C_/Users/j7517/.pico-sdk/sdk/2.1.1/src/common/pico_sync/mutex.c.obj
                0x20000110                mutex_try_enter
 .time_critical.mutex_enter_block_until
                0x20000160       0x6c CMakeFiles/DCSBiosRP2350.dir/C_/Users/j7517/.pico-sdk/sdk/2.1.1/src/common/pico_sync/mutex.c.obj
                0x20000160                mutex_enter_block_until
 .time_critical.mutex_try_enter_block_until
                0x200001cc       0x68 CMakeFiles/DCSBiosRP2350.dir/C_/Users/j7517/.pico-sdk/sdk/2.1.1/src/common/pico_sync/mutex.c.obj
                0x200001cc                mutex_try_enter_block_until
 .time_critical.mutex_enter_timeout_ms
                0x20000234       0x38 CMakeFiles/DCSBiosRP2350.dir/C_/Users/j7517/.pico-sdk/sdk/2.1.1/src/common/pico_sync/mutex.c.obj
                0x20000234                mutex_enter_timeout_ms
 .time_critical.mutex_exit
                0x2000026c       0x3c CMakeFiles/DCSBiosRP2350.dir/C_/Users/j7517/.pico-sdk/sdk/2.1.1/src/common/pico_sync/mutex.c.obj
                0x2000026c                mutex_exit
 .time_critical.reset_non_control_endpoints
                0x200002a8       0x64 CMakeFiles/DCSBiosRP2350.dir/C_/Users/j7517/.pico-sdk/sdk/2.1.1/lib/tinyusb/src/portable/raspberrypi/rp2040/dcd_rp2040.c.obj
 .time_critical.hw_handle_buff_status
                0x2000030c       0x90 CMakeFiles/DCSBiosRP2350.dir/C_/Users/j7517/.pico-sdk/sdk/2.1.1/lib/tinyusb/src/portable/raspberrypi/rp2040/dcd_rp2040.c.obj
 .time_critical.dcd_rp2040_irq
                0x2000039c      0x530 CMakeFiles/DCSBiosRP2350.dir/C_/Users/j7517/.pico-sdk/sdk/2.1.1/lib/tinyusb/src/portable/raspberrypi/rp2040/dcd_rp2040.c.obj
 .time_critical.prepare_ep_buffer
                0x200008cc       0xc0 CMakeFiles/DCSBiosRP2350.dir/C_/Users/j7517/.pico-sdk/sdk/2.1.1/lib/tinyusb/src/portable/raspberrypi/rp2040/rp2040_usb.c.obj
 .time_critical.sync_ep_buffer
                0x2000098c       0xb4 CMakeFiles/DCSBiosRP2350.dir/C_/Users/j7517/.pico-sdk/sdk/2.1.1/lib/tinyusb/src/portable/raspberrypi/rp2040/rp2040_usb.c.obj
 .time_critical._hw_endpoint_xfer_sync
                0x20000a40       0x2c CMakeFiles/DCSBiosRP2350.dir/C_/Users/j7517/.pico-sdk/sdk/2.1.1/lib/tinyusb/src/portable/raspberrypi/rp2040/rp2040_usb.c.obj
 .time_critical.e15_is_bulkin_ep
                0x20000a6c       0x28 CMakeFiles/DCSBiosRP2350.dir/C_/Users/j7517/.pico-sdk/sdk/2.1.1/lib/tinyusb/src/portable/raspberrypi/rp2040/rp2040_usb.c.obj
 .time_critical.e15_is_critical_frame_period
                0x20000a94       0x28 CMakeFiles/DCSBiosRP2350.dir/C_/Users/j7517/.pico-sdk/sdk/2.1.1/lib/tinyusb/src/portable/raspberrypi/rp2040/rp2040_usb.c.obj
 .time_critical.hw_endpoint_reset_transfer
                0x20000abc        0xc CMakeFiles/DCSBiosRP2350.dir/C_/Users/j7517/.pico-sdk/sdk/2.1.1/lib/tinyusb/src/portable/raspberrypi/rp2040/rp2040_usb.c.obj
                0x20000abc                hw_endpoint_reset_transfer
 .time_critical._hw_endpoint_buffer_control_update32
                0x20000ac8       0x44 CMakeFiles/DCSBiosRP2350.dir/C_/Users/j7517/.pico-sdk/sdk/2.1.1/lib/tinyusb/src/portable/raspberrypi/rp2040/rp2040_usb.c.obj
                0x20000ac8                _hw_endpoint_buffer_control_update32
 .time_critical.hw_endpoint_start_next_buffer
                0x20000b0c       0x64 CMakeFiles/DCSBiosRP2350.dir/C_/Users/j7517/.pico-sdk/sdk/2.1.1/lib/tinyusb/src/portable/raspberrypi/rp2040/rp2040_usb.c.obj
                0x20000b0c                hw_endpoint_start_next_buffer
 .time_critical.hw_endpoint_xfer_continue
                0x20000b70       0x3c CMakeFiles/DCSBiosRP2350.dir/C_/Users/j7517/.pico-sdk/sdk/2.1.1/lib/tinyusb/src/portable/raspberrypi/rp2040/rp2040_usb.c.obj
                0x20000b70                hw_endpoint_xfer_continue
 .time_critical.tinyusb
                0x20000bac      0x224 CMakeFiles/DCSBiosRP2350.dir/C_/Users/j7517/.pico-sdk/sdk/2.1.1/lib/tinyusb/src/device/usbd.c.obj
                0x20000bac                dcd_event_handler
 *(.text*)
 .text          0x20000dd0       0x30 C:/Users/j7517/.pico-sdk/toolchain/14_2_Rel1/bin/../lib/gcc/arm-none-eabi/14.2.1/thumb/v8-m.main+fp/softfp\libgcc.a(_aeabi_uldivmod.o)
                0x20000dd0                __aeabi_uldivmod
 .text.__udivmoddi4
                0x20000e00      0x34c C:/Users/j7517/.pico-sdk/toolchain/14_2_Rel1/bin/../lib/gcc/arm-none-eabi/14.2.1/thumb/v8-m.main+fp/softfp\libgcc.a(_udivmoddi4.o)
                0x20000e00                __udivmoddi4
 .text          0x2000114c        0x4 C:/Users/j7517/.pico-sdk/toolchain/14_2_Rel1/bin/../lib/gcc/arm-none-eabi/14.2.1/thumb/v8-m.main+fp/softfp\libgcc.a(_dvmd_tls.o)
                0x2000114c                __aeabi_idiv0
                0x2000114c                __aeabi_ldiv0
 .text.__stub   0x20001150       0x30 linker stubs
                0x20001180                        . = ALIGN (0x4)
 *(.rodata*)
                0x20001180                        . = ALIGN (0x4)
 *(.data*)
 .data.rs485_uart
                0x20001180        0x4 CMakeFiles/DCSBiosRP2350.dir/test_programs/RS485_test_master.cpp.obj
                0x20001180                rs485_uart
 .data._ZZN7DcsBios16core1_slave_taskEvE17sendingNewMessage
                0x20001184        0x1 CMakeFiles/DCSBiosRP2350.dir/src/internal/core1_tasks.cpp.obj
 .data.striped_spin_lock_num
                0x20001185        0x1 CMakeFiles/DCSBiosRP2350.dir/C_/Users/j7517/.pico-sdk/sdk/2.1.1/src/rp2_common/hardware_sync/sync.c.obj
 *fill*         0x20001186        0x2 
 .data          0x20001188       0x48 CMakeFiles/DCSBiosRP2350.dir/C_/Users/j7517/.pico-sdk/sdk/2.1.1/src/rp2_common/hardware_irq/irq_handler_chain.S.obj
                0x20001188                irq_handler_chain_slots
                0x200011b8                irq_handler_chain_first_slot
                0x200011c2                irq_handler_chain_remove_tail
 .data.default_alarm_pool
                0x200011d0       0x18 CMakeFiles/DCSBiosRP2350.dir/C_/Users/j7517/.pico-sdk/sdk/2.1.1/src/common/pico_time/time.c.obj
 .data.stdio_usb
                0x200011e8       0x18 CMakeFiles/DCSBiosRP2350.dir/C_/Users/j7517/.pico-sdk/sdk/2.1.1/src/rp2_common/pico_stdio_usb/stdio_usb.c.obj
                0x200011e8                stdio_usb
 .data._usbd_qdef
                0x20001200       0x1c CMakeFiles/DCSBiosRP2350.dir/C_/Users/j7517/.pico-sdk/sdk/2.1.1/lib/tinyusb/src/device/usbd.c.obj
                0x20001200                _usbd_qdef
 .data._usbd_rhport
                0x2000121c        0x1 CMakeFiles/DCSBiosRP2350.dir/C_/Users/j7517/.pico-sdk/sdk/2.1.1/lib/tinyusb/src/device/usbd.c.obj
 *(.sdata*)
                0x20001220                        . = ALIGN (0x4)
 *fill*         0x2000121d        0x3 
 *(.after_data.*)
                0x20001220                        . = ALIGN (0x4)
                0x20001220                        PROVIDE (__mutex_array_start = .)
 *(SORT_BY_NAME(.mutex_array.*))
 *(.mutex_array)
 .mutex_array   0x20001220        0x8 CMakeFiles/DCSBiosRP2350.dir/C_/Users/j7517/.pico-sdk/sdk/2.1.1/src/rp2_common/pico_malloc/malloc.c.obj
 .mutex_array   0x20001228        0x8 CMakeFiles/DCSBiosRP2350.dir/C_/Users/j7517/.pico-sdk/sdk/2.1.1/src/rp2_common/pico_stdio/stdio.c.obj
                0x20001230                        PROVIDE (__mutex_array_end = .)
 *(.jcr)
                0x20001230                        . = ALIGN (0x4)

.tm_clone_table
                0x20001230        0x0 load address 0x100081f8
 .tm_clone_table
                0x20001230        0x0 C:/Users/j7517/.pico-sdk/toolchain/14_2_Rel1/bin/../lib/gcc/arm-none-eabi/14.2.1/thumb/v8-m.main+fp/softfp/crtbegin.o
 .tm_clone_table
                0x20001230        0x0 C:/Users/j7517/.pico-sdk/toolchain/14_2_Rel1/bin/../lib/gcc/arm-none-eabi/14.2.1/thumb/v8-m.main+fp/softfp/crtend.o

.igot.plt       0x20001230        0x0 load address 0x100081f8
 .igot.plt      0x20001230        0x0 C:/Users/j7517/.pico-sdk/toolchain/14_2_Rel1/bin/../lib/gcc/arm-none-eabi/14.2.1/thumb/v8-m.main+fp/softfp/crtbegin.o

.tdata          0x20001230        0x0 load address 0x100081f8
                0x20001230                        . = ALIGN (0x4)
 *(.tdata .tdata.* .gnu.linkonce.td.*)
                0x20001230                        __tdata_end = .
                0x20001230                        PROVIDE (__data_end__ = .)
                0x100070d8                        __etext = LOADADDR (.data)

.tbss           0x20001230        0x0 load address 0x100081f8
                0x20001230                        . = ALIGN (0x4)
                0x20001230                        __bss_start__ = .
                0x20001230                        __tls_base = .
 *(.tbss .tbss.* .gnu.linkonce.tb.*)
 *(.tcommon)
                0x20001230                        __tls_end = .

.bss            0x20001230      0xed4 load address 0x100081f8
                0x20001230                        . = ALIGN (0x4)
                0x20001230                        __tbss_end = .
 *(SORT_BY_ALIGNMENT(SORT_BY_NAME(.bss*)))
 .bss.default_alarm_pool_entries
                0x20001230      0x180 CMakeFiles/DCSBiosRP2350.dir/C_/Users/j7517/.pico-sdk/sdk/2.1.1/src/common/pico_time/time.c.obj
 .bss.last_avail_time.1
                0x200013b0        0x8 CMakeFiles/DCSBiosRP2350.dir/C_/Users/j7517/.pico-sdk/sdk/2.1.1/src/rp2_common/pico_stdio_usb/stdio_usb.c.obj
 .bss._ZN7DcsBios12PollingInput17firstPollingInputE
                0x200013b8        0x4 CMakeFiles/DCSBiosRP2350.dir/src/internal/Protocol.cpp.obj
                0x200013b8                DcsBios::PollingInput::firstPollingInput
 .bss._ZN7DcsBios16currentBoardModeE
                0x200013bc        0x8 CMakeFiles/DCSBiosRP2350.dir/src/internal/BoardMode.cpp.obj
                0x200013bc                DcsBios::currentBoardMode
 .bss._ZN7DcsBios20ExportStreamListener25firstExportStreamListenerE
                0x200013c4        0x4 CMakeFiles/DCSBiosRP2350.dir/src/internal/Protocol.cpp.obj
                0x200013c4                DcsBios::ExportStreamListener::firstExportStreamListener
 .bss._ZN7DcsBios6parserE
                0x200013c8       0x5c CMakeFiles/DCSBiosRP2350.dir/test_programs/RS485_test_master.cpp.obj
                0x200013c8                DcsBios::parser
 .bss._ZN7DcsBiosL11_rs485_uartE
                0x20001424        0x4 CMakeFiles/DCSBiosRP2350.dir/src/internal/rs485.cpp.obj
 .bss._ZN7DcsBiosL12heartbeatPinE
                0x20001428        0x4 CMakeFiles/DCSBiosRP2350.dir/src/internal/heartbeat.cpp.obj
 .bss._ZN7DcsBiosL13_rs485_en_pinE
                0x2000142c        0x4 CMakeFiles/DCSBiosRP2350.dir/src/internal/rs485.cpp.obj
 .bss._ZN7DcsBiosL13lastHeartbeatE
                0x20001430        0x4 CMakeFiles/DCSBiosRP2350.dir/src/internal/heartbeat.cpp.obj
 .bss._ZZN7DcsBios15core1_host_taskEvE11slaveBuffer
                0x20001434       0x80 CMakeFiles/DCSBiosRP2350.dir/src/internal/core1_tasks.cpp.obj
 .bss._ZZN7DcsBios16core1_slave_taskEvE13outgoingIndex
                0x200014b4        0x4 CMakeFiles/DCSBiosRP2350.dir/src/internal/core1_tasks.cpp.obj
 .bss._ZZN7DcsBios16core1_slave_taskEvE14outgoingBuffer
                0x200014b8       0x80 CMakeFiles/DCSBiosRP2350.dir/src/internal/core1_tasks.cpp.obj
 .bss._ZZN7DcsBios25core1_rs485_terminal_taskEvE14usbInputBuffer
                0x20001538       0x80 CMakeFiles/DCSBiosRP2350.dir/src/internal/core1_tasks.cpp.obj
 .bss._ZZN7DcsBios25core1_rs485_terminal_taskEvE16rs485InputBuffer
                0x200015b8       0x80 CMakeFiles/DCSBiosRP2350.dir/src/internal/core1_tasks.cpp.obj
 .bss._app_driver
                0x20001638        0x4 CMakeFiles/DCSBiosRP2350.dir/C_/Users/j7517/.pico-sdk/sdk/2.1.1/lib/tinyusb/src/device/usbd.c.obj
 .bss._cdcd_epbuf
                0x2000163c       0x80 CMakeFiles/DCSBiosRP2350.dir/C_/Users/j7517/.pico-sdk/sdk/2.1.1/lib/tinyusb/src/class/cdc/cdc_device.c.obj
 .bss._cdcd_fifo_cfg
                0x200016bc        0x1 CMakeFiles/DCSBiosRP2350.dir/C_/Users/j7517/.pico-sdk/sdk/2.1.1/lib/tinyusb/src/class/cdc/cdc_device.c.obj
 *fill*         0x200016bd        0x3 
 .bss._cdcd_itf
                0x200016c0       0xc8 CMakeFiles/DCSBiosRP2350.dir/C_/Users/j7517/.pico-sdk/sdk/2.1.1/lib/tinyusb/src/class/cdc/cdc_device.c.obj
 .bss._ctrl_epbuf
                0x20001788       0x40 CMakeFiles/DCSBiosRP2350.dir/C_/Users/j7517/.pico-sdk/sdk/2.1.1/lib/tinyusb/src/device/usbd_control.c.obj
 .bss._ctrl_xfer
                0x200017c8       0x14 CMakeFiles/DCSBiosRP2350.dir/C_/Users/j7517/.pico-sdk/sdk/2.1.1/lib/tinyusb/src/device/usbd_control.c.obj
 .bss._sw_spin_locks
                0x200017dc       0x20 CMakeFiles/DCSBiosRP2350.dir/C_/Users/j7517/.pico-sdk/sdk/2.1.1/src/rp2_common/hardware_sync_spin_lock/sync_spin_lock.c.obj
                0x200017dc                _sw_spin_locks
 .bss._tusb_rhport_role
                0x200017fc        0x2 CMakeFiles/DCSBiosRP2350.dir/C_/Users/j7517/.pico-sdk/sdk/2.1.1/lib/tinyusb/src/tusb.c.obj
                0x200017fc                _tusb_rhport_role
 *fill*         0x200017fe        0x2 
 .bss._ubsd_mutexdef
                0x20001800        0x8 CMakeFiles/DCSBiosRP2350.dir/C_/Users/j7517/.pico-sdk/sdk/2.1.1/lib/tinyusb/src/device/usbd.c.obj
 .bss._usbd_dev
                0x20001808       0x54 CMakeFiles/DCSBiosRP2350.dir/C_/Users/j7517/.pico-sdk/sdk/2.1.1/lib/tinyusb/src/device/usbd.c.obj
 .bss._usbd_mutex
                0x2000185c        0x4 CMakeFiles/DCSBiosRP2350.dir/C_/Users/j7517/.pico-sdk/sdk/2.1.1/lib/tinyusb/src/device/usbd.c.obj
 .bss._usbd_q   0x20001860        0x4 CMakeFiles/DCSBiosRP2350.dir/C_/Users/j7517/.pico-sdk/sdk/2.1.1/lib/tinyusb/src/device/usbd.c.obj
 .bss._usbd_qdef_buf
                0x20001864       0xc0 CMakeFiles/DCSBiosRP2350.dir/C_/Users/j7517/.pico-sdk/sdk/2.1.1/lib/tinyusb/src/device/usbd.c.obj
                0x20001864                _usbd_qdef_buf
 .bss._vendord_epbuf
                0x20001924       0x80 CMakeFiles/DCSBiosRP2350.dir/C_/Users/j7517/.pico-sdk/sdk/2.1.1/lib/tinyusb/src/class/vendor/vendor_device.c.obj
 .bss._vendord_itf
                0x200019a4      0x24c CMakeFiles/DCSBiosRP2350.dir/C_/Users/j7517/.pico-sdk/sdk/2.1.1/lib/tinyusb/src/class/vendor/vendor_device.c.obj
 .bss.chars_available_callback
                0x20001bf0        0x4 CMakeFiles/DCSBiosRP2350.dir/C_/Users/j7517/.pico-sdk/sdk/2.1.1/src/rp2_common/pico_stdio_usb/stdio_usb.c.obj
 .bss.chars_available_param
                0x20001bf4        0x4 CMakeFiles/DCSBiosRP2350.dir/C_/Users/j7517/.pico-sdk/sdk/2.1.1/src/rp2_common/pico_stdio_usb/stdio_usb.c.obj
 .bss.claimed   0x20001bf8        0x4 CMakeFiles/DCSBiosRP2350.dir/C_/Users/j7517/.pico-sdk/sdk/2.1.1/src/rp2_common/hardware_sync/sync.c.obj
 .bss.claimed   0x20001bfc        0x2 CMakeFiles/DCSBiosRP2350.dir/C_/Users/j7517/.pico-sdk/sdk/2.1.1/src/rp2_common/hardware_timer/timer.c.obj
 *fill*         0x20001bfe        0x2 
 .bss.configured_freq
                0x20001c00       0x28 CMakeFiles/DCSBiosRP2350.dir/C_/Users/j7517/.pico-sdk/sdk/2.1.1/src/rp2_common/hardware_clocks/clocks.c.obj
 .bss.desc_str.0
                0x20001c28       0x28 CMakeFiles/DCSBiosRP2350.dir/C_/Users/j7517/.pico-sdk/sdk/2.1.1/src/rp2_common/pico_stdio_usb/stdio_usb_descriptors.c.obj
 .bss.drivers   0x20001c50        0x4 CMakeFiles/DCSBiosRP2350.dir/C_/Users/j7517/.pico-sdk/sdk/2.1.1/src/rp2_common/pico_stdio/stdio.c.obj
 .bss.e15_last_sof
                0x20001c54        0x4 CMakeFiles/DCSBiosRP2350.dir/C_/Users/j7517/.pico-sdk/sdk/2.1.1/lib/tinyusb/src/portable/raspberrypi/rp2040/rp2040_usb.c.obj
                0x20001c54                e15_last_sof
 .bss.filter    0x20001c58        0x4 CMakeFiles/DCSBiosRP2350.dir/C_/Users/j7517/.pico-sdk/sdk/2.1.1/src/rp2_common/pico_stdio/stdio.c.obj
 .bss.hw_endpoints
                0x20001c5c      0x400 CMakeFiles/DCSBiosRP2350.dir/C_/Users/j7517/.pico-sdk/sdk/2.1.1/lib/tinyusb/src/portable/raspberrypi/rp2040/dcd_rp2040.c.obj
 .bss.lastBrightness
                0x2000205c        0x4 CMakeFiles/DCSBiosRP2350.dir/test_programs/RS485_test_master.cpp.obj
                0x2000205c                lastBrightness
 .bss.lazy_vsnprintf
                0x20002060        0x4 CMakeFiles/DCSBiosRP2350.dir/C_/Users/j7517/.pico-sdk/sdk/2.1.1/src/rp2_common/pico_printf/printf.c.obj
 .bss.load_value
                0x20002064        0x4 CMakeFiles/DCSBiosRP2350.dir/C_/Users/j7517/.pico-sdk/sdk/2.1.1/src/rp2_common/hardware_watchdog/watchdog.c.obj
 .bss.next_buffer_ptr
                0x20002068        0x4 CMakeFiles/DCSBiosRP2350.dir/C_/Users/j7517/.pico-sdk/sdk/2.1.1/lib/tinyusb/src/portable/raspberrypi/rp2040/dcd_rp2040.c.obj
 .bss.object.0  0x2000206c       0x18 C:/Users/j7517/.pico-sdk/toolchain/14_2_Rel1/bin/../lib/gcc/arm-none-eabi/14.2.1/thumb/v8-m.main+fp/softfp/crtbegin.o
 .bss.one_shot_timer_crit_sec
                0x20002084        0x8 CMakeFiles/DCSBiosRP2350.dir/C_/Users/j7517/.pico-sdk/sdk/2.1.1/src/rp2_common/pico_stdio_usb/stdio_usb.c.obj
 .bss.pltIntLightConsoleBrightnessBuffer
                0x2000208c       0x20 CMakeFiles/DCSBiosRP2350.dir/test_programs/RS485_test_master.cpp.obj
                0x2000208c                pltIntLightConsoleBrightnessBuffer
 .bss.pools     0x200020ac       0x20 CMakeFiles/DCSBiosRP2350.dir/C_/Users/j7517/.pico-sdk/sdk/2.1.1/src/common/pico_time/time.c.obj
 .bss.retrieved_id
                0x200020cc        0x8 CMakeFiles/DCSBiosRP2350.dir/C_/Users/j7517/.pico-sdk/sdk/2.1.1/src/rp2_common/pico_unique_id/unique_id.c.obj
 .bss.sleep_notifier
                0x200020d4        0x4 CMakeFiles/DCSBiosRP2350.dir/C_/Users/j7517/.pico-sdk/sdk/2.1.1/src/common/pico_time/time.c.obj
 .bss.stdio_usb_mutex